============================================================
  Generated by:           Genus(TM) Synthesis Solution 22.17-s071_1
  Generated on:           Apr 08 2026  10:25:57 pm
  Module:                 Multiplier32
  Operating conditions:   PVT_0P7V_25C (balanced_tree)
  Wireload mode:          enclosed
  Area mode:              timing library
============================================================

Timing
--------

Analysis view Clock Period 
---------------------------
tt            CLK     10.0 


Analysis   Cost   Critical            Violating 
  View    Group  Path Slack    TNS      Paths   
------------------------------------------------
tt           C2C     -392.2 -24356.4        128 
             C2O      -25.8  -1651.2         64 
             CLK   No paths      0.0          0 
         default   No paths      0.0          0 
             I2C       -7.7   -492.8         64 
             I2O   No paths      0.0          0 
------------------------------------------------
Total                       -26500.4        256 
                                                

Instance Count
--------------
Leaf Instance Count             5052 
Physical Instance count            0 
Sequential Instance Count        192 
Combinational Instance Count    4860 
Hierarchical Instance Count        0 

Area
----
Cell Area                          512.720
Physical Cell Area                 0.000
Total Cell Area (Cell+Physical)    512.720
Net Area                           0.000
Total Area (Cell+Physical+Net)     512.720

Max Fanout                         192 (iClk)
Min Fanout                         0 (n_223)
Average Fanout                     2.2
Terms to net ratio                 3.2909
Terms to instance ratio            3.3385
Runtime                            782.3174529999425 seconds
Elapsed Runtime                    804 seconds
Genus peak memory usage            4180.92 
Innovus peak memory usage          no_value 
Hostname                           vlsiktmt.tailff29c4.ts.net
