============================================================
  Generated by:           Genus(TM) Synthesis Solution 22.17-s071_1
  Generated on:           Apr 08 2026  10:25:57 pm
  Module:                 Multiplier32
  Operating conditions:   PVT_0P7V_25C (balanced_tree)
  Wireload mode:          enclosed
  Area mode:              timing library
============================================================

                                               
           Gate             Instances   Area                    Library                 
----------------------------------------------------------------------------------------
A2O1A1O1Ixp25_ASAP7_75t_SL          2    0.262    asap7sc7p5t_AO_SLVT_TT_ccs_211120     
AND2x2_ASAP7_75t_SL                51    4.461    asap7sc7p5t_SIMPLE_SLVT_TT_ccs_211120 
AND2x2_ASAP7_75t_SRAM               1    0.087    asap7sc7p5t_SIMPLE_SRAM_TT_ccs_211120 
AND2x4_ASAP7_75t_SL                10    1.458    asap7sc7p5t_SIMPLE_SLVT_TT_ccs_211120 
AND2x6_ASAP7_75t_SL                 5    0.875    asap7sc7p5t_SIMPLE_SLVT_TT_ccs_211120 
AND3x1_ASAP7_75t_SL                 4    0.350    asap7sc7p5t_SIMPLE_SLVT_TT_ccs_211120 
AO211x2_ASAP7_75t_SL                1    0.233    asap7sc7p5t_AO_SLVT_TT_ccs_211120     
AO21x1_ASAP7_75t_SL                13    1.137    asap7sc7p5t_AO_SLVT_TT_ccs_211120     
AO21x2_ASAP7_75t_SL                 4    0.408    asap7sc7p5t_AO_SLVT_TT_ccs_211120     
AO22x1_ASAP7_75t_L                  1    0.131    asap7sc7p5t_AO_LVT_TT_ccs_211120      
AO22x1_ASAP7_75t_SL               183   24.013    asap7sc7p5t_AO_SLVT_TT_ccs_211120     
AO22x2_ASAP7_75t_SL                45    6.561    asap7sc7p5t_AO_SLVT_TT_ccs_211120     
AOI211x1_ASAP7_75t_SL               2    0.350    asap7sc7p5t_AO_SLVT_TT_ccs_211120     
AOI21x1_ASAP7_75t_L                 1    0.117    asap7sc7p5t_AO_LVT_TT_ccs_211120      
AOI21x1_ASAP7_75t_SL                7    0.816    asap7sc7p5t_AO_SLVT_TT_ccs_211120     
AOI21xp33_ASAP7_75t_L               1    0.073    asap7sc7p5t_AO_LVT_TT_ccs_211120      
AOI21xp33_ASAP7_75t_R               1    0.073    asap7sc7p5t_AO_RVT_TT_ccs_211120      
AOI21xp33_ASAP7_75t_SL             12    0.875    asap7sc7p5t_AO_SLVT_TT_ccs_211120     
AOI21xp5_ASAP7_75t_L                2    0.146    asap7sc7p5t_AO_LVT_TT_ccs_211120      
AOI21xp5_ASAP7_75t_SL              45    3.281    asap7sc7p5t_AO_SLVT_TT_ccs_211120     
AOI22x1_ASAP7_75t_L                 5    0.729    asap7sc7p5t_AO_LVT_TT_ccs_211120      
AOI22x1_ASAP7_75t_SL               31    4.520    asap7sc7p5t_AO_SLVT_TT_ccs_211120     
AOI22xp33_ASAP7_75t_L               2    0.175    asap7sc7p5t_AO_LVT_TT_ccs_211120      
AOI22xp33_ASAP7_75t_SL             13    1.137    asap7sc7p5t_AO_SLVT_TT_ccs_211120     
AOI22xp5_ASAP7_75t_L               12    1.050    asap7sc7p5t_AO_LVT_TT_ccs_211120      
AOI22xp5_ASAP7_75t_R                1    0.087    asap7sc7p5t_AO_RVT_TT_ccs_211120      
AOI22xp5_ASAP7_75t_SL             303   26.506    asap7sc7p5t_AO_SLVT_TT_ccs_211120     
AOI31xp33_ASAP7_75t_SL              2    0.175    asap7sc7p5t_AO_SLVT_TT_ccs_211120     
BUFx12f_ASAP7_75t_SL                1    0.262    asap7sc7p5t_INVBUF_SLVT_TT_ccs_211120 
BUFx16f_ASAP7_75t_SL                2    0.642    asap7sc7p5t_INVBUF_SLVT_TT_ccs_211120 
BUFx2_ASAP7_75t_SL                 12    0.875    asap7sc7p5t_INVBUF_SLVT_TT_ccs_211120 
BUFx3_ASAP7_75t_L                   1    0.087    asap7sc7p5t_INVBUF_LVT_TT_ccs_211120  
BUFx3_ASAP7_75t_SL                 69    6.036    asap7sc7p5t_INVBUF_SLVT_TT_ccs_211120 
BUFx4f_ASAP7_75t_SL                 8    0.933    asap7sc7p5t_INVBUF_SLVT_TT_ccs_211120 
BUFx5_ASAP7_75t_SL                  3    0.350    asap7sc7p5t_INVBUF_SLVT_TT_ccs_211120 
BUFx6f_ASAP7_75t_SL                29    4.228    asap7sc7p5t_INVBUF_SLVT_TT_ccs_211120 
BUFx8_ASAP7_75t_L                   9    1.575    asap7sc7p5t_INVBUF_LVT_TT_ccs_211120  
DFFASRHQNx1_ASAP7_75t_SL          192   72.783    asap7sc7p5t_SEQ_SLVT_TT_ccs_220123    
FAx1_ASAP7_75t_SL                  10    2.041    asap7sc7p5t_SIMPLE_SLVT_TT_ccs_211120 
HAxp5_ASAP7_75t_L                   1    0.131    asap7sc7p5t_SIMPLE_LVT_TT_ccs_211120  
HAxp5_ASAP7_75t_SL                  2    0.262    asap7sc7p5t_SIMPLE_SLVT_TT_ccs_211120 
HB1xp67_ASAP7_75t_L                 2    0.117    asap7sc7p5t_INVBUF_LVT_TT_ccs_211120  
HB1xp67_ASAP7_75t_R                 2    0.117    asap7sc7p5t_INVBUF_RVT_TT_ccs_211120  
HB1xp67_ASAP7_75t_SL              195   11.372    asap7sc7p5t_INVBUF_SLVT_TT_ccs_211120 
HB1xp67_ASAP7_75t_SRAM             14    0.816    asap7sc7p5t_INVBUF_SRAM_TT_ccs_211120 
INVx11_ASAP7_75t_R                  1    0.190    asap7sc7p5t_INVBUF_RVT_TT_ccs_211120  
INVx1_ASAP7_75t_L                  23    1.006    asap7sc7p5t_INVBUF_LVT_TT_ccs_211120  
INVx1_ASAP7_75t_SL                562   24.582    asap7sc7p5t_INVBUF_SLVT_TT_ccs_211120 
INVx1_ASAP7_75t_SRAM                4    0.175    asap7sc7p5t_INVBUF_SRAM_TT_ccs_211120 
INVx2_ASAP7_75t_L                   7    0.408    asap7sc7p5t_INVBUF_LVT_TT_ccs_211120  
INVx2_ASAP7_75t_R                   4    0.233    asap7sc7p5t_INVBUF_RVT_TT_ccs_211120  
INVx2_ASAP7_75t_SL                122    7.115    asap7sc7p5t_INVBUF_SLVT_TT_ccs_211120 
INVx3_ASAP7_75t_SL                 40    2.916    asap7sc7p5t_INVBUF_SLVT_TT_ccs_211120 
INVx4_ASAP7_75t_SL                 37    3.237    asap7sc7p5t_INVBUF_SLVT_TT_ccs_211120 
INVx5_ASAP7_75t_SL                  7    0.714    asap7sc7p5t_INVBUF_SLVT_TT_ccs_211120 
INVx6_ASAP7_75t_SL                 67    7.815    asap7sc7p5t_INVBUF_SLVT_TT_ccs_211120 
INVx8_ASAP7_75t_SL                  4    0.583    asap7sc7p5t_INVBUF_SLVT_TT_ccs_211120 
INVxp33_ASAP7_75t_L                 4    0.175    asap7sc7p5t_INVBUF_LVT_TT_ccs_211120  
INVxp33_ASAP7_75t_R                 4    0.175    asap7sc7p5t_INVBUF_RVT_TT_ccs_211120  
INVxp33_ASAP7_75t_SL               28    1.225    asap7sc7p5t_INVBUF_SLVT_TT_ccs_211120 
INVxp33_ASAP7_75t_SRAM              5    0.219    asap7sc7p5t_INVBUF_SRAM_TT_ccs_211120 
INVxp67_ASAP7_75t_R                 1    0.044    asap7sc7p5t_INVBUF_RVT_TT_ccs_211120  
INVxp67_ASAP7_75t_SL              411   17.977    asap7sc7p5t_INVBUF_SLVT_TT_ccs_211120 
INVxp67_ASAP7_75t_SRAM             10    0.437    asap7sc7p5t_INVBUF_SRAM_TT_ccs_211120 
MAJIxp5_ASAP7_75t_L                 4    0.408    asap7sc7p5t_SIMPLE_LVT_TT_ccs_211120  
MAJIxp5_ASAP7_75t_SL              320   32.659    asap7sc7p5t_SIMPLE_SLVT_TT_ccs_211120 
MAJx2_ASAP7_75t_L                   1    0.131    asap7sc7p5t_SIMPLE_LVT_TT_ccs_211120  
MAJx2_ASAP7_75t_SL                132   17.321    asap7sc7p5t_SIMPLE_SLVT_TT_ccs_211120 
NAND2x1_ASAP7_75t_SL                9    0.787    asap7sc7p5t_SIMPLE_SLVT_TT_ccs_211120 
NAND2x1p5_ASAP7_75t_L               1    0.117    asap7sc7p5t_SIMPLE_LVT_TT_ccs_211120  
NAND2x1p5_ASAP7_75t_SL              2    0.233    asap7sc7p5t_SIMPLE_SLVT_TT_ccs_211120 
NAND2x2_ASAP7_75t_SL                1    0.146    asap7sc7p5t_SIMPLE_SLVT_TT_ccs_211120 
NAND2xp33_ASAP7_75t_R               1    0.058    asap7sc7p5t_SIMPLE_RVT_TT_ccs_211120  
NAND2xp33_ASAP7_75t_SL             25    1.458    asap7sc7p5t_SIMPLE_SLVT_TT_ccs_211120 
NAND2xp5_ASAP7_75t_L               12    0.700    asap7sc7p5t_SIMPLE_LVT_TT_ccs_211120  
NAND2xp5_ASAP7_75t_SL             147    8.573    asap7sc7p5t_SIMPLE_SLVT_TT_ccs_211120 
NAND2xp5_ASAP7_75t_SRAM             1    0.058    asap7sc7p5t_SIMPLE_SRAM_TT_ccs_211120 
NAND3xp33_ASAP7_75t_SL              1    0.073    asap7sc7p5t_SIMPLE_SLVT_TT_ccs_211120 
NAND4xp25_ASAP7_75t_SL              1    0.087    asap7sc7p5t_SIMPLE_SLVT_TT_ccs_211120 
NAND5xp2_ASAP7_75t_SL               1    0.102    asap7sc7p5t_SIMPLE_SLVT_TT_ccs_211120 
NOR2x1_ASAP7_75t_SL                21    1.837    asap7sc7p5t_SIMPLE_SLVT_TT_ccs_211120 
NOR2x2_ASAP7_75t_SL                 1    0.146    asap7sc7p5t_SIMPLE_SLVT_TT_ccs_211120 
NOR2xp33_ASAP7_75t_L                6    0.350    asap7sc7p5t_SIMPLE_LVT_TT_ccs_211120  
NOR2xp33_ASAP7_75t_R                4    0.233    asap7sc7p5t_SIMPLE_RVT_TT_ccs_211120  
NOR2xp33_ASAP7_75t_SL              70    4.082    asap7sc7p5t_SIMPLE_SLVT_TT_ccs_211120 
NOR2xp67_ASAP7_75t_L                2    0.175    asap7sc7p5t_SIMPLE_LVT_TT_ccs_211120  
NOR2xp67_ASAP7_75t_SL              13    1.137    asap7sc7p5t_SIMPLE_SLVT_TT_ccs_211120 
NOR3x1_ASAP7_75t_SL                 1    0.160    asap7sc7p5t_SIMPLE_SLVT_TT_ccs_211120 
NOR3xp33_ASAP7_75t_SL               3    0.219    asap7sc7p5t_SIMPLE_SLVT_TT_ccs_211120 
NOR4xp25_ASAP7_75t_SL               1    0.087    asap7sc7p5t_SIMPLE_SLVT_TT_ccs_211120 
O2A1O1Ixp33_ASAP7_75t_SL            2    0.175    asap7sc7p5t_OA_SLVT_TT_ccs_211120     
O2A1O1Ixp5_ASAP7_75t_SL             1    0.117    asap7sc7p5t_OA_SLVT_TT_ccs_211120     
OA21x2_ASAP7_75t_SL                17    1.735    asap7sc7p5t_OA_SLVT_TT_ccs_211120     
OA21x2_ASAP7_75t_SRAM               2    0.204    asap7sc7p5t_OA_SRAM_TT_ccs_211120     
OA22x2_ASAP7_75t_SL                15    2.187    asap7sc7p5t_OA_SLVT_TT_ccs_211120     
OAI21x1_ASAP7_75t_SL               14    1.633    asap7sc7p5t_OA_SLVT_TT_ccs_211120     
OAI21xp33_ASAP7_75t_SL              6    0.437    asap7sc7p5t_OA_SLVT_TT_ccs_211120     
OAI21xp5_ASAP7_75t_L                1    0.073    asap7sc7p5t_OA_LVT_TT_ccs_211120      
OAI21xp5_ASAP7_75t_SL              92    6.707    asap7sc7p5t_OA_SLVT_TT_ccs_211120     
OAI22x1_ASAP7_75t_L                 2    0.292    asap7sc7p5t_OA_LVT_TT_ccs_211120      
OAI22x1_ASAP7_75t_SL               13    1.895    asap7sc7p5t_OA_SLVT_TT_ccs_211120     
OAI22xp33_ASAP7_75t_SL             14    1.225    asap7sc7p5t_OA_SLVT_TT_ccs_211120     
OAI22xp5_ASAP7_75t_L                7    0.612    asap7sc7p5t_OA_LVT_TT_ccs_211120      
OAI22xp5_ASAP7_75t_R                1    0.087    asap7sc7p5t_OA_RVT_TT_ccs_211120      
OAI22xp5_ASAP7_75t_SL             489   42.778    asap7sc7p5t_OA_SLVT_TT_ccs_211120     
OAI32xp33_ASAP7_75t_SL              1    0.102    asap7sc7p5t_OA_SLVT_TT_ccs_211120     
OR2x2_ASAP7_75t_SL                 31    2.712    asap7sc7p5t_SIMPLE_SLVT_TT_ccs_211120 
OR2x4_ASAP7_75t_SL                  1    0.117    asap7sc7p5t_SIMPLE_SLVT_TT_ccs_211120 
OR3x1_ASAP7_75t_SL                  1    0.087    asap7sc7p5t_SIMPLE_SLVT_TT_ccs_211120 
XNOR2x1_ASAP7_75t_L                 1    0.175    asap7sc7p5t_SIMPLE_LVT_TT_ccs_211120  
XNOR2x1_ASAP7_75t_SL               97   16.971    asap7sc7p5t_SIMPLE_SLVT_TT_ccs_211120 
XNOR2x2_ASAP7_75t_L                 1    0.160    asap7sc7p5t_SIMPLE_LVT_TT_ccs_211120  
XNOR2x2_ASAP7_75t_R                 1    0.160    asap7sc7p5t_SIMPLE_RVT_TT_ccs_211120  
XNOR2x2_ASAP7_75t_SL               24    3.849    asap7sc7p5t_SIMPLE_SLVT_TT_ccs_211120 
XNOR2xp5_ASAP7_75t_L                5    0.656    asap7sc7p5t_SIMPLE_LVT_TT_ccs_211120  
XNOR2xp5_ASAP7_75t_SL             412   54.063    asap7sc7p5t_SIMPLE_SLVT_TT_ccs_211120 
XOR2x1_ASAP7_75t_L                  1    0.175    asap7sc7p5t_SIMPLE_LVT_TT_ccs_211120  
XOR2x1_ASAP7_75t_SL                 5    0.875    asap7sc7p5t_SIMPLE_SLVT_TT_ccs_211120 
XOR2x2_ASAP7_75t_SL                62    9.944    asap7sc7p5t_SIMPLE_SLVT_TT_ccs_211120 
XOR2xp5_ASAP7_75t_L                 8    1.050    asap7sc7p5t_SIMPLE_LVT_TT_ccs_211120  
XOR2xp5_ASAP7_75t_SL              291   38.185    asap7sc7p5t_SIMPLE_SLVT_TT_ccs_211120 
----------------------------------------------------------------------------------------
total                            5052  512.720                                          


               Library                Instances   Area  Instances % 
--------------------------------------------------------------------
asap7sc7p5t_AO_LVT_TT_ccs_211120             24   2.420         0.5 
asap7sc7p5t_AO_RVT_TT_ccs_211120              2   0.160         0.0 
asap7sc7p5t_AO_SLVT_TT_ccs_211120           663  70.276        13.1 
asap7sc7p5t_INVBUF_LVT_TT_ccs_211120         46   3.368         0.9 
asap7sc7p5t_INVBUF_RVT_TT_ccs_211120         12   0.758         0.2 
asap7sc7p5t_INVBUF_SLVT_TT_ccs_211120      1597  90.863        31.6 
asap7sc7p5t_INVBUF_SRAM_TT_ccs_211120        33   1.648         0.7 
asap7sc7p5t_OA_LVT_TT_ccs_211120             10   0.977         0.2 
asap7sc7p5t_OA_RVT_TT_ccs_211120              1   0.087         0.0 
asap7sc7p5t_OA_SLVT_TT_ccs_211120           664  58.991        13.1 
asap7sc7p5t_OA_SRAM_TT_ccs_211120             2   0.204         0.0 
asap7sc7p5t_SEQ_SLVT_TT_ccs_220123          192  72.783         3.8 
asap7sc7p5t_SIMPLE_LVT_TT_ccs_211120         43   4.228         0.9 
asap7sc7p5t_SIMPLE_RVT_TT_ccs_211120          6   0.452         0.1 
asap7sc7p5t_SIMPLE_SLVT_TT_ccs_211120      1755 205.359        34.7 
asap7sc7p5t_SIMPLE_SRAM_TT_ccs_211120         2   0.146         0.0 

                                        
     Type      Instances   Area  Area % 
----------------------------------------
sequential           192  72.783   14.2 
inverter            1341  69.226   13.5 
buffer               347  27.410    5.3 
logic               3172 343.301   67.0 
physical_cells         0   0.000    0.0 
----------------------------------------
total               5052 512.720  100.0 

