============================================================
  Generated by:           Genus(TM) Synthesis Solution 22.17-s071_1
  Generated on:           Apr 03 2026  04:06:31 pm
  Module:                 Adder32
  Technology libraries:   asap7sc7p5t_AO_LVT_FF_nldm_211120 1.0
                          asap7sc7p5t_AO_LVT_SS_nldm_211120 1.0
                          asap7sc7p5t_AO_LVT_TT_nldm_211120 1.0
                          asap7sc7p5t_AO_RVT_FF_nldm_211120 1.0
                          asap7sc7p5t_AO_RVT_SS_nldm_211120 1.0
                          asap7sc7p5t_AO_RVT_TT_nldm_211120 1.0
                          asap7sc7p5t_AO_SLVT_FF_nldm_211120 1.0
                          asap7sc7p5t_AO_SLVT_SS_nldm_211120 1.0
                          asap7sc7p5t_AO_SLVT_TT_nldm_211120 1.0
                          asap7sc7p5t_AO_SRAM_FF_nldm_211120 1.0
                          asap7sc7p5t_AO_SRAM_SS_nldm_211120 1.0
                          asap7sc7p5t_AO_SRAM_TT_nldm_211120 1.0
                          asap7sc7p5t_INVBUF_LVT_FF_nldm_211120 1.0
                          asap7sc7p5t_INVBUF_LVT_SS_nldm_211120 1.0
                          asap7sc7p5t_INVBUF_LVT_TT_nldm_211120 1.0
                          asap7sc7p5t_INVBUF_RVT_FF_nldm_211120 1.0
                          asap7sc7p5t_INVBUF_RVT_SS_nldm_211120 1.0
                          asap7sc7p5t_INVBUF_RVT_TT_nldm_211120 1.0
                          asap7sc7p5t_INVBUF_SLVT_FF_nldm_211120 1.0
                          asap7sc7p5t_INVBUF_SLVT_SS_nldm_211120 1.0
                          asap7sc7p5t_INVBUF_SLVT_TT_nldm_211120 1.0
                          asap7sc7p5t_INVBUF_SRAM_FF_nldm_211120 1.0
                          asap7sc7p5t_INVBUF_SRAM_SS_nldm_211120 1.0
                          asap7sc7p5t_INVBUF_SRAM_TT_nldm_211120 1.0
                          asap7sc7p5t_OA_LVT_FF_nldm_211120 1.0
                          asap7sc7p5t_OA_LVT_SS_nldm_211120 1.0
                          asap7sc7p5t_OA_LVT_TT_nldm_211120 1.0
                          asap7sc7p5t_OA_RVT_FF_nldm_211120 1.0
                          asap7sc7p5t_OA_RVT_SS_nldm_211120 1.0
                          asap7sc7p5t_OA_RVT_TT_nldm_211120 1.0
                          asap7sc7p5t_OA_SLVT_FF_nldm_211120 1.0
                          asap7sc7p5t_OA_SLVT_SS_nldm_211120 1.0
                          asap7sc7p5t_OA_SLVT_TT_nldm_211120 1.0
                          asap7sc7p5t_OA_SRAM_FF_nldm_211120 1.0
                          asap7sc7p5t_OA_SRAM_SS_nldm_211120 1.0
                          asap7sc7p5t_OA_SRAM_TT_nldm_211120 1.0
                          asap7sc7p5t_SEQ_LVT_FF_nldm_220123 1.0
                          asap7sc7p5t_SEQ_LVT_SS_nldm_220123 1.0
                          asap7sc7p5t_SEQ_LVT_TT_nldm_220123 1.0
                          asap7sc7p5t_SEQ_RVT_FF_nldm_220123 1.0
                          asap7sc7p5t_SEQ_RVT_SS_nldm_220123 1.0
                          asap7sc7p5t_SEQ_RVT_TT_nldm_220123 1.0
                          asap7sc7p5t_SEQ_SLVT_FF_nldm_220123 1.0
                          asap7sc7p5t_SEQ_SLVT_SS_nldm_220123 1.0
                          asap7sc7p5t_SEQ_SLVT_TT_nldm_220123 1.0
                          asap7sc7p5t_SEQ_SRAM_FF_nldm_220123 1.0
                          asap7sc7p5t_SEQ_SRAM_SS_nldm_220123 1.0
                          asap7sc7p5t_SEQ_SRAM_TT_nldm_220123 1.0
                          asap7sc7p5t_SIMPLE_LVT_FF_nldm_211120 1.0
                          asap7sc7p5t_SIMPLE_LVT_SS_nldm_211120 1.0
                          asap7sc7p5t_SIMPLE_LVT_TT_nldm_211120 1.0
                          asap7sc7p5t_SIMPLE_RVT_FF_nldm_211120 1.0
                          asap7sc7p5t_SIMPLE_RVT_SS_nldm_211120 1.0
                          asap7sc7p5t_SIMPLE_RVT_TT_nldm_211120 1.0
                          asap7sc7p5t_SIMPLE_SLVT_FF_nldm_211120 1.0
                          asap7sc7p5t_SIMPLE_SLVT_SS_nldm_211120 1.0
                          asap7sc7p5t_SIMPLE_SLVT_TT_nldm_211120 1.0
                          asap7sc7p5t_SIMPLE_SRAM_FF_nldm_211120 1.0
                          asap7sc7p5t_SIMPLE_SRAM_SS_nldm_211120 1.0
                          asap7sc7p5t_SIMPLE_SRAM_TT_nldm_211120 1.0
  Operating conditions:   PVT_0P77V_0C (balanced_tree)
  Wireload mode:          enclosed
  Area mode:              timing library
============================================================

Instance Module  Cell Count  Cell Area  Net Area   Total Area   Wireload  
--------------------------------------------------------------------------
Adder32                 140     20.222     0.000       20.222 <none> (D)  
  (D) = wireload is default in technology library
