============================================================
  Generated by:           Genus(TM) Synthesis Solution 22.17-s071_1
  Generated on:           Apr 04 2026  03:11:43 pm
  Module:                 Adder32
  Technology libraries:   asap7sc7p5t_AO_RVT_TT_nldm_211120 1.0
                          asap7sc7p5t_INVBUF_RVT_TT_nldm_211120 1.0
                          asap7sc7p5t_OA_RVT_TT_nldm_211120 1.0
                          asap7sc7p5t_SEQ_RVT_TT_nldm_220123 1.0
                          asap7sc7p5t_SIMPLE_RVT_TT_nldm_211120 1.0
                          physical_cells 
  Operating conditions:   PVT_0P7V_25C 
  Interconnect mode:      global
  Area mode:              physical library
============================================================

                                          
         Gate          Instances   Area                    Library                 
-----------------------------------------------------------------------------------
DFFHQx4_ASAP7_75t_R           32  186.624    asap7sc7p5t_SEQ_RVT_TT_nldm_220123    
FAx1_ASAP7_75t_R              31  101.244    asap7sc7p5t_SIMPLE_RVT_TT_nldm_211120 
INVx1_ASAP7_75t_R             30   20.995    asap7sc7p5t_INVBUF_RVT_TT_nldm_211120 
MAJIxp5_ASAP7_75t_R           30   48.989    asap7sc7p5t_SIMPLE_RVT_TT_nldm_211120 
NAND2xp33_ASAP7_75t_R          1    0.933    asap7sc7p5t_SIMPLE_RVT_TT_nldm_211120 
OA21x2_ASAP7_75t_R             1    1.633    asap7sc7p5t_OA_RVT_TT_nldm_211120     
-----------------------------------------------------------------------------------
total                        125  360.418                                          


               Library                Instances   Area  Instances % 
--------------------------------------------------------------------
asap7sc7p5t_INVBUF_RVT_TT_nldm_211120        30  20.995        24.0 
asap7sc7p5t_OA_RVT_TT_nldm_211120             1   1.633         0.8 
asap7sc7p5t_SEQ_RVT_TT_nldm_220123           32 186.624        25.6 
asap7sc7p5t_SIMPLE_RVT_TT_nldm_211120        62 151.165        49.6 

                                        
     Type      Instances   Area  Area % 
----------------------------------------
sequential            32 186.624   51.8 
inverter              30  20.995    5.8 
logic                 63 152.798   42.4 
physical_cells         0   0.000    0.0 
----------------------------------------
total                125 360.418  100.0 

