*----------------------------------------------------------------------------------------
*	Innovus 22.17-s086_1 (64bit) 09/24/2024 10:51 (Linux 3.10.0-693.el7.x86_64)
*	
*
* 	Date & Time:	2026-Apr-06 00:29:13 (2026-Apr-05 17:29:13 GMT)
*
*----------------------------------------------------------------------------------------
*
*	Design: top_axi_ram
*
*	Liberty Libraries used: 
*	        view_typical: ../../Asap7/asap7/asap7sc7p5t_28/LIB/NLDM/asap7sc7p5t_AO_RVT_TT_nldm_211120.lib
*	        view_typical: ../../Asap7/asap7/asap7sc7p5t_28/LIB/NLDM/asap7sc7p5t_INVBUF_RVT_TT_nldm_220122.lib
*	        view_typical: ../../Asap7/asap7/asap7sc7p5t_28/LIB/NLDM/asap7sc7p5t_OA_RVT_TT_nldm_211120.lib
*	        view_typical: ../../Asap7/asap7/asap7sc7p5t_28/LIB/NLDM/asap7sc7p5t_SEQ_RVT_TT_nldm_220123.lib
*	        view_typical: ../../Asap7/asap7/asap7sc7p5t_28/LIB/NLDM/asap7sc7p5t_SIMPLE_RVT_TT_nldm_211120.lib
*	        view_typical: ../../Asap7/asap7/asap7_sram_0p0/generated/LIB/srambank_256x4x32_6t122.lib
*
*	Power Domain used: 
*              Rail:        VDD      Voltage:        0.7 
*
*       Power View : view_typical
*
*       User-Defined Activity : N.A.
*
*       Activity File: N.A.
*
*       Hierarchical Global Activity: N.A.
*
*       Global Activity: N.A.
*
*       Sequential Element Activity: 0.200000
*
*       Primary Input Activity: 0.200000
*
*       Default icg ratio: N.A.
*
*       Global Comb ClockGate Ratio: N.A.
*
*	Power Units = 1mW
*
*	Time Units = 1e-09 secs 
*
*       report_power -outfile ./reports/power.rpt -hierarchy all
*
-----------------------------------------------------------------------------------------


Total Power 
-----------------------------------------------------------------------------------------
Total Internal Power:        0.00690658 	    8.6656%
Total Switching Power:       0.07252167 	   90.9919%
Total Leakage Power:         0.00027295 	    0.3425%
Total Power:                 0.07970120 
-----------------------------------------------------------------------------------------


Group                           Internal   Switching     Leakage       Total  Percentage 
                                Power      Power         Power         Power  (%)        
-----------------------------------------------------------------------------------------
Sequential                     4.306e-05   1.312e-05   1.527e-05   7.145e-05     0.08965 
Macro                           0.006665   1.881e-05           0    0.006684       8.386 
IO                                     0           0           0           0           0 
Combinational                   0.000134     0.02049   0.0002121     0.02084       26.15 
Clock (Combinational)          6.446e-05       0.052   4.554e-05     0.05211       65.38 
Clock (Sequential)                     0           0           0           0           0 
-----------------------------------------------------------------------------------------
Total                           0.006907     0.07252    0.000273      0.0797         100 
-----------------------------------------------------------------------------------------


Clock                           Internal   Switching     Leakage       Total  Percentage 
                                Power      Power         Power         Power  (%)        
-----------------------------------------------------------------------------------------
clk                              0.00673     0.05201   4.554e-05     0.05879       73.76 
-----------------------------------------------------------------------------------------
Total (excluding duplicates)     0.00673     0.05201   4.554e-05     0.05879       73.76 
-----------------------------------------------------------------------------------------
Clock: clk
Clock Period: 2.000000 usec 
Clock Toggle Rate:     1.0000 Mhz 
Clock Static Probability:  0.5000



Rail                  Voltage   Internal   Switching     Leakage       Total  Percentage 
                                Power      Power         Power         Power  (%)        
-----------------------------------------------------------------------------------------
VDD                       0.7   0.006907     0.07252    0.000273      0.0797         100 


Total Power 
-----------------------------------------------------------------------------------------
Total Internal Power:        0.00690658 	    8.6656%
Total Switching Power:       0.07252167 	   90.9919%
Total Leakage Power:         0.00027295 	    0.3425%
Total Power:                 0.07970120 
-----------------------------------------------------------------------------------------


Hierarchy                       Internal   Switching     Leakage       Total  Percentage 
                                Power      Power         Power         Power  (%)        
-----------------------------------------------------------------------------------------


-----------------------------------------------------------------------------------------
*	Power Distribution Summary: 
*                Highest Average Power: u_sram_macro_u_sram_macro (srambank_256x4x32_6t122):         0.006684 
*                Highest Leakage Power:      FE_OFC47_s_axi_rlast (BUFx24_ASAP7_75t_R):        1.432e-06 
*          Total Cap:      2.43388e-09 F
*          Total instances in design:  4629
*          Total instances in design with no power:     0
*          Total instances in design with no activity:     0
*          Total Fillers and Decap:     0
-----------------------------------------------------------------------------------------

