============================================================
  Generated by:           Genus(TM) Synthesis Solution 22.17-s071_1
  Generated on:           Apr 05 2026  10:35:05 am
  Module:                 top_axi_ram
  Technology libraries:   asap7sc7p5t_AO_RVT_TT_nldm_211120 1.0
                          asap7sc7p5t_INVBUF_RVT_TT_nldm_211120 1.0
                          asap7sc7p5t_OA_RVT_TT_nldm_211120 1.0
                          asap7sc7p5t_SEQ_RVT_TT_nldm_220123 1.0
                          asap7sc7p5t_SIMPLE_RVT_TT_nldm_211120 1.0
                          srambank_256x4x16_6t122 1.0
                          srambank_256x4x18_6t122 1.0
                          srambank_256x4x20_6t122 1.0
                          srambank_256x4x32_6t122 1.0
                          srambank_256x4x34_6t122 1.0
                          srambank_256x4x36_6t122 1.0
                          srambank_256x4x40_6t122 1.0
                          srambank_256x4x48_6t122 1.0
                          srambank_256x4x64_6t122 1.0
                          srambank_256x4x72_6t122 1.0
                          srambank_256x4x74_6t122 1.0
                          srambank_256x4x80_6t122 1.0
                          physical_cells 
  Operating conditions:   PVT_0P7V_25C 
  Interconnect mode:      global
  Area mode:              physical library
============================================================

  Instance                         Module                        Cell Count  Cell Area  Net Area   Total Area 
--------------------------------------------------------------------------------------------------------------
top_axi_ram                                                             407    816.247   397.843     1214.089 
  u_axi_ctrl axi_ctrl_ADDR_WIDTH32_DATA_WIDTH32_ID_WIDTH5_ADDR_         407    816.247   285.993     1102.240 
