============================================================
  Generated by:           Genus(TM) Synthesis Solution 22.17-s071_1
  Generated on:           Apr 05 2026  10:35:05 am
  Module:                 top_axi_ram
  Technology libraries:   asap7sc7p5t_AO_RVT_TT_nldm_211120 1.0
                          asap7sc7p5t_INVBUF_RVT_TT_nldm_211120 1.0
                          asap7sc7p5t_OA_RVT_TT_nldm_211120 1.0
                          asap7sc7p5t_SEQ_RVT_TT_nldm_220123 1.0
                          asap7sc7p5t_SIMPLE_RVT_TT_nldm_211120 1.0
                          srambank_256x4x16_6t122 1.0
                          srambank_256x4x18_6t122 1.0
                          srambank_256x4x20_6t122 1.0
                          srambank_256x4x32_6t122 1.0
                          srambank_256x4x34_6t122 1.0
                          srambank_256x4x36_6t122 1.0
                          srambank_256x4x40_6t122 1.0
                          srambank_256x4x48_6t122 1.0
                          srambank_256x4x64_6t122 1.0
                          srambank_256x4x72_6t122 1.0
                          srambank_256x4x74_6t122 1.0
                          srambank_256x4x80_6t122 1.0
                          physical_cells 
  Operating conditions:   PVT_0P7V_25C 
  Interconnect mode:      global
  Area mode:              physical library
============================================================

                                            
          Gate           Instances   Area                    Library                 
-------------------------------------------------------------------------------------
A2O1A1Ixp33_ASAP7_75t_R         30   41.990    asap7sc7p5t_AO_RVT_TT_nldm_211120     
AND2x2_ASAP7_75t_R              26   36.392    asap7sc7p5t_SIMPLE_RVT_TT_nldm_211120 
AND3x1_ASAP7_75t_R               1    1.400    asap7sc7p5t_SIMPLE_RVT_TT_nldm_211120 
AO21x1_ASAP7_75t_R               1    1.400    asap7sc7p5t_AO_RVT_TT_nldm_211120     
AO22x1_ASAP7_75t_R              14   29.393    asap7sc7p5t_AO_RVT_TT_nldm_211120     
AO32x1_ASAP7_75t_R               1    1.866    asap7sc7p5t_AO_RVT_TT_nldm_211120     
AOI21xp5_ASAP7_75t_R             5    5.832    asap7sc7p5t_AO_RVT_TT_nldm_211120     
AOI222xp33_ASAP7_75t_R          31   72.317    asap7sc7p5t_AO_RVT_TT_nldm_211120     
AOI22xp5_ASAP7_75t_R             7    9.798    asap7sc7p5t_AO_RVT_TT_nldm_211120     
AOI31xp33_ASAP7_75t_R            2    2.799    asap7sc7p5t_AO_RVT_TT_nldm_211120     
AOI322xp5_ASAP7_75t_R            1    2.100    asap7sc7p5t_AO_RVT_TT_nldm_211120     
BUFx2_ASAP7_75t_R                1    1.166    asap7sc7p5t_INVBUF_RVT_TT_nldm_211120 
DFFHQNx1_ASAP7_75t_R            57  265.939    asap7sc7p5t_SEQ_RVT_TT_nldm_220123    
DFFHQNx3_ASAP7_75t_R            15   76.982    asap7sc7p5t_SEQ_RVT_TT_nldm_220123    
FAx1_ASAP7_75t_R                 3    9.798    asap7sc7p5t_SIMPLE_RVT_TT_nldm_211120 
INVx1_ASAP7_75t_R               59   41.291    asap7sc7p5t_INVBUF_RVT_TT_nldm_211120 
INVx2_ASAP7_75t_R                1    0.933    asap7sc7p5t_INVBUF_RVT_TT_nldm_211120 
INVxp33_ASAP7_75t_R              1    0.700    asap7sc7p5t_INVBUF_RVT_TT_nldm_211120 
NAND2xp5_ASAP7_75t_R            34   31.726    asap7sc7p5t_SIMPLE_RVT_TT_nldm_211120 
NAND3xp33_ASAP7_75t_R            2    2.333    asap7sc7p5t_SIMPLE_RVT_TT_nldm_211120 
NAND4xp25_ASAP7_75t_R            1    1.400    asap7sc7p5t_SIMPLE_RVT_TT_nldm_211120 
NAND5xp2_ASAP7_75t_R             1    1.633    asap7sc7p5t_SIMPLE_RVT_TT_nldm_211120 
NOR2x1_ASAP7_75t_R               3    4.199    asap7sc7p5t_SIMPLE_RVT_TT_nldm_211120 
NOR2xp33_ASAP7_75t_R            38   35.459    asap7sc7p5t_SIMPLE_RVT_TT_nldm_211120 
NOR3xp33_ASAP7_75t_R             1    1.166    asap7sc7p5t_SIMPLE_RVT_TT_nldm_211120 
NOR4xp25_ASAP7_75t_R             1    1.400    asap7sc7p5t_SIMPLE_RVT_TT_nldm_211120 
OA21x2_ASAP7_75t_R               6    9.798    asap7sc7p5t_OA_RVT_TT_nldm_211120     
OAI21xp5_ASAP7_75t_R            11   12.830    asap7sc7p5t_OA_RVT_TT_nldm_211120     
OR2x2_ASAP7_75t_R               10   13.997    asap7sc7p5t_SIMPLE_RVT_TT_nldm_211120 
SDFHx1_ASAP7_75t_R               1    5.832    asap7sc7p5t_SEQ_RVT_TT_nldm_220123    
SDFHx3_ASAP7_75t_R               1    6.299    asap7sc7p5t_SEQ_RVT_TT_nldm_220123    
XNOR2xp5_ASAP7_75t_R            29   60.886    asap7sc7p5t_SIMPLE_RVT_TT_nldm_211120 
XOR2xp5_ASAP7_75t_R             12   25.194    asap7sc7p5t_SIMPLE_RVT_TT_nldm_211120 
-------------------------------------------------------------------------------------
total                          407  816.247                                          


               Library                Instances   Area  Instances % 
--------------------------------------------------------------------
asap7sc7p5t_AO_RVT_TT_nldm_211120            92 167.495        22.6 
asap7sc7p5t_INVBUF_RVT_TT_nldm_211120        62  44.090        15.2 
asap7sc7p5t_OA_RVT_TT_nldm_211120            17  22.628         4.2 
asap7sc7p5t_SEQ_RVT_TT_nldm_220123           74 355.052        18.2 
asap7sc7p5t_SIMPLE_RVT_TT_nldm_211120       162 226.981        39.8 

                                        
     Type      Instances   Area  Area % 
----------------------------------------
sequential            74 355.052   43.5 
inverter              61  42.924    5.3 
buffer                 1   1.166    0.1 
logic_abstract         1   0.000    0.0 
logic                271 417.105   51.1 
physical_cells         0   0.000    0.0 
----------------------------------------
total                408 816.247  100.0 

