============================================================
  Generated by:           Genus(TM) Synthesis Solution 22.17-s071_1
  Generated on:           Apr 06 2026  10:15:37 am
  Module:                 top_axi_ram
  Operating conditions:   PVT_0P7V_25C 
  Interconnect mode:      global
  Area mode:              physical library
============================================================


Path 1: VIOLATED (-98072 ps) Late External Delay Assertion at pin s_axi_rdata[0]
          Group: clk
     Startpoint: (F) clk
          Clock: (F) clk
       Endpoint: (F) s_axi_rdata[0]
          Clock: (R) clk

                     Capture       Launch     
        Clock Edge:+    2000         1000     
        Drv Adjust:+       0            0     
       Src Latency:+       0            0     
       Net Latency:+       0 (I)        0 (I) 
           Arrival:=    2000         1000     
                                              
      Output Delay:-     600                  
       Uncertainty:-     100                  
     Required Time:=    1300                  
      Launch Clock:-    1000                  
       Input Delay:-       0                  
         Data Path:-   98372                  
             Slack:=  -98072                  

Exceptions/Constraints:
  input_delay               0              create_clock_delay_domain_1_clk_F_0 
  output_delay             600             constraint.sdc_line_9_220_1         

#---------------------------------------------------------------------------------------------------------------------------------------------
#                Timing Point                  Flags        Arc        Edge          Cell            Fanout Load Trans Delay Arrival Instance 
#                                                                                                           (fF)  (ps)  (ps)   (ps)  Location 
#---------------------------------------------------------------------------------------------------------------------------------------------
  clk                                          (i)     -               F     (arrival)                   79  0.0     0     0    1000    (-,-) 
  u_sram_macro_sram_banks[0].u_bank/dataout[0] (P)     clk->dataout[0] F     srambank_256x4x32_6t122      1  3.8  7660 97523   98523    (-,-) 
  g5660/Y                                      -       A->Y            F     BUFx12f_ASAP7_75t_R          1  2.5   202   756   99279    (-,-) 
  g6913__2802/Y                                -       B->Y            F     AND2x4_ASAP7_75t_R           1  3.8    18    57   99336    (-,-) 
  fopt8692/Y                                   -       A->Y            F     BUFx12f_ASAP7_75t_R          1 51.5    38    36   99372    (-,-) 
  s_axi_rdata[0]                               <<<     -               F     (port)                       -    -     -     0   99372    (-,-) 
#---------------------------------------------------------------------------------------------------------------------------------------------

(P) : Instance is preserved
(i) : Net is ideal.

