*----------------------------------------------------------------------------------------
*	Innovus 22.17-s086_1 (64bit) 09/24/2024 10:51 (Linux 3.10.0-693.el7.x86_64)
*	
*
* 	Date & Time:	2026-Apr-12 21:08:19 (2026-Apr-12 14:08:19 GMT)
*
*----------------------------------------------------------------------------------------
*
*	Design: Adder32
*
*	Liberty Libraries used: 
*	        tt: ../../Asap7/asap7/asap7sc7p5t_28/LIB/CCS/asap7sc7p5t_SIMPLE_RVT_TT_ccs_211120.lib
*	        tt: ../../Asap7/asap7/asap7sc7p5t_28/LIB/CCS/asap7sc7p5t_SEQ_RVT_TT_ccs_220123.lib
*	        tt: ../../Asap7/asap7/asap7sc7p5t_28/LIB/CCS/asap7sc7p5t_OA_RVT_TT_ccs_211120.lib
*	        tt: ../../Asap7/asap7/asap7sc7p5t_28/LIB/CCS/asap7sc7p5t_INVBUF_RVT_TT_ccs_220122.lib
*	        tt: ../../Asap7/asap7/asap7sc7p5t_28/LIB/CCS/asap7sc7p5t_AO_RVT_TT_ccs_211120.lib
*
*	Power Domain used: 
*              Rail:        VDD      Voltage:        0.7 
*
*       Power View : tt
*
*       User-Defined Activity : N.A.
*
*       Activity File: N.A.
*
*       Hierarchical Global Activity: N.A.
*
*       Global Activity: N.A.
*
*       Sequential Element Activity: 0.200000
*
*       Primary Input Activity: 0.200000
*
*       Default icg ratio: N.A.
*
*       Global Comb ClockGate Ratio: N.A.
*
*	Power Units = 1mW
*
*	Time Units = 1e-12 secs 
*
*       report_power -outfile reports/power.rpt -hierarchy all
*
-----------------------------------------------------------------------------------------


Total Power 
-----------------------------------------------------------------------------------------
Total Internal Power:        0.05726344 	   72.6009%
Total Switching Power:       0.02158797 	   27.3701%
Total Leakage Power:         0.00002284 	    0.0290%
Total Power:                 0.07887425 
-----------------------------------------------------------------------------------------


Group                           Internal   Switching     Leakage       Total  Percentage 
                                Power      Power         Power         Power  (%)        
-----------------------------------------------------------------------------------------
Sequential                       0.04414    0.004122   7.351e-06     0.04827        61.2 
Macro                                  0           0           0           0           0 
IO                                     0           0           0           0           0 
Combinational                    0.01313     0.01747   1.549e-05     0.03061        38.8 
Clock (Combinational)                  0           0           0           0           0 
Clock (Sequential)                     0           0           0           0           0 
-----------------------------------------------------------------------------------------
Total                            0.05726     0.02159   2.284e-05     0.07887         100 
-----------------------------------------------------------------------------------------


Rail                  Voltage   Internal   Switching     Leakage       Total  Percentage 
                                Power      Power         Power         Power  (%)        
-----------------------------------------------------------------------------------------
VDD                       0.7    0.05726     0.02159   2.284e-05     0.07887         100 


Total Power 
-----------------------------------------------------------------------------------------
Total Internal Power:        0.05726344 	   72.6009%
Total Switching Power:       0.02158797 	   27.3701%
Total Leakage Power:         0.00002284 	    0.0290%
Total Power:                 0.07887425 
-----------------------------------------------------------------------------------------


Hierarchy                       Internal   Switching     Leakage       Total  Percentage 
                                Power      Power         Power         Power  (%)        
-----------------------------------------------------------------------------------------


-----------------------------------------------------------------------------------------
*	Power Distribution Summary: 
*                Highest Average Power:                 oS_reg[9] (DFFHQNx1_ASAP7_75t_R):          0.00153 
*                Highest Leakage Power:                 oS_reg[0] (DFFHQNx1_ASAP7_75t_R):        2.298e-07 
*          Total Cap:      3.12341e-13 F
*          Total instances in design:   244
*          Total instances in design with no power:     0
*          Total instances in design with no activity:     0
*          Total Fillers and Decap:     0
-----------------------------------------------------------------------------------------

