============================================================
  Generated by:           Genus(TM) Synthesis Solution 22.17-s071_1
  Generated on:           Apr 08 2026  06:34:15 pm
  Module:                 Adder32
  Technology libraries:   asap7sc7p5t_SIMPLE_SRAM_TT_ccs_211120 1.0
                          asap7sc7p5t_SIMPLE_SLVT_TT_ccs_211120 1.0
                          asap7sc7p5t_SIMPLE_RVT_TT_ccs_211120 1.0
                          asap7sc7p5t_SIMPLE_LVT_TT_ccs_211120 1.0
                          asap7sc7p5t_SEQ_SRAM_TT_ccs_220123 1.0
                          asap7sc7p5t_SEQ_SLVT_TT_ccs_220123 1.0
                          asap7sc7p5t_SEQ_RVT_TT_ccs_220123 1.0
                          asap7sc7p5t_SEQ_LVT_TT_ccs_220123 1.0
                          asap7sc7p5t_OA_SRAM_TT_ccs_211120 1.0
                          asap7sc7p5t_OA_SLVT_TT_ccs_211120 1.0
                          asap7sc7p5t_OA_RVT_TT_ccs_211120 1.0
                          asap7sc7p5t_OA_LVT_TT_ccs_211120 1.0
                          asap7sc7p5t_INVBUF_SRAM_TT_ccs_211120 1.0
                          asap7sc7p5t_INVBUF_SLVT_TT_ccs_211120 1.0
                          asap7sc7p5t_INVBUF_RVT_TT_ccs_211120 1.0
                          asap7sc7p5t_INVBUF_LVT_TT_ccs_211120 1.0
                          asap7sc7p5t_AO_SRAM_TT_ccs_211120 1.0
                          asap7sc7p5t_AO_LVT_TT_ccs_211120 1.0
                          asap7sc7p5t_AO_SLVT_TT_ccs_211120 1.0
                          asap7sc7p5t_AO_RVT_TT_ccs_211120 1.0
  Operating conditions:   PVT_0P7V_25C (balanced_tree)
  Wireload mode:          enclosed
  Area mode:              timing library
============================================================

Instance Module  Cell Count  Cell Area  Net Area   Total Area   Wireload  
--------------------------------------------------------------------------
Adder32                 408     40.474     0.000       40.474 <none> (D)  
  (D) = wireload is default in technology library
