============================================================
  Generated by:           Genus(TM) Synthesis Solution 22.17-s071_1
  Generated on:           Apr 08 2026  06:34:15 pm
  Module:                 Adder32
  Technology libraries:   asap7sc7p5t_SIMPLE_SRAM_TT_ccs_211120 1.0
                          asap7sc7p5t_SIMPLE_SLVT_TT_ccs_211120 1.0
                          asap7sc7p5t_SIMPLE_RVT_TT_ccs_211120 1.0
                          asap7sc7p5t_SIMPLE_LVT_TT_ccs_211120 1.0
                          asap7sc7p5t_SEQ_SRAM_TT_ccs_220123 1.0
                          asap7sc7p5t_SEQ_SLVT_TT_ccs_220123 1.0
                          asap7sc7p5t_SEQ_RVT_TT_ccs_220123 1.0
                          asap7sc7p5t_SEQ_LVT_TT_ccs_220123 1.0
                          asap7sc7p5t_OA_SRAM_TT_ccs_211120 1.0
                          asap7sc7p5t_OA_SLVT_TT_ccs_211120 1.0
                          asap7sc7p5t_OA_RVT_TT_ccs_211120 1.0
                          asap7sc7p5t_OA_LVT_TT_ccs_211120 1.0
                          asap7sc7p5t_INVBUF_SRAM_TT_ccs_211120 1.0
                          asap7sc7p5t_INVBUF_SLVT_TT_ccs_211120 1.0
                          asap7sc7p5t_INVBUF_RVT_TT_ccs_211120 1.0
                          asap7sc7p5t_INVBUF_LVT_TT_ccs_211120 1.0
                          asap7sc7p5t_AO_SRAM_TT_ccs_211120 1.0
                          asap7sc7p5t_AO_LVT_TT_ccs_211120 1.0
                          asap7sc7p5t_AO_SLVT_TT_ccs_211120 1.0
                          asap7sc7p5t_AO_RVT_TT_ccs_211120 1.0
  Operating conditions:   PVT_0P7V_25C (balanced_tree)
  Wireload mode:          enclosed
  Area mode:              timing library
============================================================

Timing
--------

Analysis view Clock Period 
---------------------------
tt            CLK     10.0 


Analysis   Cost   Critical           Violating 
  View    Group  Path Slack   TNS      Paths   
-----------------------------------------------
tt           CLK      -84.4 -3055.6         64 
         default   No paths     0.0          0 
-----------------------------------------------
Total                       -3055.6         64 
                                               

Instance Count
--------------
Leaf Instance Count             408 
Physical Instance count           0 
Sequential Instance Count        32 
Combinational Instance Count    376 
Hierarchical Instance Count       0 

Area
----
Cell Area                          40.474
Physical Cell Area                 0.000
Total Cell Area (Cell+Physical)    40.474
Net Area                           0.000
Total Area (Cell+Physical+Net)     40.474

Max Fanout                         32 (iClk)
Min Fanout                         1 (oS[0])
Average Fanout                     1.8
Terms to net ratio                 2.6160
Terms to instance ratio            3.0392
Runtime                            184.35317000000043 seconds
Elapsed Runtime                    168 seconds
Genus peak memory usage            4151.82 
Innovus peak memory usage          no_value 
Hostname                           vlsiktmt.tailff29c4.ts.net
