Command: report datapath > reports/synthesis_datapath_incr.rpt
Warning: '-sort' is not specified. By default, 'report datapath' orders the components based on instance name
============================================================
  Generated by:           Genus(TM) Synthesis Solution 22.17-s071_1
  Generated on:           Apr 08 2026  06:34:15 pm
  Module:                 Adder32
  Technology libraries:   asap7sc7p5t_SIMPLE_SRAM_TT_ccs_211120 1.0
                          asap7sc7p5t_SIMPLE_SLVT_TT_ccs_211120 1.0
                          asap7sc7p5t_SIMPLE_RVT_TT_ccs_211120 1.0
                          asap7sc7p5t_SIMPLE_LVT_TT_ccs_211120 1.0
                          asap7sc7p5t_SEQ_SRAM_TT_ccs_220123 1.0
                          asap7sc7p5t_SEQ_SLVT_TT_ccs_220123 1.0
                          asap7sc7p5t_SEQ_RVT_TT_ccs_220123 1.0
                          asap7sc7p5t_SEQ_LVT_TT_ccs_220123 1.0
                          asap7sc7p5t_OA_SRAM_TT_ccs_211120 1.0
                          asap7sc7p5t_OA_SLVT_TT_ccs_211120 1.0
                          asap7sc7p5t_OA_RVT_TT_ccs_211120 1.0
                          asap7sc7p5t_OA_LVT_TT_ccs_211120 1.0
                          asap7sc7p5t_INVBUF_SRAM_TT_ccs_211120 1.0
                          asap7sc7p5t_INVBUF_SLVT_TT_ccs_211120 1.0
                          asap7sc7p5t_INVBUF_RVT_TT_ccs_211120 1.0
                          asap7sc7p5t_INVBUF_LVT_TT_ccs_211120 1.0
                          asap7sc7p5t_AO_SRAM_TT_ccs_211120 1.0
                          asap7sc7p5t_AO_LVT_TT_ccs_211120 1.0
                          asap7sc7p5t_AO_SLVT_TT_ccs_211120 1.0
                          asap7sc7p5t_AO_RVT_TT_ccs_211120 1.0
  Operating conditions:   PVT_0P7V_25C (balanced_tree)
  Wireload mode:          enclosed
  Area mode:              timing library
============================================================


      Type       CellArea Percentage 
-------------------------------------
datapath modules     0.00       0.00 
external muxes       0.00       0.00 
others              40.47     100.00 
-------------------------------------
total               40.47     100.00 

