============================================================
  Generated by:           Genus(TM) Synthesis Solution 22.17-s071_1
  Generated on:           Apr 11 2026  12:42:16 pm
  Module:                 Adder32
  Technology libraries:   asap7sc7p5t_SIMPLE_RVT_TT_ccs_211120 1.0
                          asap7sc7p5t_SEQ_RVT_TT_ccs_220123 1.0
                          asap7sc7p5t_OA_RVT_TT_ccs_211120 1.0
                          asap7sc7p5t_INVBUF_RVT_TT_ccs_211120 1.0
                          asap7sc7p5t_AO_RVT_TT_ccs_211120 1.0
  Operating conditions:   PVT_0P7V_25C (balanced_tree)
  Wireload mode:          enclosed
  Area mode:              timing library
============================================================

                                           
          Gate           Instances   Area                  Library                 
-----------------------------------------------------------------------------------
A2O1A1Ixp33_ASAP7_75t_R          2   0.175    asap7sc7p5t_AO_RVT_TT_ccs_211120     
AND2x2_ASAP7_75t_R               8   0.700    asap7sc7p5t_SIMPLE_RVT_TT_ccs_211120 
AO21x1_ASAP7_75t_R               1   0.087    asap7sc7p5t_AO_RVT_TT_ccs_211120     
AOI21x1_ASAP7_75t_R              1   0.117    asap7sc7p5t_AO_RVT_TT_ccs_211120     
AOI21xp5_ASAP7_75t_R            15   1.094    asap7sc7p5t_AO_RVT_TT_ccs_211120     
DFFHQNx1_ASAP7_75t_R            32   9.331    asap7sc7p5t_SEQ_RVT_TT_ccs_220123    
HAxp5_ASAP7_75t_R                7   0.919    asap7sc7p5t_SIMPLE_RVT_TT_ccs_211120 
HB1xp67_ASAP7_75t_R              6   0.350    asap7sc7p5t_INVBUF_RVT_TT_ccs_211120 
INVx1_ASAP7_75t_R               16   0.700    asap7sc7p5t_INVBUF_RVT_TT_ccs_211120 
INVx2_ASAP7_75t_R                2   0.117    asap7sc7p5t_INVBUF_RVT_TT_ccs_211120 
INVx3_ASAP7_75t_R                4   0.292    asap7sc7p5t_INVBUF_RVT_TT_ccs_211120 
INVxp67_ASAP7_75t_R             19   0.831    asap7sc7p5t_INVBUF_RVT_TT_ccs_211120 
NAND2x1p5_ASAP7_75t_R            1   0.117    asap7sc7p5t_SIMPLE_RVT_TT_ccs_211120 
NAND2xp33_ASAP7_75t_R            6   0.350    asap7sc7p5t_SIMPLE_RVT_TT_ccs_211120 
NAND2xp5_ASAP7_75t_R            29   1.691    asap7sc7p5t_SIMPLE_RVT_TT_ccs_211120 
NOR2x1_ASAP7_75t_R               1   0.087    asap7sc7p5t_SIMPLE_RVT_TT_ccs_211120 
NOR2xp33_ASAP7_75t_R            37   2.158    asap7sc7p5t_SIMPLE_RVT_TT_ccs_211120 
NOR3xp33_ASAP7_75t_R             1   0.073    asap7sc7p5t_SIMPLE_RVT_TT_ccs_211120 
NOR4xp25_ASAP7_75t_R             1   0.087    asap7sc7p5t_SIMPLE_RVT_TT_ccs_211120 
OA21x2_ASAP7_75t_R               6   0.612    asap7sc7p5t_OA_RVT_TT_ccs_211120     
OAI21x1_ASAP7_75t_R              3   0.350    asap7sc7p5t_OA_RVT_TT_ccs_211120     
OAI21xp33_ASAP7_75t_R            3   0.219    asap7sc7p5t_OA_RVT_TT_ccs_211120     
OAI21xp5_ASAP7_75t_R            14   1.021    asap7sc7p5t_OA_RVT_TT_ccs_211120     
OR2x2_ASAP7_75t_R                4   0.350    asap7sc7p5t_SIMPLE_RVT_TT_ccs_211120 
OR3x1_ASAP7_75t_R                1   0.087    asap7sc7p5t_SIMPLE_RVT_TT_ccs_211120 
XNOR2x2_ASAP7_75t_R              1   0.160    asap7sc7p5t_SIMPLE_RVT_TT_ccs_211120 
XNOR2xp5_ASAP7_75t_R            29   3.805    asap7sc7p5t_SIMPLE_RVT_TT_ccs_211120 
XOR2xp5_ASAP7_75t_R              2   0.262    asap7sc7p5t_SIMPLE_RVT_TT_ccs_211120 
-----------------------------------------------------------------------------------
total                          252  26.142                                         


               Library               Instances  Area  Instances % 
------------------------------------------------------------------
asap7sc7p5t_AO_RVT_TT_ccs_211120            19  1.473         7.5 
asap7sc7p5t_INVBUF_RVT_TT_ccs_211120        47  2.289        18.7 
asap7sc7p5t_OA_RVT_TT_ccs_211120            26  2.202        10.3 
asap7sc7p5t_SEQ_RVT_TT_ccs_220123           32  9.331        12.7 
asap7sc7p5t_SIMPLE_RVT_TT_ccs_211120       128 10.848        50.8 

                                       
     Type      Instances  Area  Area % 
---------------------------------------
sequential            32  9.331   35.7 
inverter              41  1.939    7.4 
buffer                 6  0.350    1.3 
logic                173 14.522   55.5 
physical_cells         0  0.000    0.0 
---------------------------------------
total                252 26.142  100.0 

