
Cadence Innovus(TM) Implementation System.
Copyright 2022 Cadence Design Systems, Inc. All rights reserved worldwide.

Version:	v22.17-s086_1, built Tue Sep 24 10:51:50 PDT 2024
Options:	-files tcl/innovus.tcl 
Date:		Sun Apr  5 11:18:47 2026
Host:		vlsiktmt (x86_64 w/Linux 3.10.0-1160.119.1.el7.x86_64) (1core*2cpus*Intel(R) Xeon(R) Gold 5218 CPU @ 2.30GHz 22528KB)
OS:		CentOS Linux 7 (Core)

License:
		[11:18:47.222129] Configured Lic search path (22.01-s003): 5280@172.28.10.187

		invs	Innovus Implementation System	22.1	checkout succeeded
		8 CPU jobs allowed with the current license(s). Use setMultiCpuUsage to set your required CPU count.
Change the soft stacksize limit to 0.2%RAM (64 mbytes). Set global soft_stack_size_limit to change the value.

**INFO:  MMMC transition support version v31-84 

<CMD> set_global _enable_mmmc_by_default_flow      $CTE::mmmc_default
<CMD> suppressMessage ENCEXT-2799
<CMD> getVersion
[INFO] Loading PVS 23.11 fill procedures
Sourcing file "tcl/innovus.tcl" ...
source tcl/innovus.tcl
<CMD> set init_lef_file {../../Asap7/asap7/asap7sc7p5t_28/techlef_misc/asap7_tech_4x_201209.lef ../../Asap7/asap7/asap7sc7p5t_28/LEF/scaled/asap7sc7p5t_28_L_4x_220121a.lef ../../Asap7/asap7/asap7sc7p5t_28/LEF/scaled/asap7sc7p5t_28_R_4x_220121a.lef ../../Asap7/asap7/asap7sc7p5t_28/LEF/scaled/asap7sc7p5t_28_SL_4x_220121a.lef ../../Asap7/asap7/asap7sc7p5t_28/LEF/scaled/asap7sc7p5t_28_SRAM_4x_220121a.lef ../../Asap7/asap7/asap7_sram_0p0/generated/LEF/srambank_256x4x32_6t122.lef}
<CMD> set init_verilog outputs/synthesis_net.v
<CMD> set init_top_cell top_axi_ram
<CMD> set init_pwr_net VDD
<CMD> set init_gnd_net VSS
<CMD> set init_layout_view layout
<CMD> set init_abstract_view abstract
<CMD> set init_mmmc_file tcl/viewDefination.tcl
<CMD> init_design
#% Begin Load MMMC data ... (date=04/05 11:19:46, mem=1332.9M)
#% End Load MMMC data ... (date=04/05 11:19:46, total cpu=0:00:00.0, real=0:00:00.0, peak res=1334.1M, current mem=1334.1M)
rc_typical

Loading LEF file ../../Asap7/asap7/asap7sc7p5t_28/techlef_misc/asap7_tech_4x_201209.lef ...

Loading LEF file ../../Asap7/asap7/asap7sc7p5t_28/LEF/scaled/asap7sc7p5t_28_L_4x_220121a.lef ...
Set DBUPerIGU to M1 pitch 576.

Loading LEF file ../../Asap7/asap7/asap7sc7p5t_28/LEF/scaled/asap7sc7p5t_28_R_4x_220121a.lef ...

Loading LEF file ../../Asap7/asap7/asap7sc7p5t_28/LEF/scaled/asap7sc7p5t_28_SL_4x_220121a.lef ...

Loading LEF file ../../Asap7/asap7/asap7sc7p5t_28/LEF/scaled/asap7sc7p5t_28_SRAM_4x_220121a.lef ...

Loading LEF file ../../Asap7/asap7/asap7_sram_0p0/generated/LEF/srambank_256x4x32_6t122.lef ...
**ERROR: (IMPLF-82):	The x coordinate value 30.2580
in pin 'VDD' in macro 'srambank_256x4x32_6t122' is not on Manufacturing Grid.
This is likely to result in placement/routing that cannot be manufactured. Check the manufacturing grid defined in the technology LEF file (MANUFACTURINGGRID) and make sure the value is an integral multiple of the grid.
**ERROR: (IMPLF-82):	The x coordinate value 30.2580
in pin 'VDD' in macro 'srambank_256x4x32_6t122' is not on Manufacturing Grid.
This is likely to result in placement/routing that cannot be manufactured. Check the manufacturing grid defined in the technology LEF file (MANUFACTURINGGRID) and make sure the value is an integral multiple of the grid.
**ERROR: (IMPLF-82):	The x coordinate value 30.2580
in pin 'VDD' in macro 'srambank_256x4x32_6t122' is not on Manufacturing Grid.
This is likely to result in placement/routing that cannot be manufactured. Check the manufacturing grid defined in the technology LEF file (MANUFACTURINGGRID) and make sure the value is an integral multiple of the grid.
**ERROR: (IMPLF-82):	The x coordinate value 30.2580
in pin 'VDD' in macro 'srambank_256x4x32_6t122' is not on Manufacturing Grid.
This is likely to result in placement/routing that cannot be manufactured. Check the manufacturing grid defined in the technology LEF file (MANUFACTURINGGRID) and make sure the value is an integral multiple of the grid.
**ERROR: (IMPLF-82):	The x coordinate value 30.2580
in pin 'VDD' in macro 'srambank_256x4x32_6t122' is not on Manufacturing Grid.
This is likely to result in placement/routing that cannot be manufactured. Check the manufacturing grid defined in the technology LEF file (MANUFACTURINGGRID) and make sure the value is an integral multiple of the grid.
**ERROR: (IMPLF-82):	The x coordinate value 30.2580
in pin 'VDD' in macro 'srambank_256x4x32_6t122' is not on Manufacturing Grid.
This is likely to result in placement/routing that cannot be manufactured. Check the manufacturing grid defined in the technology LEF file (MANUFACTURINGGRID) and make sure the value is an integral multiple of the grid.
**ERROR: (IMPLF-82):	The x coordinate value 30.2580
in pin 'VDD' in macro 'srambank_256x4x32_6t122' is not on Manufacturing Grid.
This is likely to result in placement/routing that cannot be manufactured. Check the manufacturing grid defined in the technology LEF file (MANUFACTURINGGRID) and make sure the value is an integral multiple of the grid.
**ERROR: (IMPLF-82):	The x coordinate value 30.2580
in pin 'VDD' in macro 'srambank_256x4x32_6t122' is not on Manufacturing Grid.
This is likely to result in placement/routing that cannot be manufactured. Check the manufacturing grid defined in the technology LEF file (MANUFACTURINGGRID) and make sure the value is an integral multiple of the grid.
**ERROR: (IMPLF-82):	The x coordinate value 30.2580
in pin 'VDD' in macro 'srambank_256x4x32_6t122' is not on Manufacturing Grid.
This is likely to result in placement/routing that cannot be manufactured. Check the manufacturing grid defined in the technology LEF file (MANUFACTURINGGRID) and make sure the value is an integral multiple of the grid.
**ERROR: (IMPLF-82):	The x coordinate value 30.2580
in pin 'VDD' in macro 'srambank_256x4x32_6t122' is not on Manufacturing Grid.
This is likely to result in placement/routing that cannot be manufactured. Check the manufacturing grid defined in the technology LEF file (MANUFACTURINGGRID) and make sure the value is an integral multiple of the grid.
**ERROR: (IMPLF-82):	The x coordinate value 30.2580
in pin 'VDD' in macro 'srambank_256x4x32_6t122' is not on Manufacturing Grid.
This is likely to result in placement/routing that cannot be manufactured. Check the manufacturing grid defined in the technology LEF file (MANUFACTURINGGRID) and make sure the value is an integral multiple of the grid.
**ERROR: (IMPLF-82):	The x coordinate value 30.2580
in pin 'VDD' in macro 'srambank_256x4x32_6t122' is not on Manufacturing Grid.
This is likely to result in placement/routing that cannot be manufactured. Check the manufacturing grid defined in the technology LEF file (MANUFACTURINGGRID) and make sure the value is an integral multiple of the grid.
**ERROR: (IMPLF-82):	The x coordinate value 30.2580
in pin 'VDD' in macro 'srambank_256x4x32_6t122' is not on Manufacturing Grid.
This is likely to result in placement/routing that cannot be manufactured. Check the manufacturing grid defined in the technology LEF file (MANUFACTURINGGRID) and make sure the value is an integral multiple of the grid.
**ERROR: (IMPLF-82):	The x coordinate value 30.2580
in pin 'VDD' in macro 'srambank_256x4x32_6t122' is not on Manufacturing Grid.
This is likely to result in placement/routing that cannot be manufactured. Check the manufacturing grid defined in the technology LEF file (MANUFACTURINGGRID) and make sure the value is an integral multiple of the grid.
**ERROR: (IMPLF-82):	The x coordinate value 30.2580
in pin 'VDD' in macro 'srambank_256x4x32_6t122' is not on Manufacturing Grid.
This is likely to result in placement/routing that cannot be manufactured. Check the manufacturing grid defined in the technology LEF file (MANUFACTURINGGRID) and make sure the value is an integral multiple of the grid.
**ERROR: (IMPLF-82):	The x coordinate value 30.2580
in pin 'VDD' in macro 'srambank_256x4x32_6t122' is not on Manufacturing Grid.
This is likely to result in placement/routing that cannot be manufactured. Check the manufacturing grid defined in the technology LEF file (MANUFACTURINGGRID) and make sure the value is an integral multiple of the grid.
**ERROR: (IMPLF-82):	The y coordinate value 26.5790
in pin 'VDD' in macro 'srambank_256x4x32_6t122' is not on Manufacturing Grid.
This is likely to result in placement/routing that cannot be manufactured. Check the manufacturing grid defined in the technology LEF file (MANUFACTURINGGRID) and make sure the value is an integral multiple of the grid.
**ERROR: (IMPLF-82):	The x coordinate value 30.2580
in pin 'VDD' in macro 'srambank_256x4x32_6t122' is not on Manufacturing Grid.
This is likely to result in placement/routing that cannot be manufactured. Check the manufacturing grid defined in the technology LEF file (MANUFACTURINGGRID) and make sure the value is an integral multiple of the grid.
**ERROR: (IMPLF-82):	The y coordinate value 26.6270
in pin 'VDD' in macro 'srambank_256x4x32_6t122' is not on Manufacturing Grid.
This is likely to result in placement/routing that cannot be manufactured. Check the manufacturing grid defined in the technology LEF file (MANUFACTURINGGRID) and make sure the value is an integral multiple of the grid.
**ERROR: (IMPLF-82):	The y coordinate value 27.6590
in pin 'VDD' in macro 'srambank_256x4x32_6t122' is not on Manufacturing Grid.
This is likely to result in placement/routing that cannot be manufactured. Check the manufacturing grid defined in the technology LEF file (MANUFACTURINGGRID) and make sure the value is an integral multiple of the grid.
**WARN: (EMS-27):	Message (IMPLF-82) has exceeded the current message display limit of 20.
To increase the message display limit, refer to the product command reference manual.
WARNING (LEFPARS-2065): Either PATH, RECT or POLYGON statement is a required in MACRO/PIN/PORT. See file ../../Asap7/asap7/asap7_sram_0p0/generated/LEF/srambank_256x4x32_6t122.lef at line 1435.
WARNING (LEFPARS-2065): Either PATH, RECT or POLYGON statement is a required in MACRO/PIN/PORT. See file ../../Asap7/asap7/asap7_sram_0p0/generated/LEF/srambank_256x4x32_6t122.lef at line 1442.
WARNING (LEFPARS-2065): Either PATH, RECT or POLYGON statement is a required in MACRO/PIN/PORT. See file ../../Asap7/asap7/asap7_sram_0p0/generated/LEF/srambank_256x4x32_6t122.lef at line 1449.
WARNING (LEFPARS-2065): Either PATH, RECT or POLYGON statement is a required in MACRO/PIN/PORT. See file ../../Asap7/asap7/asap7_sram_0p0/generated/LEF/srambank_256x4x32_6t122.lef at line 1456.
WARNING (LEFPARS-2065): Either PATH, RECT or POLYGON statement is a required in MACRO/PIN/PORT. See file ../../Asap7/asap7/asap7_sram_0p0/generated/LEF/srambank_256x4x32_6t122.lef at line 1463.
WARNING (LEFPARS-2065): Either PATH, RECT or POLYGON statement is a required in MACRO/PIN/PORT. See file ../../Asap7/asap7/asap7_sram_0p0/generated/LEF/srambank_256x4x32_6t122.lef at line 1470.
WARNING (LEFPARS-2065): Either PATH, RECT or POLYGON statement is a required in MACRO/PIN/PORT. See file ../../Asap7/asap7/asap7_sram_0p0/generated/LEF/srambank_256x4x32_6t122.lef at line 1477.
WARNING (LEFPARS-2065): Either PATH, RECT or POLYGON statement is a required in MACRO/PIN/PORT. See file ../../Asap7/asap7/asap7_sram_0p0/generated/LEF/srambank_256x4x32_6t122.lef at line 1484.
WARNING (LEFPARS-2065): Either PATH, RECT or POLYGON statement is a required in MACRO/PIN/PORT. See file ../../Asap7/asap7/asap7_sram_0p0/generated/LEF/srambank_256x4x32_6t122.lef at line 1503.
WARNING (LEFPARS-2065): Either PATH, RECT or POLYGON statement is a required in MACRO/PIN/PORT. See file ../../Asap7/asap7/asap7_sram_0p0/generated/LEF/srambank_256x4x32_6t122.lef at line 1510.
WARNING (LEFPARS-2065): Either PATH, RECT or POLYGON statement is a required in MACRO/PIN/PORT. See file ../../Asap7/asap7/asap7_sram_0p0/generated/LEF/srambank_256x4x32_6t122.lef at line 1517.
WARNING (LEFPARS-2065): Either PATH, RECT or POLYGON statement is a required in MACRO/PIN/PORT. See file ../../Asap7/asap7/asap7_sram_0p0/generated/LEF/srambank_256x4x32_6t122.lef at line 1524.
WARNING (LEFPARS-2065): Either PATH, RECT or POLYGON statement is a required in MACRO/PIN/PORT. See file ../../Asap7/asap7/asap7_sram_0p0/generated/LEF/srambank_256x4x32_6t122.lef at line 1531.
WARNING (LEFPARS-2065): Either PATH, RECT or POLYGON statement is a required in MACRO/PIN/PORT. See file ../../Asap7/asap7/asap7_sram_0p0/generated/LEF/srambank_256x4x32_6t122.lef at line 1538.
WARNING (LEFPARS-2065): Either PATH, RECT or POLYGON statement is a required in MACRO/PIN/PORT. See file ../../Asap7/asap7/asap7_sram_0p0/generated/LEF/srambank_256x4x32_6t122.lef at line 1545.
WARNING (LEFPARS-2065): Either PATH, RECT or POLYGON statement is a required in MACRO/PIN/PORT. See file ../../Asap7/asap7/asap7_sram_0p0/generated/LEF/srambank_256x4x32_6t122.lef at line 1552.
WARNING (LEFPARS-2065): Either PATH, RECT or POLYGON statement is a required in MACRO/PIN/PORT. See file ../../Asap7/asap7/asap7_sram_0p0/generated/LEF/srambank_256x4x32_6t122.lef at line 1559.
WARNING (LEFPARS-2065): Either PATH, RECT or POLYGON statement is a required in MACRO/PIN/PORT. See file ../../Asap7/asap7/asap7_sram_0p0/generated/LEF/srambank_256x4x32_6t122.lef at line 1566.
WARNING (LEFPARS-2065): Either PATH, RECT or POLYGON statement is a required in MACRO/PIN/PORT. See file ../../Asap7/asap7/asap7_sram_0p0/generated/LEF/srambank_256x4x32_6t122.lef at line 1585.
WARNING (LEFPARS-2065): Either PATH, RECT or POLYGON statement is a required in MACRO/PIN/PORT. See file ../../Asap7/asap7/asap7_sram_0p0/generated/LEF/srambank_256x4x32_6t122.lef at line 1592.
**ERROR: (IMPLF-40):	Macro 'srambank_256x4x32_6t122' references a site 'coreSite' that has not been defined. The sites must be defined before they can be referenced from a macro. Review the LEF files specified in the init_lef_file variable to see if the site does not exist or is specified after the one that defines the macro.
Type 'man IMPLF-40' for more detail.

##  Check design process and node:  
##  Both design process and tech node are not set.

Loading view definition file from tcl/viewDefination.tcl
Reading libset_typical timing library '/data/tkvm2/Asap7/asap7/asap7sc7p5t_28/LIB/NLDM/asap7sc7p5t_AO_RVT_TT_nldm_211120.lib' ...
Read 42 cells in library 'asap7sc7p5t_AO_RVT_TT_nldm_211120' 
Reading libset_typical timing library '/data/tkvm2/Asap7/asap7/asap7sc7p5t_28/LIB/NLDM/asap7sc7p5t_INVBUF_RVT_TT_nldm_220122.lib' ...
Read 37 cells in library 'asap7sc7p5t_INVBUF_RVT_TT_nldm_211120' 
Reading libset_typical timing library '/data/tkvm2/Asap7/asap7/asap7sc7p5t_28/LIB/NLDM/asap7sc7p5t_OA_RVT_TT_nldm_211120.lib' ...
Read 34 cells in library 'asap7sc7p5t_OA_RVT_TT_nldm_211120' 
Reading libset_typical timing library '/data/tkvm2/Asap7/asap7/asap7sc7p5t_28/LIB/NLDM/asap7sc7p5t_SEQ_RVT_TT_nldm_220123.lib' ...
Read 33 cells in library 'asap7sc7p5t_SEQ_RVT_TT_nldm_220123' 
Reading libset_typical timing library '/data/tkvm2/Asap7/asap7/asap7sc7p5t_28/LIB/NLDM/asap7sc7p5t_SIMPLE_RVT_TT_nldm_211120.lib' ...
**WARN: (TECHLIB-1277):	The attribute 'input_signal_level' has been defined for output pin 'CON'. 'input_signal_level' cannot be defined at this level and is being ignored. (File /data/tkvm2/Asap7/asap7/asap7sc7p5t_28/LIB/NLDM/asap7sc7p5t_SIMPLE_RVT_TT_nldm_211120.lib, Line 11387)
**WARN: (TECHLIB-1277):	The attribute 'input_signal_level' has been defined for output pin 'CON'. 'input_signal_level' cannot be defined at this level and is being ignored. (File /data/tkvm2/Asap7/asap7/asap7sc7p5t_28/LIB/NLDM/asap7sc7p5t_SIMPLE_RVT_TT_nldm_211120.lib, Line 14287)
Read 56 cells in library 'asap7sc7p5t_SIMPLE_RVT_TT_nldm_211120' 
Reading libset_typical timing library '/data/tkvm2/Asap7/asap7/asap7_sram_0p0/generated/LIB/srambank_256x4x32_6t122.lib' ...
Read 1 cells in library 'srambank_256x4x32_6t122' 
*** End library_loading (cpu=0.05min, real=0.12min, mem=20.0M, fe_cpu=0.51min, fe_real=1.12min, fe_mem=1516.0M) ***
#% Begin Load netlist data ... (date=04/05 11:19:53, mem=1353.9M)
*** Begin netlist parsing (mem=1516.0M) ***
**WARN: (IMPVL-536):	The PG type of pin 'VSS' of cell 'srambank_256x4x32_6t122' doesn't match between the timing library and LEF file. In the timing library the pin is defined as 'ground' pin, but in LEF file it is defined as 'power' pin. Check the library data and make the update accordingly.
**WARN: (IMPVL-159):	Pin 'sdel[0]' of cell 'srambank_256x4x32_6t122' is defined in LEF but not in the timing library.
Type 'man IMPVL-159' for more detail.
**WARN: (IMPVL-159):	Pin 'sdel[1]' of cell 'srambank_256x4x32_6t122' is defined in LEF but not in the timing library.
Type 'man IMPVL-159' for more detail.
**WARN: (IMPVL-159):	Pin 'sdel[2]' of cell 'srambank_256x4x32_6t122' is defined in LEF but not in the timing library.
Type 'man IMPVL-159' for more detail.
**WARN: (IMPVL-159):	Pin 'sdel[3]' of cell 'srambank_256x4x32_6t122' is defined in LEF but not in the timing library.
Type 'man IMPVL-159' for more detail.
**WARN: (IMPVL-159):	Pin 'sdel[4]' of cell 'srambank_256x4x32_6t122' is defined in LEF but not in the timing library.
Type 'man IMPVL-159' for more detail.
**WARN: (IMPVL-159):	Pin 'dataout[32]' of cell 'srambank_256x4x32_6t122' is defined in LEF but not in the timing library.
Type 'man IMPVL-159' for more detail.
**WARN: (IMPVL-159):	Pin 'dataout[33]' of cell 'srambank_256x4x32_6t122' is defined in LEF but not in the timing library.
Type 'man IMPVL-159' for more detail.
**WARN: (IMPVL-159):	Pin 'dataout[34]' of cell 'srambank_256x4x32_6t122' is defined in LEF but not in the timing library.
Type 'man IMPVL-159' for more detail.
**WARN: (IMPVL-159):	Pin 'dataout[35]' of cell 'srambank_256x4x32_6t122' is defined in LEF but not in the timing library.
Type 'man IMPVL-159' for more detail.
**WARN: (IMPVL-159):	Pin 'dataout[36]' of cell 'srambank_256x4x32_6t122' is defined in LEF but not in the timing library.
Type 'man IMPVL-159' for more detail.
**WARN: (IMPVL-159):	Pin 'dataout[37]' of cell 'srambank_256x4x32_6t122' is defined in LEF but not in the timing library.
Type 'man IMPVL-159' for more detail.
**WARN: (IMPVL-159):	Pin 'dataout[38]' of cell 'srambank_256x4x32_6t122' is defined in LEF but not in the timing library.
Type 'man IMPVL-159' for more detail.
**WARN: (IMPVL-159):	Pin 'dataout[39]' of cell 'srambank_256x4x32_6t122' is defined in LEF but not in the timing library.
Type 'man IMPVL-159' for more detail.
**WARN: (IMPVL-159):	Pin 'dataout[40]' of cell 'srambank_256x4x32_6t122' is defined in LEF but not in the timing library.
Type 'man IMPVL-159' for more detail.
**WARN: (IMPVL-159):	Pin 'dataout[41]' of cell 'srambank_256x4x32_6t122' is defined in LEF but not in the timing library.
Type 'man IMPVL-159' for more detail.
**WARN: (IMPVL-159):	Pin 'dataout[42]' of cell 'srambank_256x4x32_6t122' is defined in LEF but not in the timing library.
Type 'man IMPVL-159' for more detail.
**WARN: (IMPVL-159):	Pin 'dataout[43]' of cell 'srambank_256x4x32_6t122' is defined in LEF but not in the timing library.
Type 'man IMPVL-159' for more detail.
**WARN: (IMPVL-159):	Pin 'dataout[44]' of cell 'srambank_256x4x32_6t122' is defined in LEF but not in the timing library.
Type 'man IMPVL-159' for more detail.
**WARN: (IMPVL-159):	Pin 'dataout[45]' of cell 'srambank_256x4x32_6t122' is defined in LEF but not in the timing library.
Type 'man IMPVL-159' for more detail.
**WARN: (IMPVL-159):	Pin 'dataout[46]' of cell 'srambank_256x4x32_6t122' is defined in LEF but not in the timing library.
Type 'man IMPVL-159' for more detail.
**WARN: (EMS-27):	Message (IMPVL-159) has exceeded the current message display limit of 20.
To increase the message display limit, refer to the product command reference manual.
**ERROR: (IMPDB-2163):	Cell 'srambank_256x4x32_6t122' has inconsistent pin definitions between timing library and LEF.  There are extra bus-bit pins defined in LEF, e.g., 'wd[63]'.  Fix the mismatch and reload the design.
**ERROR: (IMPDB-2160):	Bus 'wd' of cell 'srambank_256x4x32_6t122' has different definitions between timing library ([31:0]) and LEF ([63:32]).  Fix the mismatch and reload the design.
#% End Load netlist data ... (date=04/05 11:19:53, total cpu=0:00:00.0, real=0:00:00.0, peak res=1358.8M, current mem=1358.8M)
**ERROR: (IMPVL-902):	Failed to read netlist outputs/synthesis_net.v. See previous error messages for details.  Resolve the issues and reload the design.
**ERROR: (IMPSYT-6692):	Invalid return code while executing 'tcl/innovus.tcl' was returned and script processing was stopped. Review the following error in 'tcl/innovus.tcl' then restart.
Error info: tcl/innovus.tcl: 
    while executing
"error $msg"
    (procedure "apply_design" line 34)
    invoked from within
"apply_design $loadViewDefinition"
    (procedure "init_design" line 408)
    invoked from within
"init_design"
    (file "tcl/innovus.tcl" line 2)
    invoked from within
"::se_source_orig tcl/innovus.tcl"
    ("uplevel" body line 1)
    invoked from within
"uplevel [concat ::se_source_orig  $args] "
    (procedure "source" line 224)
    invoked from within
"source tcl/innovus.tcl"
    invoked from within
"::se::run_command_from_console "source tcl/innovus.tcl""
    ("eval" body line 1)
    invoked from within
"eval {::se::run_command_from_console "source tcl/innovus.tcl"}"
    (in namespace inscope "::" script line 1)
    invoked from within
"namespace inscope :: eval "::se::run_command_from_console \"source $fileName\""".
<CMD> win
<CMD> set enc_check_rename_command_name 1
<CMD> zoomBox -0.00850 -0.00375 0.02650 0.02800
<CMD> zoomBox -0.01400 -0.00625 0.02750 0.03125
<CMD> zoomBox -0.03650 -0.01675 0.03150 0.04475
<CMD> zoomBox -0.10900 -0.05025 0.04425 0.08850

--------------------------------------------------------------------------------
Exiting Innovus on Sun Apr  5 11:20:37 2026
  Total CPU time:     0:00:32
  Total real time:    0:01:53
  Peak memory (main): 1411.47MB


*** Memory Usage v#1 (Current mem = 1522.414M, initial mem = 646.375M) ***
*** Message Summary: 72 warning(s), 35104 error(s)

--- Ending "Innovus" (totcpu=0:00:31.0, real=0:01:50, mem=1522.4M) ---
