-------------------------------------------------------------------------------
Name     : Shielded net name
Length   : Shielded net length
Shield   : Total length of shielding wire
Ratio    : Average shielding ratio
-------------------------------------------------------------------------------
Name          Length    Shield    Ratio   
                                         Layer:      Length     Shield  Ratio
-------------------------------------------------------------------------------
CTS_25:   preferred: M5 - M6
                 0.6       0.0    0.000
                                             M1:        0.6        0.0  0.000
CTS_33:   preferred: M5 - M6
                 0.7       0.0    0.000
                                             M2:        0.7        0.0  0.000
CTS_68:   preferred: M5 - M6
                 0.7       0.0    0.000
                                             M2:        0.7        0.0  0.000
CTS_79:   preferred: M5 - M6
                 0.9       0.0    0.000
                                             M2:        0.9        0.0  0.000
CTS_74:   preferred: M5 - M6
                 0.9       0.0    0.000
                                             M2:        0.9        0.0  0.000
CTS_7:   preferred: M5 - M6
                 0.9       0.0    0.000
                                             M2:        0.9        0.0  0.000
CTS_168:   preferred: M5 - M6
                 1.3       0.0    0.000
                                             M2:        1.3        0.0  0.000
CTS_171:   preferred: M5 - M6
                 1.3       0.0    0.000
                                             M2:        1.3        0.0  0.000
CTS_108:   preferred: M5 - M6
                 1.5       0.0    0.000
                                             M2:        0.9        0.0  0.000
                                             M3:        0.6        0.0  0.000
CTS_14:   preferred: M5 - M6
                 2.2       0.0    0.000
                                             M2:        0.3        0.0  0.000
                                             M3:        1.9        0.0  0.000
CTS_180:   preferred: M5 - M6
                 2.3       0.0    0.000
                                             M2:        2.3        0.0  0.000
CTS_140:   preferred: M5 - M6
                 2.4       0.0    0.000
                                             M2:        0.9        0.0  0.000
                                             M3:        1.6        0.0  0.000
CTS_169:   preferred: M5 - M6
                 2.9       0.0    0.000
                                             M2:        1.3        0.0  0.000
                                             M3:        1.6        0.0  0.000
CTS_32:   preferred: M5 - M6
                 3.0       0.0    0.000
                                             M2:        2.4        0.0  0.000
                                             M3:        0.5        0.0  0.000
CTS_177:   preferred: M5 - M6
                 3.0       0.0    0.000
                                             M2:        2.2        0.0  0.000
                                             M3:        0.8        0.0  0.000
CTS_128:   preferred: M5 - M6
                 3.2       0.0    0.000
                                             M2:        1.6        0.0  0.000
                                             M3:        1.6        0.0  0.000
CTS_16:   preferred: M5 - M6
                 3.3       0.0    0.000
                                             M2:        3.3        0.0  0.000
CTS_175:   preferred: M5 - M6
                 3.3       0.0    0.000
                                             M2:        1.7        0.0  0.000
                                             M3:        1.6        0.0  0.000
CTS_164:   preferred: M5 - M6
                 3.3       0.0    0.000
                                             M2:        1.3        0.0  0.000
                                             M3:        2.0        0.0  0.000
CTS_174:   preferred: M5 - M6
                 3.5       0.0    0.000
                                             M2:        3.5        0.0  0.000
CTS_45:   preferred: M5 - M6
                 3.6       0.0    0.000
                                             M2:        2.0        0.0  0.000
                                             M3:        1.6        0.0  0.000
CTS_183:   preferred: M5 - M6
                 3.6       0.0    0.000
                                             M2:        1.3        0.0  0.000
                                             M3:        2.3        0.0  0.000
CTS_41:   preferred: M5 - M6
                 3.7       0.0    0.000
                                             M2:        1.0        0.0  0.000
                                             M3:        2.7        0.0  0.000
CTS_165:   preferred: M5 - M6
                 3.9       0.0    0.000
                                             M2:        3.9        0.0  0.000
CTS_24:   preferred: M5 - M6
                 4.0       0.0    0.000
                                             M2:        3.3        0.0  0.000
                                             M3:        0.6        0.0  0.000
CTS_97:   preferred: M5 - M6
                 4.8       0.0    0.000
                                             M2:        2.9        0.0  0.000
                                             M3:        1.9        0.0  0.000
CTS_134:   preferred: M5 - M6
                 5.3       0.0    0.000
                                             M2:        3.7        0.0  0.000
                                             M3:        1.6        0.0  0.000
CTS_144:   preferred: M5 - M6
                 5.6       0.0    0.000
                                             M2:        3.7        0.0  0.000
                                             M3:        1.9        0.0  0.000
CTS_162:   preferred: M5 - M6
                 5.8       0.0    0.000
                                             M2:        3.7        0.0  0.000
                                             M3:        2.0        0.0  0.000
CTS_111:   preferred: M5 - M6
                 5.8       0.0    0.000
                                             M2:        1.2        0.0  0.000
                                             M3:        4.6        0.0  0.000
CTS_48:   preferred: M5 - M6
                 5.8       0.0    0.000
                                             M2:        5.2        0.0  0.000
                                             M3:        0.6        0.0  0.000
CTS_9:   preferred: M5 - M6
                 6.0       0.0    0.000
                                             M2:        5.6        0.0  0.000
                                             M3:        0.4        0.0  0.000
CTS_75:   preferred: M5 - M6
                 6.2       0.0    0.000
                                             M1:        0.1        0.0  0.000
                                             M2:        1.7        0.0  0.000
                                             M3:        4.3        0.0  0.000
CTS_55:   preferred: M5 - M6
                 6.3       0.0    0.000
                                             M2:        1.3        0.0  0.000
                                             M3:        5.0        0.0  0.000
CTS_149:   preferred: M5 - M6
                 6.3       0.0    0.000
                                             M2:        2.6        0.0  0.000
                                             M3:        3.7        0.0  0.000
CTS_66:   preferred: M5 - M6
                 6.4       0.0    0.000
                                             M2:        1.6        0.0  0.000
                                             M3:        4.8        0.0  0.000
CTS_132:   preferred: M5 - M6
                 6.8       0.0    0.000
                                             M2:        2.9        0.0  0.000
                                             M3:        3.9        0.0  0.000
CTS_129:   preferred: M5 - M6
                 6.8       0.0    0.000
                                             M2:        1.4        0.0  0.000
                                             M3:        5.4        0.0  0.000
CTS_3:   preferred: M5 - M6
                 6.8       0.0    0.000
                                             M2:        1.3        0.0  0.000
                                             M3:        5.5        0.0  0.000
CTS_52:   preferred: M5 - M6
                 7.1       0.0    0.000
                                             M2:        7.1        0.0  0.000
CTS_54:   preferred: M5 - M6
                 7.3       0.0    0.000
                                             M2:        3.5        0.0  0.000
                                             M3:        3.9        0.0  0.000
CTS_122:   preferred: M5 - M6
                 7.5       0.0    0.000
                                             M2:        5.2        0.0  0.000
                                             M3:        2.3        0.0  0.000
CTS_158:   preferred: M5 - M6
                 7.5       0.0    0.000
                                             M2:        5.5        0.0  0.000
                                             M3:        2.0        0.0  0.000
CTS_80:   preferred: M5 - M6
                 7.6       0.0    0.000
                                             M2:        2.2        0.0  0.000
                                             M3:        0.1        0.0  0.000
                                             M4:        0.1        0.0  0.000
                                             M5:        5.2        0.0  0.000
CTS_163:   preferred: M5 - M6
                 7.7       0.0    0.000
                                             M2:        7.2        0.0  0.000
                                             M3:        0.5        0.0  0.000
CTS_103:   preferred: M5 - M6
                 7.9       0.0    0.000
                                             M2:        4.0        0.0  0.000
                                             M3:        3.9        0.0  0.000
CTS_69:   preferred: M5 - M6
                 8.2       0.0    0.000
                                             M2:        2.2        0.0  0.000
                                             M3:        6.0        0.0  0.000
CTS_6:   preferred: M5 - M6
                 8.2       0.0    0.000
                                             M2:        3.7        0.0  0.000
                                             M3:        4.5        0.0  0.000
CTS_189:   preferred: M5 - M6
                 8.3       0.0    0.000
                                             M2:        0.1        0.0  0.000
                                             M3:        8.1        0.0  0.000
CTS_39:   preferred: M5 - M6
                 8.7       0.0    0.000
                                             M2:        8.1        0.0  0.000
                                             M3:        0.6        0.0  0.000
CTS_70:   preferred: M5 - M6
                 9.4       0.0    0.000
                                             M1:        0.1        0.0  0.000
                                             M2:        4.2        0.0  0.000
                                             M3:        5.1        0.0  0.000
CTS_123:   preferred: M5 - M6
                 9.7       0.0    0.000
                                             M1:        0.1        0.0  0.000
                                             M2:        1.0        0.0  0.000
                                             M3:        0.3        0.0  0.000
                                             M5:        8.3        0.0  0.000
CTS_173:   preferred: M5 - M6
                 9.9       0.0    0.000
                                             M2:        2.9        0.0  0.000
                                             M3:        7.0        0.0  0.000
CTS_170:   preferred: M5 - M6
                 9.9       0.0    0.000
                                             M2:        9.1        0.0  0.000
                                             M3:        0.8        0.0  0.000
CTS_176:   preferred: M5 - M6
                 9.9       0.0    0.000
                                             M2:        1.6        0.0  0.000
                                             M3:        8.4        0.0  0.000
CTS_57:   preferred: M5 - M6
                10.1       0.0    0.000
                                             M2:        4.0        0.0  0.000
                                             M3:        6.0        0.0  0.000
CTS_167:   preferred: M5 - M6
                10.4       0.0    0.000
                                             M2:        7.3        0.0  0.000
                                             M3:        3.1        0.0  0.000
CTS_109:   preferred: M5 - M6
                10.6       0.0    0.000
                                             M2:        5.0        0.0  0.000
                                             M3:        5.5        0.0  0.000
CTS_17:   preferred: M5 - M6
                10.7       0.0    0.000
                                             M2:       10.4        0.0  0.000
                                             M3:        0.3        0.0  0.000
CTS_120:   preferred: M5 - M6
                11.2       0.0    0.000
                                             M2:        9.5        0.0  0.000
                                             M3:        1.7        0.0  0.000
CTS_12:   preferred: M5 - M6
                11.2       0.0    0.000
                                             M2:        0.3        0.0  0.000
                                             M5:       10.9        0.0  0.000
CTS_63:   preferred: M5 - M6
                11.5       0.0    0.000
                                             M1:        0.1        0.0  0.000
                                             M2:        0.3        0.0  0.000
                                             M3:        0.0        0.0  0.000
                                             M4:        0.4        0.0  0.000
                                             M5:       10.6        0.0  0.000
CTS_51:   preferred: M5 - M6
                11.6       0.0    0.000
                                             M2:        1.9        0.0  0.000
                                             M3:        0.4        0.0  0.000
                                             M4:        0.3        0.0  0.000
                                             M5:        9.0        0.0  0.000
CTS_42:   preferred: M5 - M6
                11.7       0.0    0.000
                                             M2:        2.0        0.0  0.000
                                             M3:        0.9        0.0  0.000
                                             M4:        0.1        0.0  0.000
                                             M5:        8.6        0.0  0.000
CTS_81:   preferred: M5 - M6
                11.8       0.0    0.000
                                             M2:        0.6        0.0  0.000
                                             M3:        0.0        0.0  0.000
                                             M4:        0.4        0.0  0.000
                                             M5:       10.8        0.0  0.000
CTS_226:   preferred: M5 - M6
                12.0       0.0    0.000
                                             M2:        6.0        0.0  0.000
                                             M3:        5.9        0.0  0.000
CTS_29:   preferred: M5 - M6
                12.7       0.0    0.000
                                             M1:        0.3        0.0  0.000
                                             M2:        6.0        0.0  0.000
                                             M3:        6.3        0.0  0.000
CTS_138:   preferred: M5 - M6
                12.8       0.0    0.000
                                             M2:        6.3        0.0  0.000
                                             M3:        6.5        0.0  0.000
CTS_73:   preferred: M5 - M6
                13.2       0.0    0.000
                                             M2:        0.3        0.0  0.000
                                             M3:        0.1        0.0  0.000
                                             M4:        4.8        0.0  0.000
                                             M5:        8.1        0.0  0.000
CTS_188:   preferred: M5 - M6
                13.3       0.0    0.000
                                             M2:        4.0        0.0  0.000
                                             M3:        9.3        0.0  0.000
CTS_194:   preferred: M5 - M6
                13.9       0.0    0.000
                                             M2:        5.9        0.0  0.000
                                             M3:        8.0        0.0  0.000
CTS_157:   preferred: M5 - M6
                14.0       0.0    0.000
                                             M2:        5.5        0.0  0.000
                                             M3:        8.5        0.0  0.000
CTS_166:   preferred: M5 - M6
                14.2       0.0    0.000
                                             M2:       13.0        0.0  0.000
                                             M3:        1.2        0.0  0.000
CTS_199:   preferred: M5 - M6
                14.3       0.0    0.000
                                             M2:       13.1        0.0  0.000
                                             M3:        1.2        0.0  0.000
CTS_10:   preferred: M5 - M6
                14.4       0.0    0.000
                                             M2:        1.3        0.0  0.000
                                             M3:        0.2        0.0  0.000
                                             M4:        1.7        0.0  0.000
                                             M5:       11.1        0.0  0.000
CTS_159:   preferred: M5 - M6
                15.2       0.0    0.000
                                             M2:       10.2        0.0  0.000
                                             M3:        5.0        0.0  0.000
CTS_37:   preferred: M5 - M6
                15.6       0.0    0.000
                                             M2:        0.3        0.0  0.000
                                             M3:        0.2        0.0  0.000
                                             M5:       15.2        0.0  0.000
CTS_217:   preferred: M5 - M6
                16.6       0.0    0.000
                                             M2:       11.5        0.0  0.000
                                             M3:        5.1        0.0  0.000
CTS_147:   preferred: M5 - M6
                19.4       0.0    0.000
                                             M2:       13.5        0.0  0.000
                                             M3:        5.9        0.0  0.000
CTS_227:   preferred: M5 - M6
                19.8       0.0    0.000
                                             M2:        4.9        0.0  0.000
                                             M3:        2.1        0.0  0.000
                                             M4:        0.3        0.0  0.000
                                             M5:       12.5        0.0  0.000
CTS_137:   preferred: M5 - M6
                20.3       0.0    0.000
                                             M1:        0.1        0.0  0.000
                                             M2:        6.9        0.0  0.000
                                             M3:       13.2        0.0  0.000
CTS_179:   preferred: M5 - M6
                23.1       0.0    0.000
                                             M2:       12.2        0.0  0.000
                                             M3:       10.9        0.0  0.000
CTS_43:   preferred: M5 - M6
                23.5       0.0    0.000
                                             M2:        1.0        0.0  0.000
                                             M3:        0.2        0.0  0.000
                                             M5:       22.3        0.0  0.000
CTS_113:   preferred: M5 - M6
                24.3       0.0    0.000
                                             M2:        0.4        0.0  0.000
                                             M3:        0.1        0.0  0.000
                                             M4:        2.4        0.0  0.000
                                             M5:       21.3        0.0  0.000
CTS_195:   preferred: M5 - M6
                25.3       0.0    0.000
                                             M2:        2.7        0.0  0.000
                                             M3:        0.2        0.0  0.000
                                             M4:        0.3        0.0  0.000
                                             M5:       22.1        0.0  0.000
CTS_205:   preferred: M5 - M6
                26.2       0.0    0.000
                                             M2:       22.2        0.0  0.000
                                             M3:        4.0        0.0  0.000
CTS_198:   preferred: M5 - M6
                28.1       0.0    0.000
                                             M1:        0.3        0.0  0.000
                                             M2:        0.6        0.0  0.000
                                             M3:        0.0        0.0  0.000
                                             M4:        0.3        0.0  0.000
                                             M5:       26.9        0.0  0.000
CTS_220:   preferred: M5 - M6
                28.3       0.0    0.000
                                             M2:       12.1        0.0  0.000
                                             M3:        0.6        0.0  0.000
                                             M4:        6.9        0.0  0.000
                                             M5:        8.6        0.0  0.000
CTS_221:   preferred: M5 - M6
                28.5       0.0    0.000
                                             M2:        0.1        0.0  0.000
                                             M3:        0.1        0.0  0.000
                                             M5:        1.4        0.0  0.000
                                             M6:       20.2        0.0  0.000
                                             M7:        6.6        0.0  0.000
CTS_218:   preferred: M5 - M6
                28.9       0.0    0.000
                                             M2:        0.9        0.0  0.000
                                             M3:        0.1        0.0  0.000
                                             M4:        1.4        0.0  0.000
                                             M5:       26.5        0.0  0.000
CTS_11:   preferred: M5 - M6
                30.0       0.0    0.000
                                             M2:        4.6        0.0  0.000
                                             M3:        0.2        0.0  0.000
                                             M5:       25.2        0.0  0.000
CTS_222:   preferred: M5 - M6
                30.1       0.0    0.000
                                             M2:        8.4        0.0  0.000
                                             M3:        1.2        0.0  0.000
                                             M4:       18.1        0.0  0.000
                                             M5:        2.5        0.0  0.000
CTS_210:   preferred: M5 - M6
                31.1       0.0    0.000
                                             M2:        2.2        0.0  0.000
                                             M3:        0.0        0.0  0.000
                                             M4:        1.0        0.0  0.000
                                             M5:       27.8        0.0  0.000
CTS_99:   preferred: M5 - M6
                31.2       0.0    0.000
                                             M2:        1.0        0.0  0.000
                                             M3:        0.0        0.0  0.000
                                             M4:        2.7        0.0  0.000
                                             M5:       27.5        0.0  0.000
CTS_27:   preferred: M5 - M6
                31.3       0.0    0.000
                                             M2:        3.3        0.0  0.000
                                             M3:        0.4        0.0  0.000
                                             M4:        0.1        0.0  0.000
                                             M5:       27.5        0.0  0.000
CTS_187:   preferred: M5 - M6
                31.5       0.0    0.000
                                             M2:        0.1        0.0  0.000
                                             M3:        0.1        0.0  0.000
                                             M4:        0.1        0.0  0.000
                                             M5:       31.1        0.0  0.000
CTS_206:   preferred: M5 - M6
                31.5       0.0    0.000
                                             M2:        4.8        0.0  0.000
                                             M3:        0.2        0.0  0.000
                                             M5:       26.5        0.0  0.000
CTS_30:   preferred: M5 - M6
                31.5       0.0    0.000
                                             M2:        0.6        0.0  0.000
                                             M3:        0.3        0.0  0.000
                                             M4:        0.1        0.0  0.000
                                             M5:       30.5        0.0  0.000
CTS_213:   preferred: M5 - M6
                31.8       0.0    0.000
                                             M2:        0.1        0.0  0.000
                                             M3:        0.2        0.0  0.000
                                             M4:        0.7        0.0  0.000
                                             M5:       30.7        0.0  0.000
CTS_203:   preferred: M5 - M6
                31.8       0.0    0.000
                                             M2:        2.4        0.0  0.000
                                             M3:        0.1        0.0  0.000
                                             M4:        3.9        0.0  0.000
                                             M5:       25.3        0.0  0.000
CTS_64:   preferred: M5 - M6
                31.8       0.0    0.000
                                             M2:        0.1        0.0  0.000
                                             M4:        3.5        0.0  0.000
                                             M5:       28.2        0.0  0.000
CTS_61:   preferred: M5 - M6
                32.3       0.0    0.000
                                             M2:        3.7        0.0  0.000
                                             M3:        0.4        0.0  0.000
                                             M5:       28.2        0.0  0.000
CTS_208:   preferred: M5 - M6
                32.4       0.0    0.000
                                             M2:        0.4        0.0  0.000
                                             M3:        0.6        0.0  0.000
                                             M5:       31.3        0.0  0.000
CTS_192:   preferred: M5 - M6
                32.5       0.0    0.000
                                             M2:        0.7        0.0  0.000
                                             M3:        0.0        0.0  0.000
                                             M4:        0.9        0.0  0.000
                                             M5:       30.9        0.0  0.000
CTS_196:   preferred: M5 - M6
                32.8       0.0    0.000
                                             M2:        2.7        0.0  0.000
                                             M3:        0.1        0.0  0.000
                                             M4:        1.2        0.0  0.000
                                             M5:       28.8        0.0  0.000
CTS_190:   preferred: M5 - M6
                33.0       0.0    0.000
                                             M2:        0.4        0.0  0.000
                                             M4:        0.3        0.0  0.000
                                             M5:       32.3        0.0  0.000
CTS_20:   preferred: M5 - M6
                33.4       0.0    0.000
                                             M2:        0.3        0.0  0.000
                                             M3:        0.1        0.0  0.000
                                             M5:       33.0        0.0  0.000
CTS_71:   preferred: M5 - M6
                33.6       0.0    0.000
                                             M2:        1.6        0.0  0.000
                                             M3:        0.0        0.0  0.000
                                             M4:        1.3        0.0  0.000
                                             M5:       30.7        0.0  0.000
CTS_201:   preferred: M5 - M6
                34.1       0.0    0.000
                                             M2:        5.9        0.0  0.000
                                             M3:        0.3        0.0  0.000
                                             M5:       27.8        0.0  0.000
CTS_219:   preferred: M5 - M6
                34.2       0.0    0.000
                                             M2:        0.3        0.0  0.000
                                             M3:        0.1        0.0  0.000
                                             M4:        0.4        0.0  0.000
                                             M5:       33.4        0.0  0.000
CTS_191:   preferred: M5 - M6
                34.3       0.0    0.000
                                             M2:        1.2        0.0  0.000
                                             M3:        0.1        0.0  0.000
                                             M4:        2.9        0.0  0.000
                                             M5:       30.1        0.0  0.000
CTS_78:   preferred: M5 - M6
                34.3       0.0    0.000
                                             M2:        1.4        0.0  0.000
                                             M3:        0.6        0.0  0.000
                                             M5:       32.3        0.0  0.000
CTS_207:   preferred: M5 - M6
                34.5       0.0    0.000
                                             M2:        0.6        0.0  0.000
                                             M3:        0.1        0.0  0.000
                                             M4:        6.8        0.0  0.000
                                             M5:       27.1        0.0  0.000
CTS_2:   preferred: M5 - M6
                34.5       0.0    0.000
                                             M2:        0.3        0.0  0.000
                                             M3:        0.2        0.0  0.000
                                             M4:        3.5        0.0  0.000
                                             M5:       30.5        0.0  0.000
CTS_26:   preferred: M5 - M6
                34.5       0.0    0.000
                                             M2:        0.1        0.0  0.000
                                             M3:        0.2        0.0  0.000
                                             M4:        1.2        0.0  0.000
                                             M5:       33.0        0.0  0.000
CTS_38:   preferred: M5 - M6
                34.5       0.0    0.000
                                             M2:        1.2        0.0  0.000
                                             M3:        0.2        0.0  0.000
                                             M5:       33.2        0.0  0.000
CTS_36:   preferred: M5 - M6
                35.4       0.0    0.000
                                             M3:        0.1        0.0  0.000
                                             M4:        0.1        0.0  0.000
                                             M5:       35.1        0.0  0.000
CTS_104:   preferred: M5 - M6
                45.6       0.0    0.000
                                             M1:        0.6        0.0  0.000
                                             M2:        4.6        0.0  0.000
                                             M3:        0.3        0.0  0.000
                                             M4:        1.7        0.0  0.000
                                             M5:       38.4        0.0  0.000
CTS_102:   preferred: M5 - M6
                63.0       0.0    0.000
                                             M2:        0.6        0.0  0.000
                                             M4:       61.3        0.0  0.000
                                             M5:        1.1        0.0  0.000
CTS_124:   preferred: M5 - M6
                63.0       0.0    0.000
                                             M2:        0.6        0.0  0.000
                                             M4:       61.3        0.0  0.000
                                             M5:        1.1        0.0  0.000
CTS_114:   preferred: M5 - M6
                64.0       0.0    0.000
                                             M2:        0.6        0.0  0.000
                                             M4:       61.3        0.0  0.000
                                             M5:        2.1        0.0  0.000
CTS_72:   preferred: M5 - M6
                64.6       0.0    0.000
                                             M4:       62.9        0.0  0.000
                                             M5:        1.7        0.0  0.000
CTS_62:   preferred: M5 - M6
                64.6       0.0    0.000
                                             M2:        0.3        0.0  0.000
                                             M4:       62.6        0.0  0.000
                                             M5:        1.7        0.0  0.000
CTS_127:   preferred: M5 - M6
                65.1       0.0    0.000
                                             M4:       62.9        0.0  0.000
                                             M5:        2.1        0.0  0.000
CTS_118:   preferred: M5 - M6
                65.5       0.0    0.000
                                             M2:        0.1        0.0  0.000
                                             M4:       61.8        0.0  0.000
                                             M5:        3.6        0.0  0.000
CTS_67:   preferred: M5 - M6
                65.5       0.0    0.000
                                             M4:       46.5        0.0  0.000
                                             M5:        2.6        0.0  0.000
                                             M6:       16.4        0.0  0.000
CTS_121:   preferred: M5 - M6
                66.0       0.0    0.000
                                             M2:        0.6        0.0  0.000
                                             M4:       61.3        0.0  0.000
                                             M5:        4.0        0.0  0.000
CTS_142:   preferred: M5 - M6
                67.6       0.0    0.000
                                             M2:        0.1        0.0  0.000
                                             M3:        0.0        0.0  0.000
                                             M4:       64.2        0.0  0.000
                                             M5:        3.2        0.0  0.000
CTS_145:   preferred: M5 - M6
                65.3       0.5    0.004
                                             M2:        0.6        0.5  0.424
                                             M4:       62.6        0.0  0.000
                                             M5:        2.1        0.0  0.000
CTS_193:   preferred: M5 - M6
                34.9       0.3    0.004
                                             M2:        0.3        0.0  0.000
                                             M3:        0.3        0.3  0.458
                                             M4:        0.1        0.0  0.000
                                             M5:       34.2        0.0  0.000
CTS_141:   preferred: M5 - M6
                37.4       0.4    0.005
                                             M3:        0.1        0.0  0.000
                                             M4:        0.3        0.0  0.000
                                             M5:        0.1        0.0  0.000
                                             M6:       23.3        0.0  0.000
                                             M7:       13.5        0.4  0.013
CTS_93:   preferred: M5 - M6
                37.8       0.8    0.011
                                             M2:        0.3        0.0  0.000
                                             M5:        0.4        0.0  0.000
                                             M6:        0.9        0.0  0.000
                                             M7:       36.3        0.8  0.011
CTS_202:   preferred: M5 - M6
                34.8       1.5    0.021
                                             M2:        2.0        1.5  0.366
                                             M3:        0.2        0.0  0.000
                                             M4:        0.6        0.0  0.000
                                             M5:       32.1        0.0  0.000
CTS_184:   preferred: M5 - M6
                11.2       0.7    0.030
                                             M2:       11.1        0.7  0.031
                                             M3:        0.1        0.0  0.000
CTS_186:   preferred: M5 - M6
                10.2       0.9    0.044
                                             M2:        4.0        0.4  0.050
                                             M3:        6.2        0.5  0.041
CTS_197:   preferred: M5 - M6
                33.9       4.2    0.062
                                             M2:        5.3        3.9  0.368
                                             M3:        0.4        0.3  0.367
                                             M5:       28.2        0.0  0.000
CTS_135:   preferred: M5 - M6
                39.1       6.0    0.077
                                             M2:        0.3        0.0  0.000
                                             M3:        0.1        0.0  0.000
                                             M5:        0.1        0.0  0.000
                                             M6:       29.7        1.4  0.023
                                             M7:        8.9        4.7  0.262
CTS_116:   preferred: M5 - M6
                10.4       1.6    0.078
                                             M2:        9.5        1.4  0.075
                                             M3:        0.9        0.2  0.107
CTS_89:   preferred: M5 - M6
                32.0       5.0    0.078
                                             M2:        3.3        4.9  0.739
                                             M3:        0.1        0.1  0.375
                                             M4:        0.7        0.0  0.000
                                             M5:       27.8        0.0  0.000
CTS_47:   preferred: M5 - M6
                20.0       3.3    0.083
                                             M2:       14.0        3.3  0.118
                                             M3:        6.0        0.0  0.000
CTS_86:   preferred: M5 - M6
                35.6       6.6    0.092
                                             M2:        0.1        0.0  0.000
                                             M3:        0.0        0.0  0.000
                                             M5:        0.2        0.0  0.000
                                             M6:        6.5        0.0  0.000
                                             M7:       28.8        6.6  0.114
CTS_82:   preferred: M5 - M6
                64.1      14.7    0.115
                                             M3:        0.0        0.0  0.000
                                             M4:       55.2        0.0  0.000
                                             M5:        1.5        0.0  0.000
                                             M6:        7.3       14.7  1.000
CTS_96:   preferred: M5 - M6
                18.0       4.6    0.127
                                             M2:       15.0        4.1  0.138
                                             M3:        3.0        0.4  0.069
CTS_85:   preferred: M5 - M6
                 1.3       0.3    0.133
                                             M2:        1.3        0.3  0.133
CTS_185:   preferred: M5 - M6
                22.2       7.1    0.159
                                             M1:        0.1        0.0  0.000
                                             M2:        6.8        7.0  0.514
                                             M3:        0.3        0.1  0.167
                                             M5:       15.0        0.0  0.000
CTS_100:   preferred: M5 - M6
                 7.6       3.0    0.195
                                             M2:        2.3        3.0  0.641
                                             M3:        5.3        0.0  0.000
CTS_178:   preferred: M5 - M6
                36.8      14.7    0.200
                                             M2:        1.3        0.0  0.000
                                             M3:        0.1        0.0  0.000
                                             M5:        0.6        0.0  0.000
                                             M6:       21.6        0.6  0.013
                                             M7:       13.2       14.1  0.533
CTS_126:   preferred: M5 - M6
                10.8       4.6    0.213
                                             M2:        0.4        0.0  0.000
                                             M5:        0.9        0.0  0.000
                                             M6:        3.5        4.6  0.667
                                             M7:        6.0        0.0  0.000
CTS_50:   preferred: M5 - M6
                64.3      28.1    0.218
                                             M2:        1.2        0.0  0.000
                                             M4:       47.7        0.0  0.000
                                             M5:        1.3        0.0  0.000
                                             M6:       14.0       28.1  1.000
CTS_216:   preferred: M5 - M6
                16.9       7.5    0.221
                                             M2:        8.5        4.8  0.281
                                             M3:        8.4        2.7  0.160
CTS_130:   preferred: M5 - M6
                65.3      33.3    0.255
                                             M2:        1.0        0.0  0.000
                                             M4:       46.4        0.0  0.000
                                             M5:        1.2        0.0  0.000
                                             M6:       16.6       33.3  1.000
CTS_4:   preferred: M5 - M6
                 7.6       4.1    0.269
                                             M2:        1.6        0.1  0.045
                                             M3:        6.0        4.0  0.327
CTS_211:   preferred: M5 - M6
                18.8      10.2    0.271
                                             M2:        6.9        9.3  0.669
                                             M3:       11.9        0.9  0.039
CTS_76:   preferred: M5 - M6
                34.5      22.3    0.324
                                             M2:        0.1        0.0  0.000
                                             M3:        0.1        0.0  0.000
                                             M5:        0.1        0.0  0.000
                                             M6:        6.2        1.2  0.093
                                             M7:       27.9       21.2  0.379
CTS_110:   preferred: M5 - M6
                65.1      42.6    0.327
                                             M2:        0.6        0.0  0.000
                                             M4:       39.7        0.0  0.000
                                             M5:        0.9        0.0  0.000
                                             M6:       21.6       42.6  0.987
                                             M7:        2.3        0.0  0.000
CTS_91:   preferred: M5 - M6
                 4.2       3.0    0.347
                                             M2:        1.3        0.0  0.000
                                             M3:        3.0        3.0  0.500
CTS_1:   preferred: M5 - M6
                65.4      46.1    0.352
                                             M2:        0.6        0.0  0.000
                                             M4:       40.2        0.0  0.000
                                             M5:        1.1        0.0  0.000
                                             M6:       23.3       46.1  0.988
                                             M7:        0.3        0.0  0.000
CTS_106:   preferred: M5 - M6
                65.2      50.4    0.387
                                             M2:        0.1        0.0  0.000
                                             M4:       35.9        0.0  0.000
                                             M5:        1.3        0.0  0.000
                                             M6:       25.9       50.4  0.972
                                             M7:        2.0        0.0  0.000
CTS_115:   preferred: M5 - M6
                10.5       8.4    0.398
                                             M2:       10.1        7.9  0.394
                                             M3:        0.4        0.4  0.500
CTS_94:   preferred: M5 - M6
                32.0      25.9    0.405
                                             M2:        0.9        0.0  0.000
                                             M4:        0.1        0.0  0.000
                                             M5:        0.6        0.0  0.000
                                             M6:        4.5        0.0  0.000
                                             M7:       25.9       25.9  0.500
CTS_98:   preferred: M5 - M6
                65.2      53.1    0.407
                                             M2:        1.0        0.0  0.000
                                             M4:       34.3        0.0  0.000
                                             M5:        3.3        0.0  0.000
                                             M6:       26.6       53.1  1.000
CTS_58:   preferred: M5 - M6
                34.3      29.4    0.428
                                             M2:        0.3        0.1  0.250
                                             M3:        0.4        0.3  0.400
                                             M5:        0.6        0.0  0.000
                                             M6:       13.0       25.3  0.978
                                             M7:       20.2        3.6  0.089
CTS_18:   preferred: M5 - M6
                39.3      34.3    0.437
                                             M2:        0.6        0.0  0.000
                                             M3:        0.1        0.0  0.000
                                             M5:        0.2        0.0  0.000
                                             M6:        1.0        0.0  0.000
                                             M7:       37.4       34.3  0.459
CTS_105:   preferred: M5 - M6
                35.3      32.3    0.457
                                             M1:        0.1        0.0  0.000
                                             M2:        0.1        0.0  0.000
                                             M4:       17.7        0.0  0.000
                                             M5:        1.2        0.0  0.000
                                             M7:       16.1       32.3  1.000
CTS_139:   preferred: M5 - M6
                63.1      58.6    0.464
                                             M2:        1.0        0.0  0.000
                                             M4:       30.9        0.0  0.000
                                             M5:        0.9        0.0  0.000
                                             M6:       30.0       58.6  0.976
                                             M7:        0.3        0.0  0.000
CTS_215:   preferred: M5 - M6
                41.4      38.5    0.465
                                             M2:        1.2        0.0  0.000
                                             M3:        0.2        0.0  0.000
                                             M4:        0.1        0.0  0.000
                                             M5:        0.2        0.0  0.000
                                             M6:       17.9        0.0  0.000
                                             M7:       21.9       38.5  0.880
CTS_136:   preferred: M5 - M6
                67.6      63.9    0.473
                                             M2:        0.3        0.0  0.000
                                             M4:       33.3        0.0  0.000
                                             M5:        2.1        0.0  0.000
                                             M6:       31.1       62.2  1.000
                                             M7:        0.9        1.7  1.000
CTS_31:   preferred: M5 - M6
                37.6      35.7    0.475
                                             M1:        0.1        0.0  0.000
                                             M2:        0.3        0.0  0.000
                                             M3:        0.3        0.0  0.000
                                             M4:        0.4        0.0  0.000
                                             M5:        0.8        0.0  0.000
                                             M6:       17.9        0.0  0.000
                                             M7:       17.9       35.7  1.000
CTS_146:   preferred: M5 - M6
                38.5      38.0    0.493
                                             M2:        0.6        0.0  0.000
                                             M3:        0.2        0.0  0.000
                                             M5:        0.3        0.0  0.000
                                             M6:       28.5       28.5  0.500
                                             M7:        8.9        9.4  0.529
CTS_60:   preferred: M5 - M6
                 0.6       0.6    0.500
                                             M1:        0.6        0.6  0.500
CTS_46:   preferred: M5 - M6
                64.7      66.8    0.516
                                             M2:        0.3        0.6  1.000
                                             M4:       28.8        0.0  0.000
                                             M5:        2.2        0.0  0.000
                                             M6:       32.8       65.0  0.991
                                             M7:        0.6        1.2  1.000
CTS_117:   preferred: M5 - M6
                31.7      32.8    0.519
                                             M2:        0.4        0.0  0.000
                                             M3:        0.1        0.0  0.000
                                             M4:        0.3        0.0  0.000
                                             M5:        0.3        0.0  0.000
                                             M6:       13.0        0.0  0.000
                                             M7:       17.6       32.8  0.934
CTS_209:   preferred: M5 - M6
                21.6      22.6    0.523
                                             M2:       20.7       21.2  0.511
                                             M3:        0.9        1.4  0.815
CTS_214:   preferred: M5 - M6
                31.2      34.0    0.544
                                             M2:        0.1        0.0  0.000
                                             M3:        0.0        0.0  0.000
                                             M4:        0.1        0.0  0.000
                                             M5:        0.8        0.0  0.000
                                             M6:       12.6        0.0  0.000
                                             M7:       17.6       34.0  0.968
CTS_5:   preferred: M5 - M6
                30.8      33.9    0.550
                                             M2:        0.3        0.1  0.250
                                             M3:        0.3        0.3  0.500
                                             M5:        0.1        0.0  0.000
                                             M6:       12.5        0.0  0.000
                                             M7:       17.6       33.4  0.951
CTS_133:   preferred: M5 - M6
                65.3      72.4    0.555
                                             M2:        2.7        0.0  0.000
                                             M4:       24.8        0.0  0.000
                                             M5:        0.9        0.0  0.000
                                             M6:       36.5       72.4  0.992
                                             M7:        0.3        0.0  0.000
CTS_204:   preferred: M5 - M6
                44.4      49.5    0.558
                                             M2:        0.3        0.0  0.000
                                             M3:        0.1        0.0  0.000
                                             M4:        0.1        0.0  0.000
                                             M5:        0.1        0.0  0.000
                                             M6:       11.3        1.2  0.051
                                             M7:       32.5       48.4  0.743
CTS_40:   preferred: M5 - M6
                66.0      74.8    0.566
                                             M2:        0.9        0.0  0.000
                                             M4:       25.3        0.0  0.000
                                             M5:        1.3        0.0  0.000
                                             M6:       38.4       74.8  0.972
CTS_119:   preferred: M5 - M6
                43.9      50.4    0.574
                                             M2:        0.9        0.0  0.000
                                             M4:        0.1        0.0  0.000
                                             M5:        2.9        0.0  0.000
                                             M6:       15.3        0.9  0.028
                                             M7:       24.8       49.5  1.000
CTS_84:   preferred: M5 - M6
                24.3      28.8    0.594
                                             M2:        9.2        8.0  0.433
                                             M3:       15.0       20.8  0.692
CTS_21:   preferred: M5 - M6
                41.0      50.1    0.611
                                             M2:        0.1        0.0  0.000
                                             M3:        0.1        0.0  0.000
                                             M4:        0.1        0.0  0.000
                                             M5:        0.9        0.0  0.000
                                             M6:       14.7        0.0  0.000
                                             M7:       25.1       50.1  1.000
CTS_182:   preferred: M5 - M6
                31.5      38.8    0.616
                                             M2:        0.1        0.0  0.000
                                             M3:        0.1        0.0  0.000
                                             M5:        0.6        0.0  0.000
                                             M6:       19.2       36.2  0.945
                                             M7:       11.5        2.6  0.113
CTS_95:   preferred: M5 - M6
                28.2      35.0    0.620
                                             M2:        0.3        0.1  0.250
                                             M3:        0.0        0.0  0.000
                                             M5:        0.4        0.0  0.000
                                             M6:        9.6        0.6  0.030
                                             M7:       17.9       34.3  0.960
CTS_56:   preferred: M5 - M6
                64.9      80.6    0.621
                                             M2:        0.3        0.0  0.000
                                             M4:       23.3        0.0  0.000
                                             M5:        0.4        0.0  0.000
                                             M6:       38.9       76.6  0.985
                                             M7:        2.0        4.0  1.000
CTS_225:   preferred: M5 - M6
                38.7      49.0    0.633
                                             M1:        0.4        0.0  0.000
                                             M2:       13.1        0.0  0.000
                                             M3:        0.1        0.0  0.000
                                             M5:        0.6        0.0  0.000
                                             M6:       21.6       43.2  1.000
                                             M7:        2.9        5.8  1.000
CTS_112:   preferred: M5 - M6
                36.0      45.9    0.636
                                             M2:        0.3        0.0  0.000
                                             M3:        0.1        0.0  0.000
                                             M5:        0.8        0.0  0.000
                                             M6:       11.2        0.6  0.026
                                             M7:       23.6       45.3  0.959
CTS_65:   preferred: M5 - M6
                39.6      52.1    0.658
                                             M2:        0.2        0.1  0.167
                                             M3:        0.1        0.1  0.300
                                             M5:        0.1        0.0  0.000
                                             M6:       23.3       46.2  0.991
                                             M7:       15.8        5.8  0.182
CTS_15:   preferred: M5 - M6
                65.0      87.5    0.673
                                             M2:        1.3        0.0  0.000
                                             M4:       18.5        0.0  0.000
                                             M5:        0.9        0.0  0.000
                                             M6:       44.3       87.5  0.989
CTS_88:   preferred: M5 - M6
                33.1      45.0    0.679
                                             M2:        0.3        0.0  0.000
                                             M3:        0.0        0.0  0.250
                                             M5:        0.5        0.0  0.000
                                             M6:        9.5        0.0  0.000
                                             M7:       22.8       44.9  0.987
CTS_90:   preferred: M5 - M6
                25.3      35.7    0.705
                                             M2:        0.1        0.0  0.000
                                             M3:        0.1        0.0  0.000
                                             M5:        0.2        0.0  0.000
                                             M6:       18.6       32.0  0.861
                                             M7:        6.3        3.7  0.295
CTS_28:   preferred: M5 - M6
                65.5      92.9    0.709
                                             M2:        1.2        0.0  0.000
                                             M3:        0.1        0.0  0.000
                                             M4:       15.8        0.0  0.000
                                             M5:        0.9        0.0  0.000
                                             M6:       46.4       92.9  1.000
                                             M7:        1.2        0.0  0.000
CTS_161:   preferred: M5 - M6
                66.5      95.5    0.718
                                             M3:        0.1        0.1  0.500
                                             M4:       17.8        0.0  0.000
                                             M5:        0.9        0.0  0.000
                                             M6:       41.7       83.4  1.000
                                             M7:        6.0       12.1  1.000
CTS_13:   preferred: M5 - M6
                35.3      51.0    0.722
                                             M2:        0.3        0.0  0.000
                                             M3:        0.1        0.1  1.000
                                             M4:        0.1        0.0  0.000
                                             M5:        0.2        0.0  0.000
                                             M6:        9.9        1.3  0.066
                                             M7:       24.8       49.5  1.000
CTS_77:   preferred: M5 - M6
                72.2     105.1    0.728
                                             M3:        0.1        0.0  0.000
                                             M4:       18.9        0.0  0.000
                                             M5:        0.7        0.0  0.000
                                             M6:       49.7       99.4  1.000
                                             M7:        2.9        5.8  1.000
CTS_87:   preferred: M5 - M6
                70.6     103.7    0.735
                                             M2:        0.1        0.0  0.000
                                             M3:        0.0        0.0  0.500
                                             M4:       17.7        0.0  0.000
                                             M5:        0.9        0.0  0.000
                                             M6:       46.7       93.3  1.000
                                             M7:        5.2       10.4  1.000
CTS_22:   preferred: M5 - M6
                65.5      96.6    0.738
                                             M2:        0.6        0.0  0.000
                                             M4:       13.7        0.0  0.000
                                             M5:        1.0        0.0  0.000
                                             M6:       48.8       96.6  0.990
                                             M7:        1.4        0.0  0.000
CTS_8:   preferred: M5 - M6
                67.2      99.5    0.740
                                             M2:        0.3        0.0  0.000
                                             M4:       11.9        0.0  0.000
                                             M5:        1.0        0.0  0.000
                                             M6:       50.3       99.5  0.989
                                             M7:        3.7        0.0  0.000
CTS_53:   preferred: M5 - M6
                35.7      53.5    0.750
                                             M2:        0.6        0.0  0.000
                                             M3:        0.0        0.0  0.250
                                             M4:        0.4        0.0  0.000
                                             M5:        0.4        0.0  0.000
                                             M6:       17.0       28.7  0.845
                                             M7:       17.3       24.8  0.717
CTS_34:   preferred: M5 - M6
                67.2     102.5    0.763
                                             M2:        0.3        0.0  0.000
                                             M4:       10.4        0.0  0.000
                                             M5:        0.4        0.0  0.000
                                             M6:       51.8      102.0  0.984
                                             M7:        4.3        0.6  0.067
CTS_92:   preferred: M5 - M6
                73.2     116.0    0.792
                                             M2:        0.6        0.0  0.000
                                             M3:        0.1        0.0  0.000
                                             M4:       13.6        0.0  0.000
                                             M5:        0.8        0.0  0.000
                                             M6:       50.9      101.8  1.000
                                             M7:        7.2       14.2  0.984
CTS_212:   preferred: M5 - M6
                20.2      32.3    0.800
                                             M2:       20.0       32.0  0.799
                                             M3:        0.1        0.3  1.000
CTS_59:   preferred: M5 - M6
                 4.5       7.2    0.802
                                             M2:        2.2        3.1  0.712
                                             M3:        2.3        4.1  0.887
CTS_107:   preferred: M5 - M6
                 2.2       3.6    0.830
                                             M2:        2.2        3.6  0.830
CTS_19:   preferred: M5 - M6
                39.2      65.6    0.838
                                             M2:        1.4        0.0  0.000
                                             M3:        0.1        0.0  0.000
                                             M5:        0.2        0.0  0.000
                                             M6:        3.5        0.0  0.000
                                             M7:       34.0       65.6  0.965
CTS_35:   preferred: M5 - M6
                45.7      76.6    0.838
                                             M2:        0.8        0.0  0.000
                                             M5:        0.3        0.0  0.000
                                             M6:        3.5        0.0  0.000
                                             M7:       41.2       76.6  0.930
CTS_49:   preferred: M5 - M6
                39.2      65.9    0.841
                                             M2:        1.2        0.0  0.000
                                             M3:        0.1        0.0  0.000
                                             M5:        0.6        0.0  0.000
                                             M6:        3.9        0.0  0.000
                                             M7:       33.4       65.9  0.986
CTS_200:   preferred: M5 - M6
                43.5      73.9    0.851
                                             M1:        0.1        0.0  0.000
                                             M2:        0.1        0.0  0.000
                                             M3:        0.0        0.0  0.000
                                             M5:        1.2        0.0  0.000
                                             M6:       28.9       48.0  0.829
                                             M7:       13.0       25.9  1.000
CTS_160:   preferred: M5 - M6
                31.5      56.2    0.891
                                             M2:        0.4        0.0  0.000
                                             M4:        0.4        0.0  0.000
                                             M5:        1.7        0.0  0.000
                                             M6:       28.9       56.2  0.971
CTS_153:   preferred: M5 - M6
                36.1      64.5    0.894
                                             M1:        0.1        0.0  0.000
                                             M2:        0.3        0.0  0.000
                                             M3:        0.3        0.0  0.000
                                             M5:        0.5        0.0  0.000
                                             M6:       32.8       64.5  0.982
                                             M7:        2.0        0.0  0.000
CTS_223:   preferred: M5 - M6
                21.5      38.8    0.901
                                             M2:        0.3        0.0  0.000
                                             M3:        0.1        0.0  0.000
                                             M5:        0.8        0.0  0.000
                                             M6:       18.6       35.3  0.951
                                             M7:        1.7        3.5  1.000
clk:   preferred: M5 - M6
                93.0     168.9    0.908
                                             M2:        0.1        0.0  0.000
                                             M4:        0.6        0.0  0.000
                                             M5:        0.6        0.0  0.000
                                             M6:       69.3      126.3  0.912
                                             M7:       22.5       42.6  0.949
CTS_172:   preferred: M5 - M6
                36.9      67.6    0.917
                                             M2:        2.6        0.0  0.000
                                             M3:        0.2        0.0  0.000
                                             M5:        0.1        0.0  0.000
                                             M6:       30.2       60.5  1.000
                                             M7:        3.7        7.1  0.954
CTS_224:   preferred: M5 - M6
                37.9      70.4    0.927
                                             M2:        0.9        0.0  0.000
                                             M3:        0.1        0.0  0.000
                                             M5:        0.6        0.0  0.000
                                             M6:       28.9       55.4  0.957
                                             M7:        7.5       15.0  1.000
CTS_83:   preferred: M5 - M6
                30.1      57.2    0.951
                                             M2:        0.4        0.0  0.000
                                             M3:        0.0        0.0  1.000
                                             M4:        0.1        0.0  0.000
                                             M5:        0.4        0.0  0.000
                                             M6:       13.6       26.1  0.958
                                             M7:       15.6       31.1  1.000
CTS_143:   preferred: M5 - M6
                30.5      58.2    0.954
                                             M2:        1.2        0.0  0.000
                                             M3:        0.1        0.0  0.000
                                             M5:        0.1        0.0  0.000
                                             M6:       12.1       24.2  1.000
                                             M7:       17.0       34.0  1.000
CTS_131:   preferred: M5 - M6
                36.2      69.4    0.957
                                             M2:        0.1        0.0  0.000
                                             M3:        0.3        0.0  0.000
                                             M5:        0.6        0.0  0.000
                                             M6:       19.0       38.0  1.000
                                             M7:       16.1       31.3  0.971
CTS_181:   preferred: M5 - M6
                40.6      78.6    0.968
                                             M1:        0.1        0.0  0.000
                                             M2:        0.1        0.0  0.000
                                             M3:        0.1        0.0  0.000
                                             M5:        0.6        0.0  0.000
                                             M6:       21.2       42.3  1.000
                                             M7:       18.4       36.3  0.985
CTS_125:   preferred: M5 - M6
                40.7      78.9    0.970
                                             M2:        0.1        0.0  0.000
                                             M5:        1.1        0.0  0.000
                                             M6:       20.7       41.5  1.000
                                             M7:       18.7       37.4  1.000
CTS_23:   preferred: M5 - M6
                32.8      63.8    0.971
                                             M2:        0.4        0.0  0.000
                                             M3:        0.0        0.0  0.000
                                             M4:        0.1        0.0  0.000
                                             M5:        0.3        0.0  0.000
                                             M6:       11.6       22.9  0.988
                                             M7:       20.4       40.9  1.000
CTS_101:   preferred: M5 - M6
                35.9      70.4    0.981
                                             M2:        1.2        1.5  0.641
                                             M3:        0.1        0.1  0.500
                                             M5:        0.2        0.0  0.000
                                             M6:       14.3       28.5  1.000
                                             M7:       20.2       40.3  1.000
CTS_44:   preferred: M5 - M6
                40.8      80.2    0.982
                                             M2:        2.3        3.8  0.828
                                             M3:        0.2        0.1  0.214
                                             M5:        0.2        0.0  0.000
                                             M6:        9.9       19.9  1.000
                                             M7:       28.2       56.4  1.000
-------------------------------------------------------------------------------

 Average ratio:                   0.329
                                             M1:          0.0        0.0  0.067
                                             M2:          2.8        0.6  0.104
                                             M3:          1.4        0.2  0.065
                                             M4:          6.2        0.0  0.000
                                             M5:          5.8        0.0  0.000
                                             M6:          7.1       11.2  0.786
                                             M7:          4.2        6.1  0.734


