-------------------------------------------------------------------------------
Name     : Shielded net name
Length   : Shielded net length
Shield   : Total length of shielding wire
Ratio    : Average shielding ratio
-------------------------------------------------------------------------------
Name          Length    Shield    Ratio   
                                         Layer:      Length     Shield  Ratio
-------------------------------------------------------------------------------
CTS_33:   preferred: M5 - M6
                 0.7       0.0    0.000
                                             M2:        0.7        0.0  0.000
CTS_170:   preferred: M5 - M6
                 0.7       0.0    0.000
                                             M2:        0.7        0.0  0.000
CTS_85:   preferred: M5 - M6
                 0.9       0.0    0.000
                                             M2:        0.9        0.0  0.000
CTS_163:   preferred: M5 - M6
                 0.9       0.0    0.000
                                             M2:        0.9        0.0  0.000
CTS_59:   preferred: M5 - M6
                 0.9       0.0    0.000
                                             M1:        0.9        0.0  0.000
CTS_152:   preferred: M5 - M6
                 0.9       0.0    0.000
                                             M2:        0.9        0.0  0.000
CTS_104:   preferred: M5 - M6
                 0.9       0.0    0.000
                                             M2:        0.9        0.0  0.000
CTS_25:   preferred: M5 - M6
                 1.3       0.0    0.000
                                             M2:        1.3        0.0  0.000
CTS_23:   preferred: M5 - M6
                 1.3       0.0    0.000
                                             M2:        1.3        0.0  0.000
CTS_93:   preferred: M5 - M6
                 1.3       0.0    0.000
                                             M2:        1.3        0.0  0.000
CTS_55:   preferred: M5 - M6
                 2.0       0.0    0.000
                                             M2:        2.0        0.0  0.000
CTS_119:   preferred: M5 - M6
                 2.0       0.0    0.000
                                             M2:        2.0        0.0  0.000
CTS_38:   preferred: M5 - M6
                 2.1       0.0    0.000
                                             M2:        1.6        0.0  0.000
                                             M3:        0.5        0.0  0.000
CTS_80:   preferred: M5 - M6
                 2.2       0.0    0.000
                                             M2:        0.1        0.0  0.000
                                             M3:        2.0        0.0  0.000
CTS_16:   preferred: M5 - M6
                 2.3       0.0    0.000
                                             M1:        0.4        0.0  0.000
                                             M2:        1.9        0.0  0.000
CTS_86:   preferred: M5 - M6
                 2.4       0.0    0.000
                                             M2:        2.4        0.0  0.000
CTS_173:   preferred: M5 - M6
                 2.4       0.0    0.000
                                             M2:        2.4        0.0  0.000
CTS_143:   preferred: M5 - M6
                 2.4       0.0    0.000
                                             M2:        0.9        0.0  0.000
                                             M3:        1.6        0.0  0.000
CTS_27:   preferred: M5 - M6
                 2.4       0.0    0.000
                                             M2:        0.6        0.0  0.000
                                             M3:        1.9        0.0  0.000
CTS_183:   preferred: M5 - M6
                 2.6       0.0    0.000
                                             M2:        2.6        0.0  0.000
CTS_116:   preferred: M5 - M6
                 2.6       0.0    0.000
                                             M2:        2.6        0.0  0.000
CTS_180:   preferred: M5 - M6
                 2.6       0.0    0.000
                                             M2:        1.0        0.0  0.000
                                             M3:        1.6        0.0  0.000
CTS_97:   preferred: M5 - M6
                 2.7       0.0    0.000
                                             M2:        0.4        0.0  0.000
                                             M5:        2.3        0.0  0.000
CTS_172:   preferred: M5 - M6
                 3.0       0.0    0.000
                                             M2:        2.2        0.0  0.000
                                             M3:        0.8        0.0  0.000
CTS_179:   preferred: M5 - M6
                 3.0       0.0    0.000
                                             M2:        2.2        0.0  0.000
                                             M3:        0.8        0.0  0.000
CTS_13:   preferred: M5 - M6
                 3.2       0.0    0.000
                                             M2:        1.6        0.0  0.000
                                             M3:        1.6        0.0  0.000
CTS_131:   preferred: M5 - M6
                 3.2       0.0    0.000
                                             M2:        1.6        0.0  0.000
                                             M3:        1.6        0.0  0.000
CTS_60:   preferred: M5 - M6
                 3.2       0.0    0.000
                                             M2:        0.9        0.0  0.000
                                             M3:        2.3        0.0  0.000
CTS_94:   preferred: M5 - M6
                 3.2       0.0    0.000
                                             M2:        2.6        0.0  0.000
                                             M3:        0.6        0.0  0.000
CTS_166:   preferred: M5 - M6
                 3.3       0.0    0.000
                                             M2:        1.3        0.0  0.000
                                             M3:        2.0        0.0  0.000
CTS_182:   preferred: M5 - M6
                 3.5       0.0    0.000
                                             M2:        3.5        0.0  0.000
CTS_167:   preferred: M5 - M6
                 3.9       0.0    0.000
                                             M2:        3.9        0.0  0.000
CTS_108:   preferred: M5 - M6
                 4.0       0.0    0.000
                                             M2:        0.3        0.0  0.000
                                             M3:        3.7        0.0  0.000
CTS_157:   preferred: M5 - M6
                 4.2       0.0    0.000
                                             M2:        2.6        0.0  0.000
                                             M3:        1.6        0.0  0.000
CTS_41:   preferred: M5 - M6
                 4.2       0.0    0.000
                                             M2:        0.4        0.0  0.000
                                             M3:        3.8        0.0  0.000
CTS_185:   preferred: M5 - M6
                 4.2       0.0    0.000
                                             M2:        0.4        0.0  0.000
                                             M3:        3.8        0.0  0.000
CTS_105:   preferred: M5 - M6
                 4.5       0.0    0.000
                                             M2:        4.5        0.0  0.000
CTS_49:   preferred: M5 - M6
                 4.8       0.0    0.000
                                             M2:        1.6        0.0  0.000
                                             M3:        3.2        0.0  0.000
CTS_176:   preferred: M5 - M6
                 4.9       0.0    0.000
                                             M2:        4.8        0.0  0.000
                                             M3:        0.1        0.0  0.000
CTS_19:   preferred: M5 - M6
                 5.0       0.0    0.000
                                             M1:        0.3        0.0  0.000
                                             M2:        1.9        0.0  0.000
                                             M3:        2.8        0.0  0.000
CTS_64:   preferred: M5 - M6
                 5.1       0.0    0.000
                                             M2:        4.6        0.0  0.000
                                             M3:        0.5        0.0  0.000
CTS_137:   preferred: M5 - M6
                 5.3       0.0    0.000
                                             M2:        3.7        0.0  0.000
                                             M3:        1.6        0.0  0.000
CTS_135:   preferred: M5 - M6
                 5.5       0.0    0.000
                                             M2:        1.7        0.0  0.000
                                             M3:        3.7        0.0  0.000
CTS_63:   preferred: M5 - M6
                 5.6       0.0    0.000
                                             M2:        0.9        0.0  0.000
                                             M3:        0.0        0.0  0.000
                                             M4:        0.4        0.0  0.000
                                             M5:        4.2        0.0  0.000
CTS_147:   preferred: M5 - M6
                 5.6       0.0    0.000
                                             M2:        3.7        0.0  0.000
                                             M3:        1.9        0.0  0.000
CTS_99:   preferred: M5 - M6
                 5.6       0.0    0.000
                                             M2:        1.2        0.0  0.000
                                             M3:        4.5        0.0  0.000
CTS_164:   preferred: M5 - M6
                 5.8       0.0    0.000
                                             M2:        3.7        0.0  0.000
                                             M3:        2.0        0.0  0.000
CTS_187:   preferred: M5 - M6
                 6.0       0.0    0.000
                                             M2:        3.9        0.0  0.000
                                             M3:        2.2        0.0  0.000
CTS_112:   preferred: M5 - M6
                 6.3       0.0    0.000
                                             M2:        3.2        0.0  0.000
                                             M3:        3.1        0.0  0.000
CTS_35:   preferred: M5 - M6
                 6.8       0.0    0.000
                                             M2:        2.0        0.0  0.000
                                             M3:        4.8        0.0  0.000
CTS_9:   preferred: M5 - M6
                 6.9       0.0    0.000
                                             M2:        6.8        0.0  0.000
                                             M3:        0.1        0.0  0.000
CTS_113:   preferred: M5 - M6
                 6.9       0.0    0.000
                                             M2:        0.4        0.0  0.000
                                             M3:        0.1        0.0  0.000
                                             M5:        6.3        0.0  0.000
CTS_160:   preferred: M5 - M6
                 7.5       0.0    0.000
                                             M2:        5.2        0.0  0.000
                                             M3:        2.3        0.0  0.000
CTS_125:   preferred: M5 - M6
                 7.5       0.0    0.000
                                             M2:        5.2        0.0  0.000
                                             M3:        2.3        0.0  0.000
CTS_6:   preferred: M5 - M6
                 7.6       0.0    0.000
                                             M2:        2.4        0.0  0.000
                                             M3:        5.1        0.0  0.000
CTS_169:   preferred: M5 - M6
                 7.6       0.0    0.000
                                             M2:        6.8        0.0  0.000
                                             M3:        0.8        0.0  0.000
CTS_37:   preferred: M5 - M6
                 7.9       0.0    0.000
                                             M2:        1.9        0.0  0.000
                                             M3:        0.4        0.0  0.000
                                             M4:        0.4        0.0  0.000
                                             M5:        5.2        0.0  0.000
CTS_18:   preferred: M5 - M6
                 7.9       0.0    0.000
                                             M2:        1.6        0.0  0.000
                                             M3:        0.4        0.0  0.000
                                             M5:        6.0        0.0  0.000
CTS_17:   preferred: M5 - M6
                 8.1       0.0    0.000
                                             M2:        7.6        0.0  0.000
                                             M3:        0.5        0.0  0.000
CTS_107:   preferred: M5 - M6
                 8.2       0.0    0.000
                                             M2:        4.3        0.0  0.000
                                             M3:        3.9        0.0  0.000
CTS_75:   preferred: M5 - M6
                 8.9       0.0    0.000
                                             M2:        2.7        0.0  0.000
                                             M3:        6.2        0.0  0.000
CTS_184:   preferred: M5 - M6
                 9.1       0.0    0.000
                                             M2:        8.6        0.0  0.000
                                             M3:        0.5        0.0  0.000
CTS_193:   preferred: M5 - M6
                 9.4       0.0    0.000
                                             M2:        0.6        0.0  0.000
                                             M3:        0.8        0.0  0.000
                                             M4:        1.7        0.0  0.000
                                             M5:        6.3        0.0  0.000
CTS_178:   preferred: M5 - M6
                10.1       0.0    0.000
                                             M2:        1.9        0.0  0.000
                                             M3:        8.2        0.0  0.000
CTS_175:   preferred: M5 - M6
                10.2       0.0    0.000
                                             M2:        2.9        0.0  0.000
                                             M3:        7.3        0.0  0.000
CTS_129:   preferred: M5 - M6
                10.2       0.0    0.000
                                             M2:        3.6        0.0  0.000
                                             M3:        6.6        0.0  0.000
CTS_177:   preferred: M5 - M6
                10.3       0.0    0.000
                                             M2:        5.5        0.0  0.000
                                             M3:        4.8        0.0  0.000
CTS_24:   preferred: M5 - M6
                10.4       0.0    0.000
                                             M2:        8.6        0.0  0.000
                                             M3:        1.7        0.0  0.000
CTS_162:   preferred: M5 - M6
                10.5       0.0    0.000
                                             M2:        8.6        0.0  0.000
                                             M3:        1.9        0.0  0.000
CTS_7:   preferred: M5 - M6
                11.4       0.0    0.000
                                             M2:       11.4        0.0  0.000
CTS_132:   preferred: M5 - M6
                11.7       0.0    0.000
                                             M2:        7.2        0.0  0.000
                                             M3:        4.5        0.0  0.000
CTS_45:   preferred: M5 - M6
                11.7       0.0    0.000
                                             M2:        0.7        0.0  0.000
                                             M3:        1.1        0.0  0.000
                                             M4:        1.3        0.0  0.000
                                             M5:        8.6        0.0  0.000
CTS_10:   preferred: M5 - M6
                11.8       0.0    0.000
                                             M1:        0.1        0.0  0.000
                                             M2:        0.7        0.0  0.000
                                             M5:       10.9        0.0  0.000
CTS_123:   preferred: M5 - M6
                12.0       0.0    0.000
                                             M2:        1.3        0.0  0.000
                                             M4:        8.2        0.0  0.000
                                             M5:        2.5        0.0  0.000
CTS_57:   preferred: M5 - M6
                12.1       0.0    0.000
                                             M2:        1.7        0.0  0.000
                                             M3:       10.4        0.0  0.000
CTS_238:   preferred: M5 - M6
                13.0       0.0    0.000
                                             M2:        5.0        0.0  0.000
                                             M3:        7.9        0.0  0.000
CTS_141:   preferred: M5 - M6
                13.4       0.0    0.000
                                             M2:        6.9        0.0  0.000
                                             M3:        6.5        0.0  0.000
CTS_168:   preferred: M5 - M6
                14.0       0.0    0.000
                                             M2:       13.4        0.0  0.000
                                             M3:        0.6        0.0  0.000
CTS_74:   preferred: M5 - M6
                14.2       0.0    0.000
                                             M2:        1.3        0.0  0.000
                                             M4:       12.1        0.0  0.000
                                             M5:        0.8        0.0  0.000
CTS_174:   preferred: M5 - M6
                15.0       0.0    0.000
                                             M2:       10.2        0.0  0.000
                                             M3:        4.8        0.0  0.000
CTS_159:   preferred: M5 - M6
                15.4       0.0    0.000
                                             M1:        0.1        0.0  0.000
                                             M2:        6.6        0.0  0.000
                                             M3:        8.6        0.0  0.000
CTS_117:   preferred: M5 - M6
                15.8       0.0    0.000
                                             M2:        0.9        0.0  0.000
                                             M3:        0.5        0.0  0.000
                                             M4:       12.7        0.0  0.000
                                             M5:        1.7        0.0  0.000
CTS_222:   preferred: M5 - M6
                16.1       0.0    0.000
                                             M2:        5.0        0.0  0.000
                                             M3:        0.9        0.0  0.000
                                             M4:        0.9        0.0  0.000
                                             M5:        9.2        0.0  0.000
CTS_165:   preferred: M5 - M6
                16.5       0.0    0.000
                                             M2:       13.2        0.0  0.000
                                             M3:        3.2        0.0  0.000
CTS_26:   preferred: M5 - M6
                17.0       0.0    0.000
                                             M2:        2.1        0.0  0.000
                                             M3:        0.7        0.0  0.000
                                             M5:       14.2        0.0  0.000
CTS_191:   preferred: M5 - M6
                17.0       0.0    0.000
                                             M2:        2.3        0.0  0.000
                                             M3:        1.0        0.0  0.000
                                             M4:        0.1        0.0  0.000
                                             M5:       13.6        0.0  0.000
CTS_2:   preferred: M5 - M6
                17.4       0.0    0.000
                                             M2:        0.6        0.0  0.000
                                             M3:        0.1        0.0  0.000
                                             M4:        3.0        0.0  0.000
                                             M5:       13.6        0.0  0.000
CTS_231:   preferred: M5 - M6
                17.9       0.0    0.000
                                             M2:       11.7        0.0  0.000
                                             M3:        6.2        0.0  0.000
CTS_43:   preferred: M5 - M6
                18.7       0.0    0.000
                                             M2:        3.9        0.0  0.000
                                             M3:       14.8        0.0  0.000
CTS_140:   preferred: M5 - M6
                20.4       0.0    0.000
                                             M1:        0.1        0.0  0.000
                                             M2:        0.1        0.0  0.000
                                             M4:        6.9        0.0  0.000
                                             M5:       13.2        0.0  0.000
CTS_233:   preferred: M5 - M6
                21.7       0.0    0.000
                                             M2:       20.0        0.0  0.000
                                             M3:        1.7        0.0  0.000
CTS_230:   preferred: M5 - M6
                21.8       0.0    0.000
                                             M2:       12.7        0.0  0.000
                                             M3:        9.1        0.0  0.000
CTS_241:   preferred: M5 - M6
                22.5       0.0    0.000
                                             M2:       11.7        0.0  0.000
                                             M3:       10.9        0.0  0.000
CTS_11:   preferred: M5 - M6
                22.6       0.0    0.000
                                             M2:        1.6        0.0  0.000
                                             M3:        0.9        0.0  0.000
                                             M5:       20.2        0.0  0.000
CTS_42:   preferred: M5 - M6
                22.7       0.0    0.000
                                             M2:        4.6        0.0  0.000
                                             M3:        0.0        0.0  0.000
                                             M5:       18.0        0.0  0.000
CTS_181:   preferred: M5 - M6
                22.8       0.0    0.000
                                             M2:        6.6        0.0  0.000
                                             M3:        0.5        0.0  0.000
                                             M4:        1.3        0.0  0.000
                                             M5:       14.4        0.0  0.000
CTS_234:   preferred: M5 - M6
                22.9       0.0    0.000
                                             M2:       20.3        0.0  0.000
                                             M3:        2.6        0.0  0.000
CTS_236:   preferred: M5 - M6
                23.3       0.0    0.000
                                             M2:       22.6        0.0  0.000
                                             M3:        0.6        0.0  0.000
CTS_3:   preferred: M5 - M6
                24.6       0.0    0.000
                                             M2:        2.3        0.0  0.000
                                             M3:        0.0        0.0  0.000
                                             M5:       22.3        0.0  0.000
CTS_213:   preferred: M5 - M6
                24.8       0.0    0.000
                                             M2:       23.5        0.0  0.000
                                             M3:        1.3        0.0  0.000
CTS_171:   preferred: M5 - M6
                25.1       0.0    0.000
                                             M2:        1.3        0.0  0.000
                                             M3:        0.1        0.0  0.000
                                             M4:       16.4        0.0  0.000
                                             M5:        7.3        0.0  0.000
CTS_186:   preferred: M5 - M6
                26.0       0.0    0.000
                                             M2:        2.9        0.0  0.000
                                             M3:        0.4        0.0  0.000
                                             M4:        0.4        0.0  0.000
                                             M5:       22.3        0.0  0.000
CTS_78:   preferred: M5 - M6
                26.0       0.0    0.000
                                             M2:        6.6        0.0  0.000
                                             M3:        0.5        0.0  0.000
                                             M4:        3.3        0.0  0.000
                                             M5:       15.6        0.0  0.000
CTS_235:   preferred: M5 - M6
                26.8       0.0    0.000
                                             M2:        0.3        0.0  0.000
                                             M3:        1.9        0.0  0.000
                                             M4:       20.4        0.0  0.000
                                             M5:        4.2        0.0  0.000
CTS_194:   preferred: M5 - M6
                27.1       0.0    0.000
                                             M2:        2.9        0.0  0.000
                                             M3:        2.4        0.0  0.000
                                             M5:       21.9        0.0  0.000
CTS_70:   preferred: M5 - M6
                27.1       0.0    0.000
                                             M2:        0.4        0.0  0.000
                                             M3:        0.1        0.0  0.000
                                             M4:        0.1        0.0  0.000
                                             M5:       26.5        0.0  0.000
CTS_12:   preferred: M5 - M6
                27.3       0.0    0.000
                                             M2:        0.1        0.0  0.000
                                             M3:        0.2        0.0  0.000
                                             M4:        3.9        0.0  0.000
                                             M5:       23.0        0.0  0.000
CTS_227:   preferred: M5 - M6
                28.7       0.0    0.000
                                             M2:        1.0        0.0  0.000
                                             M3:        0.2        0.0  0.000
                                             M5:       27.5        0.0  0.000
CTS_31:   preferred: M5 - M6
                29.3       0.0    0.000
                                             M1:        0.1        0.0  0.000
                                             M2:        1.7        0.0  0.000
                                             M3:        0.0        0.0  0.000
                                             M4:        1.3        0.0  0.000
                                             M5:       26.1        0.0  0.000
CTS_208:   preferred: M5 - M6
                29.4       0.0    0.000
                                             M2:        0.3        0.0  0.000
                                             M3:        9.3        0.0  0.000
                                             M4:       10.4        0.0  0.000
                                             M5:        9.4        0.0  0.000
CTS_195:   preferred: M5 - M6
                29.8       0.0    0.000
                                             M2:        2.2        0.0  0.000
                                             M3:        0.2        0.0  0.000
                                             M5:       27.5        0.0  0.000
CTS_21:   preferred: M5 - M6
                31.2       0.0    0.000
                                             M2:        1.0        0.0  0.000
                                             M3:        0.4        0.0  0.000
                                             M4:        4.6        0.0  0.000
                                             M5:       25.2        0.0  0.000
CTS_228:   preferred: M5 - M6
                31.7       0.0    0.000
                                             M2:        1.7        0.0  0.000
                                             M3:        0.8        0.0  0.000
                                             M4:        1.3        0.0  0.000
                                             M5:       27.8        0.0  0.000
CTS_216:   preferred: M5 - M6
                31.8       0.0    0.000
                                             M2:        0.6        0.0  0.000
                                             M3:        0.2        0.0  0.000
                                             M4:        0.1        0.0  0.000
                                             M5:       30.9        0.0  0.000
CTS_76:   preferred: M5 - M6
                32.2       0.0    0.000
                                             M1:        0.1        0.0  0.000
                                             M2:        0.7        0.0  0.000
                                             M3:        0.2        0.0  0.000
                                             M5:       31.1        0.0  0.000
CTS_209:   preferred: M5 - M6
                32.5       0.0    0.000
                                             M2:        0.3        0.0  0.000
                                             M3:        1.2        0.0  0.000
                                             M5:       31.1        0.0  0.000
CTS_89:   preferred: M5 - M6
                32.5       0.0    0.000
                                             M2:        6.8        0.0  0.000
                                             M3:        0.2        0.0  0.000
                                             M5:       25.5        0.0  0.000
CTS_207:   preferred: M5 - M6
                32.6       0.0    0.000
                                             M2:        0.1        0.0  0.000
                                             M3:        0.4        0.0  0.000
                                             M4:        0.6        0.0  0.000
                                             M5:       31.5        0.0  0.000
CTS_225:   preferred: M5 - M6
                32.7       0.0    0.000
                                             M2:        3.0        0.0  0.000
                                             M3:        2.9        0.0  0.000
                                             M4:        0.7        0.0  0.000
                                             M5:       26.1        0.0  0.000
CTS_239:   preferred: M5 - M6
                33.0       0.0    0.000
                                             M2:        1.0        0.0  0.000
                                             M3:        0.1        0.0  0.000
                                             M4:       24.6        0.0  0.000
                                             M5:        7.3        0.0  0.000
CTS_197:   preferred: M5 - M6
                33.2       0.0    0.000
                                             M2:        6.3        0.0  0.000
                                             M3:        1.1        0.0  0.000
                                             M4:        0.4        0.0  0.000
                                             M5:       25.3        0.0  0.000
CTS_88:   preferred: M5 - M6
                33.2       0.0    0.000
                                             M2:        3.3        0.0  0.000
                                             M3:        0.5        0.0  0.000
                                             M4:        3.5        0.0  0.000
                                             M5:       25.9        0.0  0.000
CTS_200:   preferred: M5 - M6
                33.3       0.0    0.000
                                             M2:        3.0        0.0  0.000
                                             M3:        2.0        0.0  0.000
                                             M5:       28.2        0.0  0.000
CTS_214:   preferred: M5 - M6
                33.8       0.0    0.000
                                             M2:        1.7        0.0  0.000
                                             M3:        0.4        0.0  0.000
                                             M5:       31.7        0.0  0.000
CTS_203:   preferred: M5 - M6
                33.9       0.0    0.000
                                             M2:        9.2        0.0  0.000
                                             M3:        0.1        0.0  0.000
                                             M4:        0.1        0.0  0.000
                                             M5:        5.4        0.0  0.000
                                             M6:        5.8        0.0  0.000
                                             M7:       13.2        0.0  0.000
CTS_206:   preferred: M5 - M6
                34.8       0.0    0.000
                                             M2:        3.2        0.0  0.000
                                             M3:        0.3        0.0  0.000
                                             M4:        0.4        0.0  0.000
                                             M5:       30.9        0.0  0.000
CTS_242:   preferred: M5 - M6
                34.9       0.0    0.000
                                             M2:        0.9        0.0  0.000
                                             M3:        0.5        0.0  0.000
                                             M4:        1.2        0.0  0.000
                                             M5:       32.4        0.0  0.000
CTS_217:   preferred: M5 - M6
                34.9       0.0    0.000
                                             M2:        1.4        0.0  0.000
                                             M3:        0.1        0.0  0.000
                                             M4:        4.6        0.0  0.000
                                             M5:       28.8        0.0  0.000
CTS_212:   preferred: M5 - M6
                35.2       0.0    0.000
                                             M2:        3.2        0.0  0.000
                                             M3:        0.5        0.0  0.000
                                             M5:       31.5        0.0  0.000
CTS_51:   preferred: M5 - M6
                35.3       0.0    0.000
                                             M2:        0.7        0.0  0.000
                                             M4:        0.6        0.0  0.000
                                             M5:       34.0        0.0  0.000
CTS_36:   preferred: M5 - M6
                35.6       0.0    0.000
                                             M2:        0.1        0.0  0.000
                                             M3:        0.0        0.0  0.000
                                             M4:        0.1        0.0  0.000
                                             M5:       35.3        0.0  0.000
CTS_201:   preferred: M5 - M6
                35.9       0.0    0.000
                                             M2:        0.6        0.0  0.000
                                             M3:        0.1        0.0  0.000
                                             M4:        3.3        0.0  0.000
                                             M5:       31.9        0.0  0.000
CTS_221:   preferred: M5 - M6
                36.4       0.0    0.000
                                             M2:        0.7        0.0  0.000
                                             M3:        0.1        0.0  0.000
                                             M4:        0.4        0.0  0.000
                                             M5:       35.1        0.0  0.000
CTS_95:   preferred: M5 - M6
                36.4       0.0    0.000
                                             M2:        5.9        0.0  0.000
                                             M3:        0.7        0.0  0.000
                                             M5:       29.8        0.0  0.000
CTS_189:   preferred: M5 - M6
                36.7       0.0    0.000
                                             M2:        0.7        0.0  0.000
                                             M3:        0.0        0.0  0.000
                                             M4:        8.5        0.0  0.000
                                             M5:       27.5        0.0  0.000
CTS_202:   preferred: M5 - M6
                36.9       0.0    0.000
                                             M2:        0.6        0.0  0.000
                                             M4:        1.2        0.0  0.000
                                             M5:       35.1        0.0  0.000
CTS_220:   preferred: M5 - M6
                30.9       0.0    0.000
                                             M2:        5.0        0.0  0.000
                                             M3:        0.1        0.0  0.125
                                             M5:       25.7        0.0  0.000
CTS_210:   preferred: M5 - M6
                34.4       0.0    0.001
                                             M2:        1.3        0.0  0.000
                                             M3:        0.2        0.0  0.100
                                             M5:       32.8        0.0  0.000
CTS_29:   preferred: M5 - M6
                34.1       0.1    0.002
                                             M2:        5.5        0.0  0.000
                                             M3:        0.1        0.1  0.500
                                             M4:        0.3        0.0  0.000
                                             M5:       28.2        0.0  0.000
CTS_196:   preferred: M5 - M6
                35.2       0.3    0.004
                                             M2:        0.4        0.3  0.333
                                             M3:        0.1        0.0  0.000
                                             M4:        1.3        0.0  0.000
                                             M5:       33.4        0.0  0.000
CTS_144:   preferred: M5 - M6
                36.1       0.6    0.009
                                             M2:        9.1        0.0  0.000
                                             M3:        1.4        0.0  0.000
                                             M5:        0.2        0.0  0.000
                                             M6:       13.8        0.6  0.021
                                             M7:       11.5        0.1  0.003
CTS_215:   preferred: M5 - M6
                34.0       0.6    0.009
                                             M2:        1.3        0.6  0.236
                                             M3:        0.2        0.0  0.000
                                             M4:        0.4        0.0  0.000
                                             M5:       32.1        0.0  0.000
CTS_122:   preferred: M5 - M6
                33.0       0.6    0.010
                                             M2:        0.4        0.0  0.000
                                             M4:        0.4        0.0  0.000
                                             M5:        0.8        0.0  0.000
                                             M6:       14.3        0.0  0.000
                                             M7:       17.0        0.6  0.019
CTS_198:   preferred: M5 - M6
                34.5       0.9    0.014
                                             M2:        7.6        0.0  0.000
                                             M3:        1.1        0.9  0.433
                                             M4:        0.4        0.0  0.000
                                             M5:       25.3        0.0  0.000
CTS_224:   preferred: M5 - M6
                18.7       0.7    0.018
                                             M2:        4.6        0.1  0.016
                                             M3:        0.6        0.5  0.478
                                             M4:        1.3        0.0  0.000
                                             M5:       12.3        0.0  0.000
CTS_158:   preferred: M5 - M6
                32.5       3.2    0.049
                                             M1:        0.1        0.0  0.000
                                             M2:       10.4        0.0  0.000
                                             M5:        0.2        0.0  0.000
                                             M6:       21.2        2.9  0.068
                                             M7:        0.6        0.3  0.250
CTS_243:   preferred: M5 - M6
                25.8       2.9    0.056
                                             M2:        2.4        0.0  0.000
                                             M3:        0.9        0.0  0.000
                                             M5:        0.6        0.0  0.000
                                             M6:        2.9        0.0  0.000
                                             M7:       19.0        2.9  0.076
CTS_192:   preferred: M5 - M6
                10.2       1.3    0.063
                                             M2:        0.9        0.6  0.366
                                             M3:        0.6        0.6  0.500
                                             M5:        8.6        0.0  0.000
CTS_54:   preferred: M5 - M6
                14.0       2.1    0.074
                                             M2:        1.4        1.1  0.393
                                             M3:        0.9        0.9  0.500
                                             M4:        3.0        0.0  0.000
                                             M5:        8.6        0.0  0.000
CTS_229:   preferred: M5 - M6
                38.8       6.0    0.077
                                             M2:        4.2        6.0  0.713
                                             M3:        0.9        0.0  0.000
                                             M4:        0.9        0.0  0.000
                                             M5:       32.8        0.0  0.000
CTS_44:   preferred: M5 - M6
                25.8       4.0    0.078
                                             M2:        6.5        3.7  0.282
                                             M3:        1.3        0.0  0.000
                                             M5:        0.3        0.0  0.000
                                             M6:        7.6        0.0  0.000
                                             M7:       10.1        0.4  0.017
CTS_20:   preferred: M5 - M6
                 1.8       0.4    0.100
                                             M2:        1.3        0.0  0.000
                                             M3:        0.5        0.4  0.357
CTS_71:   preferred: M5 - M6
                 5.3       1.2    0.111
                                             M1:        0.4        0.0  0.000
                                             M2:        2.7        1.2  0.216
                                             M3:        2.2        0.0  0.000
CTS_199:   preferred: M5 - M6
                25.0       6.2    0.124
                                             M2:        0.7        0.0  0.000
                                             M3:        1.4        0.0  0.000
                                             M5:        0.8        0.0  0.000
                                             M6:        6.5        6.2  0.478
                                             M7:       15.6        0.0  0.000
CTS_219:   preferred: M5 - M6
                15.5       4.8    0.155
                                             M2:        8.8        4.8  0.273
                                             M3:        6.7        0.0  0.000
CTS_90:   preferred: M5 - M6
                 7.0       2.5    0.177
                                             M2:        1.3        2.5  0.951
                                             M3:        0.0        0.0  0.500
                                             M4:        0.1        0.0  0.000
                                             M5:        5.6        0.0  0.000
CTS_91:   preferred: M5 - M6
                30.9      13.1    0.212
                                             M2:        0.6        0.6  0.500
                                             M4:       15.3        0.0  0.000
                                             M5:        2.8        0.0  0.000
                                             M6:        6.7       12.5  0.935
                                             M7:        5.5        0.0  0.000
CTS_101:   preferred: M5 - M6
                 9.9       4.3    0.215
                                             M2:        1.6        0.0  0.000
                                             M3:        8.4        4.3  0.256
CTS_138:   preferred: M5 - M6
                37.8      17.9    0.236
                                             M2:        2.6        0.0  0.000
                                             M3:        0.1        0.0  0.000
                                             M5:        0.3        0.0  0.000
                                             M6:       25.9        0.0  0.000
                                             M7:        8.9       17.9  1.000
CTS_218:   preferred: M5 - M6
                16.1       7.8    0.243
                                             M2:       11.2        7.1  0.316
                                             M3:        4.8        0.7  0.073
CTS_223:   preferred: M5 - M6
                21.9      11.4    0.260
                                             M2:       13.5        0.3  0.011
                                             M3:        8.4       11.1  0.663
CTS_30:   preferred: M5 - M6
                 3.5       1.9    0.273
                                             M2:        3.5        1.9  0.273
CTS_48:   preferred: M5 - M6
                 5.7       3.7    0.322
                                             M2:        5.2        3.7  0.354
                                             M3:        0.5        0.0  0.000
CTS_188:   preferred: M5 - M6
                33.6      21.7    0.323
                                             M2:       25.3       17.0  0.336
                                             M3:        8.3        4.7  0.286
CTS_79:   preferred: M5 - M6
                34.8      24.2    0.348
                                             M2:        6.5        2.0  0.155
                                             M3:        0.4        0.1  0.083
                                             M5:        0.2        0.0  0.000
                                             M6:        8.6        0.0  0.000
                                             M7:       19.0       22.1  0.582
CTS_190:   preferred: M5 - M6
                 6.6       4.7    0.357
                                             M2:        0.3        0.3  0.500
                                             M3:        6.3        4.4  0.351
CTS_81:   preferred: M5 - M6
                42.1      30.1    0.357
                                             M2:        3.3        0.0  0.000
                                             M3:        1.2        0.0  0.000
                                             M5:        0.8        0.0  0.000
                                             M6:        1.3        0.0  0.000
                                             M7:       35.4       30.1  0.425
CTS_68:   preferred: M5 - M6
                10.5       7.8    0.369
                                             M2:        8.9        7.8  0.434
                                             M3:        1.6        0.0  0.000
CTS_226:   preferred: M5 - M6
                38.4      29.4    0.382
                                             M2:       12.7        0.0  0.000
                                             M3:        0.1        0.0  0.000
                                             M5:        0.6        0.0  0.000
                                             M6:        8.6        0.0  0.000
                                             M7:       16.4       29.4  0.895
CTS_240:   preferred: M5 - M6
                42.2      33.4    0.396
                                             M2:        1.4        0.0  0.000
                                             M3:        0.4        0.0  0.000
                                             M4:       14.7        0.0  0.000
                                             M5:        0.5        0.0  0.000
                                             M6:        6.5       11.8  0.910
                                             M7:       18.7       21.6  0.578
CTS_110:   preferred: M5 - M6
                64.9      51.8    0.399
                                             M2:        0.6        0.0  0.000
                                             M4:       35.4        0.0  0.000
                                             M5:        3.0        0.0  0.000
                                             M6:       25.9       51.8  1.000
CTS_39:   preferred: M5 - M6
                40.0      32.9    0.411
                                             M2:        5.6        0.0  0.000
                                             M3:        2.2        0.9  0.217
                                             M5:        0.2        0.0  0.000
                                             M6:       22.2       29.9  0.674
                                             M7:        9.8        2.0  0.104
CTS_118:   preferred: M5 - M6
                68.0      56.2    0.413
                                             M2:        0.6        0.0  0.000
                                             M4:       33.3        0.0  0.000
                                             M5:        6.0        0.0  0.000
                                             M6:       28.1       56.2  1.000
CTS_126:   preferred: M5 - M6
                37.7      31.4    0.417
                                             M1:        1.1        0.0  0.000
                                             M2:        2.6        0.0  0.000
                                             M5:        0.3        0.0  0.000
                                             M6:       16.7        1.2  0.034
                                             M7:       17.0       30.2  0.890
CTS_114:   preferred: M5 - M6
                63.3      55.3    0.437
                                             M2:        0.1        0.0  0.000
                                             M4:       34.1        0.0  0.000
                                             M5:        1.4        0.0  0.000
                                             M6:       27.6       55.3  1.000
CTS_67:   preferred: M5 - M6
                68.8      65.2    0.474
                                             M2:        0.1        0.0  0.000
                                             M4:       31.3        0.0  0.000
                                             M5:        4.7        0.0  0.000
                                             M6:       32.6       65.2  1.000
CTS_237:   preferred: M5 - M6
                31.2      29.6    0.476
                                             M2:       14.3        0.0  0.000
                                             M4:        0.4        0.0  0.000
                                             M5:        1.1        0.0  0.000
                                             M6:       15.1       29.1  0.961
                                             M7:        0.3        0.6  1.000
CTS_136:   preferred: M5 - M6
                64.5      61.3    0.476
                                             M2:        0.1        0.0  0.000
                                             M4:       32.4        0.0  0.000
                                             M5:        1.2        0.0  0.000
                                             M6:       30.7       61.3  1.000
CTS_124:   preferred: M5 - M6
                63.2      60.5    0.479
                                             M2:        0.6        0.0  0.000
                                             M4:       31.1        0.0  0.000
                                             M5:        1.2        0.0  0.000
                                             M6:       30.2       60.5  1.000
CTS_205:   preferred: M5 - M6
                39.7      38.3    0.482
                                             M2:        6.5       11.2  0.865
                                             M3:        0.1        0.0  0.000
                                             M4:        0.4        0.0  0.000
                                             M5:        0.9        0.0  0.000
                                             M6:        5.6        0.9  0.077
                                             M7:       26.2       26.2  0.500
CTS_142:   preferred: M5 - M6
                67.8      66.1    0.488
                                             M2:        2.4        0.0  0.000
                                             M3:        0.3        0.0  0.000
                                             M4:       30.0        0.0  0.000
                                             M5:        2.0        0.0  0.000
                                             M6:       33.0       66.1  1.000
CTS_69:   preferred: M5 - M6
                32.2      31.8    0.493
                                             M2:        0.7        0.0  0.000
                                             M3:        0.1        0.0  0.000
                                             M5:        0.5        0.0  0.000
                                             M6:        8.8        0.0  0.000
                                             M7:       22.2       31.8  0.716
CTS_127:   preferred: M5 - M6
                64.3      63.5    0.494
                                             M2:        0.3        0.0  0.000
                                             M4:       30.9        0.0  0.000
                                             M5:        1.4        0.0  0.000
                                             M6:       31.8       63.5  1.000
CTS_130:   preferred: M5 - M6
                64.2      63.9    0.498
                                             M2:        0.3        0.0  0.000
                                             M4:       30.7        0.0  0.000
                                             M5:        1.2        0.0  0.000
                                             M6:       32.0       63.9  1.000
CTS_115:   preferred: M5 - M6
                38.4      38.4    0.499
                                             M2:        6.0        5.3  0.440
                                             M5:        1.2        0.0  0.000
                                             M6:        8.2       13.2  0.807
                                             M7:       23.0       19.8  0.431
CTS_102:   preferred: M5 - M6
                63.2      65.2    0.516
                                             M2:        0.1        0.0  0.000
                                             M4:       29.2        0.0  0.000
                                             M5:        1.2        0.0  0.000
                                             M6:       32.6       65.2  1.000
CTS_72:   preferred: M5 - M6
                65.2      67.4    0.517
                                             M2:        0.1        0.0  0.000
                                             M4:       28.1        0.0  0.000
                                             M5:        3.2        0.0  0.000
                                             M6:       33.7       67.4  1.000
CTS_120:   preferred: M5 - M6
                44.6      46.7    0.524
                                             M2:        3.2        0.0  0.000
                                             M3:        0.9        0.0  0.000
                                             M4:        0.9        0.0  0.000
                                             M5:        0.6        0.0  0.000
                                             M6:       11.0        0.0  0.000
                                             M7:       27.9       46.7  0.837
CTS_73:   preferred: M5 - M6
                37.1      39.2    0.527
                                             M2:        0.7        0.0  0.000
                                             M3:        0.1        0.3  1.000
                                             M4:        0.4        0.0  0.000
                                             M5:        0.7        0.0  0.000
                                             M6:        9.5        0.0  0.000
                                             M7:       25.6       38.9  0.758
CTS_106:   preferred: M5 - M6
                65.2      69.1    0.530
                                             M2:        0.1        0.0  0.000
                                             M4:       27.2        0.0  0.000
                                             M5:        3.3        0.0  0.000
                                             M6:       34.6       69.1  1.000
CTS_121:   preferred: M5 - M6
                65.2      69.6    0.533
                                             M2:        0.6        0.0  0.000
                                             M4:       26.6        0.0  0.000
                                             M5:        3.3        0.0  0.000
                                             M6:       34.8       69.6  1.000
CTS_65:   preferred: M5 - M6
                23.1      24.7    0.535
                                             M1:        0.1        0.0  0.000
                                             M2:       13.2        6.2  0.235
                                             M3:        9.7       18.5  0.951
CTS_14:   preferred: M5 - M6
                41.5      46.5    0.561
                                             M2:        0.7        0.0  0.000
                                             M3:        1.4        1.9  0.650
                                             M4:        0.1        0.0  0.000
                                             M5:        0.6        0.0  0.000
                                             M6:       10.4        0.0  0.000
                                             M7:       28.2       44.6  0.791
CTS_133:   preferred: M5 - M6
                65.4      73.4    0.562
                                             M2:        0.7        0.0  0.000
                                             M3:        0.1        0.0  0.000
                                             M4:       26.4        0.0  0.000
                                             M5:        1.4        0.0  0.000
                                             M6:       35.9       71.7  1.000
                                             M7:        0.9        1.7  1.000
CTS_8:   preferred: M5 - M6
                64.3      73.9    0.574
                                             M2:        1.0        0.0  0.000
                                             M4:       24.0        0.0  0.000
                                             M5:        2.4        0.0  0.000
                                             M6:       36.9       73.9  1.000
CTS_92:   preferred: M5 - M6
                65.6      77.3    0.589
                                             M2:        0.1        0.0  0.000
                                             M4:       24.4        0.0  0.000
                                             M5:        2.4        0.0  0.000
                                             M6:       38.7       77.3  1.000
CTS_145:   preferred: M5 - M6
                63.3      74.7    0.590
                                             M2:        0.6        0.0  0.000
                                             M4:       24.0        0.0  0.000
                                             M5:        1.4        0.0  0.000
                                             M6:       37.4       74.7  1.000
CTS_134:   preferred: M5 - M6
                37.4      45.2    0.603
                                             M1:        0.3        0.0  0.000
                                             M2:        1.3        0.0  0.000
                                             M4:        6.3        0.0  0.000
                                             M5:        6.0        0.0  0.000
                                             M6:       12.3       24.3  0.988
                                             M7:       11.2       20.8  0.927
CTS_47:   preferred: M5 - M6
                 1.5       1.9    0.612
                                             M2:        0.9        1.2  0.697
                                             M3:        0.6        0.6  0.500
CTS_211:   preferred: M5 - M6
                22.5      27.6    0.614
                                             M2:       12.7       17.8  0.704
                                             M3:        9.8        9.7  0.497
CTS_53:   preferred: M5 - M6
                39.5      49.2    0.622
                                             M2:        0.6        0.6  0.500
                                             M3:        0.0        0.0  0.000
                                             M4:       13.8        0.0  0.000
                                             M5:        0.6        0.0  0.000
                                             M6:        4.3        8.3  0.956
                                             M7:       20.2       40.3  1.000
CTS_84:   preferred: M5 - M6
                37.2      46.5    0.625
                                             M2:        5.2        2.8  0.265
                                             M3:        0.2        0.0  0.000
                                             M5:        0.1        0.0  0.000
                                             M6:        9.5        0.0  0.000
                                             M7:       22.2       43.8  0.987
CTS_111:   preferred: M5 - M6
                 5.0       6.3    0.630
                                             M2:        2.3        3.9  0.847
                                             M3:        2.7        2.4  0.441
CTS_34:   preferred: M5 - M6
                67.5      85.1    0.630
                                             M2:        0.6        0.0  0.000
                                             M4:       19.0        0.0  0.000
                                             M5:        1.3        0.0  0.000
                                             M6:       43.2       85.1  0.985
                                             M7:        3.5        0.0  0.000
CTS_87:   preferred: M5 - M6
                67.6      85.4    0.632
                                             M2:        1.2        1.8  0.774
                                             M3:        0.5        0.7  0.683
                                             M4:       20.7        0.0  0.000
                                             M5:        3.7        0.0  0.000
                                             M6:       41.5       82.9  1.000
CTS_82:   preferred: M5 - M6
                64.3      82.5    0.642
                                             M2:        0.7        0.0  0.000
                                             M4:       21.0        0.0  0.000
                                             M5:        1.3        0.0  0.000
                                             M6:       41.3       82.5  1.000
CTS_50:   preferred: M5 - M6
                66.1      85.8    0.649
                                             M2:        2.9        0.0  0.000
                                             M3:        1.2        0.0  0.000
                                             M4:       18.1        0.0  0.000
                                             M5:        0.7        0.0  0.000
                                             M6:       42.3       84.1  0.993
                                             M7:        0.9        1.7  1.000
CTS_83:   preferred: M5 - M6
                42.3      55.4    0.654
                                             M2:        3.9        0.0  0.000
                                             M3:        0.9        0.0  0.000
                                             M5:        0.1        0.0  0.000
                                             M6:        7.8        0.0  0.000
                                             M7:       29.7       55.4  0.933
CTS_204:   preferred: M5 - M6
                45.6      60.0    0.657
                                             M2:        0.6        0.0  0.000
                                             M3:        1.2        0.0  0.000
                                             M5:        0.2        0.0  0.000
                                             M6:        0.4        0.9  1.000
                                             M7:       43.2       59.1  0.684
CTS_15:   preferred: M5 - M6
                64.2      84.8    0.660
                                             M2:        2.4        0.0  0.000
                                             M3:        0.1        0.0  0.000
                                             M4:       17.5        0.0  0.000
                                             M5:        0.9        0.0  0.000
                                             M6:       43.0       84.8  0.987
                                             M7:        0.3        0.0  0.000
CTS_98:   preferred: M5 - M6
                65.2      86.4    0.663
                                             M2:        1.0        0.0  0.000
                                             M4:       17.7        0.0  0.000
                                             M5:        3.3        0.0  0.000
                                             M6:       43.2       86.4  1.000
CTS_28:   preferred: M5 - M6
                63.2      83.8    0.663
                                             M2:        1.9        0.0  0.000
                                             M4:       18.1        0.0  0.000
                                             M5:        0.7        0.0  0.000
                                             M6:       41.9       83.8  1.000
                                             M7:        0.6        0.0  0.000
CTS_139:   preferred: M5 - M6
                62.9      84.7    0.673
                                             M2:        1.9        0.0  0.000
                                             M4:       17.7        0.0  0.000
                                             M5:        1.0        0.0  0.000
                                             M6:       42.3       84.7  1.000
CTS_52:   preferred: M5 - M6
                39.3      53.6    0.681
                                             M2:        0.7        0.0  0.000
                                             M5:        1.2        0.0  0.000
                                             M6:       10.4        0.0  0.000
                                             M7:       27.1       53.6  0.989
CTS_22:   preferred: M5 - M6
                65.3      89.1    0.682
                                             M2:        1.2        0.0  0.000
                                             M4:       16.2        0.0  0.000
                                             M5:        1.3        0.0  0.000
                                             M6:       45.6       89.1  0.978
                                             M7:        1.2        0.0  0.000
CTS_1:   preferred: M5 - M6
                65.0      89.0    0.685
                                             M2:        0.4        0.0  0.000
                                             M3:        0.1        0.0  0.000
                                             M4:       18.6        0.0  0.000
                                             M5:        1.3        0.0  0.000
                                             M6:       44.5       89.0  1.000
CTS_40:   preferred: M5 - M6
                64.4      88.6    0.687
                                             M2:        0.7        0.0  0.000
                                             M3:        0.1        0.0  0.000
                                             M4:       18.4        0.0  0.000
                                             M5:        0.9        0.0  0.000
                                             M6:       44.3       88.6  1.000
CTS_58:   preferred: M5 - M6
                35.0      49.2    0.704
                                             M2:        1.0        0.0  0.000
                                             M3:        1.3        0.0  0.000
                                             M5:        0.4        0.0  0.000
                                             M6:       13.8       27.0  0.978
                                             M7:       18.4       22.2  0.602
CTS_77:   preferred: M5 - M6
                64.3      92.6    0.720
                                             M2:        0.1        0.0  0.000
                                             M4:       15.3        0.0  0.000
                                             M5:        0.7        0.0  0.000
                                             M6:       46.4       92.6  0.997
                                             M7:        1.7        0.0  0.000
CTS_103:   preferred: M5 - M6
                33.1      47.9    0.723
                                             M2:        6.3        0.1  0.011
                                             M3:        1.0        0.0  0.000
                                             M5:        0.3        0.0  0.000
                                             M6:        5.6        8.0  0.714
                                             M7:       19.9       39.7  1.000
CTS_62:   preferred: M5 - M6
                64.2      94.0    0.732
                                             M2:        1.6        0.0  0.000
                                             M3:        0.1        0.0  0.000
                                             M4:       14.0        0.0  0.000
                                             M5:        0.9        0.0  0.000
                                             M6:       47.3       94.0  0.993
                                             M7:        0.3        0.0  0.000
CTS_56:   preferred: M5 - M6
                70.9     104.8    0.739
                                             M2:        0.1        0.0  0.000
                                             M4:       17.3        0.0  0.000
                                             M5:        1.0        0.0  0.000
                                             M6:       48.8       97.3  0.997
                                             M7:        3.7        7.5  1.000
CTS_32:   preferred: M5 - M6
                15.0      23.0    0.768
                                             M2:        0.6        0.0  0.000
                                             M4:        0.4        0.0  0.000
                                             M5:        1.1        0.0  0.000
                                             M6:        9.9       18.4  0.924
                                             M7:        2.9        4.6  0.800
CTS_66:   preferred: M5 - M6
                 8.7      13.4    0.770
                                             M2:        6.0        8.7  0.723
                                             M3:        2.7        4.7  0.875
CTS_96:   preferred: M5 - M6
                33.6      52.4    0.779
                                             M2:        2.3        0.0  0.000
                                             M3:        1.4        0.0  0.000
                                             M5:        0.5        0.0  0.000
                                             M6:       26.8       51.3  0.957
                                             M7:        2.6        1.2  0.222
CTS_146:   preferred: M5 - M6
                30.8      49.5    0.804
                                             M2:        0.3        0.0  0.000
                                             M3:        0.3        0.0  0.000
                                             M4:        4.3        0.0  0.000
                                             M5:        1.2        0.0  0.000
                                             M6:        9.2       18.4  1.000
                                             M7:       15.6       31.1  1.000
CTS_232:   preferred: M5 - M6
                30.6      50.1    0.818
                                             M2:        0.7        0.0  0.000
                                             M4:        3.2        0.0  0.000
                                             M5:        0.8        0.0  0.000
                                             M6:       24.4       48.7  0.997
                                             M7:        1.4        1.4  0.500
CTS_61:   preferred: M5 - M6
                34.6      58.2    0.842
                                             M1:        0.1        0.0  0.000
                                             M2:        0.4        0.0  0.000
                                             M3:        0.1        0.0  0.000
                                             M4:        0.4        0.0  0.000
                                             M5:        1.1        0.0  0.000
                                             M6:        3.3        0.0  0.000
                                             M7:       29.1       58.2  1.000
CTS_100:   preferred: M5 - M6
                33.4      57.6    0.861
                                             M2:        3.9        0.0  0.000
                                             M3:        0.1        0.0  0.000
                                             M5:        0.2        0.0  0.000
                                             M6:        0.4        0.0  0.000
                                             M7:       28.8       57.6  1.000
clk:   preferred: M5 - M6
                87.1     151.5    0.869
                                             M2:        0.6        0.0  0.000
                                             M3:        0.1        0.0  0.000
                                             M4:        7.6        0.0  0.000
                                             M5:        1.4        0.0  0.000
                                             M6:       66.5      129.9  0.976
                                             M7:       10.9       21.6  0.985
CTS_46:   preferred: M5 - M6
                65.3     115.1    0.880
                                             M2:        1.6        0.0  0.000
                                             M4:        4.1        0.0  0.000
                                             M5:        2.1        0.0  0.000
                                             M6:       57.2      114.5  1.000
                                             M7:        0.3        0.6  1.000
CTS_5:   preferred: M5 - M6
                41.9      75.3    0.899
                                             M2:        1.4        2.6  0.906
                                             M3:        0.5        0.5  0.500
                                             M4:        2.7        0.0  0.000
                                             M5:        0.9        0.0  0.000
                                             M6:        8.4       16.3  0.967
                                             M7:       27.9       55.9  1.000
CTS_4:   preferred: M5 - M6
                36.1      66.8    0.926
                                             M2:        2.3        0.0  0.000
                                             M3:        0.1        0.0  0.000
                                             M5:        0.3        0.0  0.000
                                             M6:        0.9        1.7  1.000
                                             M7:       32.5       65.1  1.000
CTS_109:   preferred: M5 - M6
                28.6      53.0    0.928
                                             M2:        0.6        0.3  0.281
                                             M3:        0.2        0.0  0.000
                                             M5:        0.4        0.0  0.000
                                             M6:       13.0       24.7  0.954
                                             M7:       14.4       27.9  0.970
CTS_149:   preferred: M5 - M6
                37.1      70.0    0.944
                                             M2:        0.7        0.0  0.000
                                             M3:        0.5        0.0  0.000
                                             M5:        0.1        0.0  0.000
                                             M6:       27.9       54.7  0.979
                                             M7:        7.8       15.3  0.981
CTS_161:   preferred: M5 - M6
                67.4     127.7    0.948
                                             M1:        0.6        0.6  0.500
                                             M2:        2.3        4.1  0.887
                                             M4:        0.3        0.0  0.000
                                             M5:        1.9        0.0  0.000
                                             M6:       57.0      112.6  0.987
                                             M7:        5.2       10.4  1.000
CTS_128:   preferred: M5 - M6
                39.6      76.9    0.971
                                             M2:        0.3        0.0  0.000
                                             M5:        0.6        0.0  0.000
                                             M6:       20.3       40.1  0.986
                                             M7:       18.4       36.9  1.000
-------------------------------------------------------------------------------

 Average ratio:                   0.360
                                             M1:          0.0        0.0  0.062
                                             M2:          3.4        0.5  0.080
                                             M3:          1.4        0.3  0.101
                                             M4:          4.2        0.0  0.000
                                             M5:          6.1        0.0  0.000
                                             M6:          7.6       13.3  0.874
                                             M7:          3.3        4.6  0.711


