-------------------------------------------------------------------------------
Name     : Shielded net name
Length   : Shielded net length
Shield   : Total length of shielding wire
Ratio    : Average shielding ratio
-------------------------------------------------------------------------------
Name          Length    Shield    Ratio   
                                         Layer:      Length     Shield  Ratio
-------------------------------------------------------------------------------
CTS_40:   preferred: M5 - M6
                 0.9       0.0    0.000
                                             M2:        0.9        0.0  0.000
CTS_75:   preferred: M5 - M6
                 2.4       0.0    0.000
                                             M2:        1.7        0.0  0.000
                                             M3:        0.6        0.0  0.000
CTS_26:   preferred: M5 - M6
                 2.4       0.0    0.000
                                             M2:        1.7        0.0  0.000
                                             M3:        0.6        0.0  0.000
CTS_10:   preferred: M5 - M6
                 2.6       0.0    0.000
                                             M2:        1.0        0.0  0.000
                                             M3:        1.6        0.0  0.000
CTS_50:   preferred: M5 - M6
                 2.9       0.0    0.000
                                             M2:        0.6        0.0  0.000
                                             M3:        2.3        0.0  0.000
CTS_30:   preferred: M5 - M6
                 3.5       0.0    0.000
                                             M2:        3.5        0.0  0.000
CTS_3:   preferred: M5 - M6
                 4.0       0.0    0.000
                                             M2:        0.1        0.0  0.000
                                             M3:        3.8        0.0  0.000
CTS_90:   preferred: M5 - M6
                 4.2       0.0    0.000
                                             M2:        3.9        0.0  0.000
                                             M3:        0.3        0.0  0.000
CTS_102:   preferred: M5 - M6
                 4.6       0.0    0.000
                                             M2:        2.7        0.0  0.000
                                             M3:        1.9        0.0  0.000
CTS_122:   preferred: M5 - M6
                 4.8       0.0    0.000
                                             M2:        0.1        0.0  0.000
                                             M3:        4.6        0.0  0.000
CTS_20:   preferred: M5 - M6
                 5.3       0.0    0.000
                                             M2:        0.6        0.0  0.000
                                             M3:        0.1        0.0  0.000
                                             M5:        4.6        0.0  0.000
CTS_24:   preferred: M5 - M6
                 5.5       0.0    0.000
                                             M2:        1.6        0.0  0.000
                                             M3:        3.9        0.0  0.000
CTS_107:   preferred: M5 - M6
                 5.5       0.0    0.000
                                             M2:        2.6        0.0  0.000
                                             M3:        3.0        0.0  0.000
CTS_14:   preferred: M5 - M6
                 5.8       0.0    0.000
                                             M2:        5.3        0.0  0.000
                                             M3:        0.5        0.0  0.000
CTS_67:   preferred: M5 - M6
                 6.1       0.0    0.000
                                             M2:        5.0        0.0  0.000
                                             M3:        1.1        0.0  0.000
CTS_118:   preferred: M5 - M6
                 6.2       0.0    0.000
                                             M2:        1.9        0.0  0.000
                                             M3:        4.3        0.0  0.000
CTS_56:   preferred: M5 - M6
                 7.6       0.0    0.000
                                             M2:        7.3        0.0  0.000
                                             M3:        0.3        0.0  0.000
CTS_82:   preferred: M5 - M6
                 7.6       0.0    0.000
                                             M2:        1.6        0.0  0.000
                                             M3:        6.0        0.0  0.000
CTS_66:   preferred: M5 - M6
                 8.6       0.0    0.000
                                             M2:        4.9        0.0  0.000
                                             M3:        3.7        0.0  0.000
CTS_70:   preferred: M5 - M6
                 8.9       0.0    0.000
                                             M2:        8.6        0.0  0.000
                                             M3:        0.3        0.0  0.000
CTS_44:   preferred: M5 - M6
                 9.2       0.0    0.000
                                             M2:        7.3        0.0  0.000
                                             M3:        1.9        0.0  0.000
CTS_11:   preferred: M5 - M6
                 9.9       0.0    0.000
                                             M2:        2.4        0.0  0.000
                                             M3:        7.4        0.0  0.000
CTS_97:   preferred: M5 - M6
                10.4       0.0    0.000
                                             M1:        0.1        0.0  0.000
                                             M2:        7.6        0.0  0.000
                                             M3:        2.6        0.0  0.000
CTS_100:   preferred: M5 - M6
                10.5       0.0    0.000
                                             M2:        8.5        0.0  0.000
                                             M3:        2.0        0.0  0.000
CTS_34:   preferred: M5 - M6
                10.7       0.0    0.000
                                             M2:        4.0        0.0  0.000
                                             M3:        6.6        0.0  0.000
CTS_73:   preferred: M5 - M6
                10.9       0.0    0.000
                                             M2:        8.1        0.0  0.000
                                             M3:        2.8        0.0  0.000
CTS_104:   preferred: M5 - M6
                10.9       0.0    0.000
                                             M2:        4.0        0.0  0.000
                                             M3:        6.9        0.0  0.000
CTS_45:   preferred: M5 - M6
                11.1       0.0    0.000
                                             M2:        0.2        0.0  0.000
                                             M5:       10.9        0.0  0.000
CTS_69:   preferred: M5 - M6
                11.4       0.0    0.000
                                             M2:        5.2        0.0  0.000
                                             M3:        6.2        0.0  0.000
CTS_48:   preferred: M5 - M6
                12.0       0.0    0.000
                                             M2:        0.3        0.0  0.000
                                             M4:        0.7        0.0  0.000
                                             M5:       10.9        0.0  0.000
CTS_28:   preferred: M5 - M6
                12.1       0.0    0.000
                                             M2:        0.3        0.0  0.000
                                             M3:        0.0        0.0  0.000
                                             M4:        0.4        0.0  0.000
                                             M5:       11.3        0.0  0.000
CTS_12:   preferred: M5 - M6
                12.2       0.0    0.000
                                             M2:        0.1        0.0  0.000
                                             M4:        3.5        0.0  0.000
                                             M5:        8.6        0.0  0.000
CTS_22:   preferred: M5 - M6
                12.3       0.0    0.000
                                             M2:        0.9        0.0  0.000
                                             M3:        0.1        0.0  0.000
                                             M4:        6.2        0.0  0.000
                                             M5:        5.2        0.0  0.000
CTS_76:   preferred: M5 - M6
                12.4       0.0    0.000
                                             M2:        7.6        0.0  0.000
                                             M3:        4.8        0.0  0.000
CTS_7:   preferred: M5 - M6
                12.8       0.0    0.000
                                             M2:        1.4        0.0  0.000
                                             M3:       11.4        0.0  0.000
CTS_37:   preferred: M5 - M6
                13.2       0.0    0.000
                                             M2:        0.6        0.0  0.000
                                             M3:       12.7        0.0  0.000
CTS_57:   preferred: M5 - M6
                13.4       0.0    0.000
                                             M2:        0.6        0.0  0.000
                                             M4:        0.1        0.0  0.000
                                             M5:       12.7        0.0  0.000
CTS_25:   preferred: M5 - M6
                13.6       0.0    0.000
                                             M2:        0.7        0.0  0.000
                                             M3:        0.1        0.0  0.000
                                             M5:        0.5        0.0  0.000
                                             M6:        2.8        0.0  0.000
                                             M7:        9.5        0.0  0.000
CTS_36:   preferred: M5 - M6
                13.6       0.0    0.000
                                             M2:        6.6        0.0  0.000
                                             M3:        7.0        0.0  0.000
CTS_85:   preferred: M5 - M6
                13.9       0.0    0.000
                                             M2:       10.8        0.0  0.000
                                             M3:        3.1        0.0  0.000
CTS_87:   preferred: M5 - M6
                14.0       0.0    0.000
                                             M2:        0.1        0.0  0.000
                                             M4:        0.1        0.0  0.000
                                             M5:        2.3        0.0  0.000
                                             M6:        9.1        0.0  0.000
                                             M7:        2.3        0.0  0.000
CTS_91:   preferred: M5 - M6
                14.1       0.0    0.000
                                             M2:        0.3        0.0  0.000
                                             M4:        0.1        0.0  0.000
                                             M5:        1.2        0.0  0.000
                                             M6:       11.4        0.0  0.000
                                             M7:        1.2        0.0  0.000
CTS_61:   preferred: M5 - M6
                15.7       0.0    0.000
                                             M2:        1.9        0.0  0.000
                                             M3:        0.3        0.0  0.000
                                             M4:        0.3        0.0  0.000
                                             M5:       13.2        0.0  0.000
CTS_123:   preferred: M5 - M6
                15.9       0.0    0.000
                                             M2:       10.7        0.0  0.000
                                             M3:        5.3        0.0  0.000
CTS_94:   preferred: M5 - M6
                16.9       0.0    0.000
                                             M1:        0.1        0.0  0.000
                                             M2:        0.1        0.0  0.000
                                             M4:       13.5        0.0  0.000
                                             M5:        3.1        0.0  0.000
CTS_59:   preferred: M5 - M6
                16.9       0.0    0.000
                                             M2:        0.4        0.0  0.000
                                             M4:        0.1        0.0  0.000
                                             M5:        0.6        0.0  0.000
                                             M6:        8.4        0.0  0.000
                                             M7:        7.5        0.0  0.000
CTS_117:   preferred: M5 - M6
                17.3       0.0    0.000
                                             M2:        2.4        0.0  0.000
                                             M3:       14.8        0.0  0.000
CTS_121:   preferred: M5 - M6
                17.6       0.0    0.000
                                             M2:        7.3        0.0  0.000
                                             M3:       10.2        0.0  0.000
CTS_93:   preferred: M5 - M6
                19.3       0.0    0.000
                                             M2:        0.3        0.0  0.000
                                             M4:       16.7        0.0  0.000
                                             M5:        2.3        0.0  0.000
CTS_127:   preferred: M5 - M6
                20.0       0.0    0.000
                                             M1:        1.1        0.0  0.000
                                             M2:       13.7        0.0  0.000
                                             M3:        5.3        0.0  0.000
CTS_19:   preferred: M5 - M6
                20.2       0.0    0.000
                                             M2:        0.1        0.0  0.000
                                             M4:        1.0        0.0  0.000
                                             M5:       19.0        0.0  0.000
CTS_4:   preferred: M5 - M6
                20.7       0.0    0.000
                                             M1:        0.1        0.0  0.000
                                             M2:        1.0        0.0  0.000
                                             M3:        0.1        0.0  0.000
                                             M4:        0.1        0.0  0.000
                                             M5:        0.6        0.0  0.000
                                             M6:        0.9        0.0  0.000
                                             M7:       17.9        0.0  0.000
CTS_65:   preferred: M5 - M6
                21.0       0.0    0.000
                                             M2:        0.1        0.0  0.000
                                             M4:       18.4        0.0  0.000
                                             M5:        2.5        0.0  0.000
CTS_60:   preferred: M5 - M6
                21.2       0.0    0.000
                                             M2:        2.3        0.0  0.000
                                             M3:        0.0        0.0  0.000
                                             M5:       18.8        0.0  0.000
CTS_17:   preferred: M5 - M6
                21.7       0.0    0.000
                                             M2:        0.1        0.0  0.000
                                             M3:        0.3        0.0  0.000
                                             M4:       20.3        0.0  0.000
                                             M5:        1.0        0.0  0.000
CTS_111:   preferred: M5 - M6
                22.0       0.0    0.000
                                             M2:        0.6        0.0  0.000
                                             M3:        0.5        0.0  0.000
                                             M4:        2.3        0.0  0.000
                                             M5:       18.6        0.0  0.000
CTS_21:   preferred: M5 - M6
                22.1       0.0    0.000
                                             M2:        2.0        0.0  0.000
                                             M3:        0.3        0.0  0.000
                                             M5:        0.1        0.0  0.000
                                             M6:        9.9        0.0  0.000
                                             M7:        2.0        0.0  0.000
                                             M8:        7.8        0.0  0.000
CTS_33:   preferred: M5 - M6
                22.5       0.0    0.000
                                             M2:        2.3        0.0  0.000
                                             M3:        0.3        0.0  0.000
                                             M5:       20.0        0.0  0.000
CTS_58:   preferred: M5 - M6
                23.0       0.0    0.000
                                             M2:        0.4        0.0  0.000
                                             M3:        0.0        0.0  0.000
                                             M4:        0.1        0.0  0.000
                                             M5:        0.3        0.0  0.000
                                             M6:       11.5        0.0  0.000
                                             M7:       10.7        0.0  0.000
CTS_35:   preferred: M5 - M6
                23.9       0.0    0.000
                                             M2:        0.1        0.0  0.000
                                             M3:        0.3        0.0  0.000
                                             M5:        0.7        0.0  0.000
                                             M6:       10.7        0.0  0.000
                                             M7:       12.1        0.0  0.000
CTS_39:   preferred: M5 - M6
                24.6       0.0    0.000
                                             M2:        0.6        0.0  0.000
                                             M3:        0.1        0.0  0.000
                                             M5:        0.9        0.0  0.000
                                             M6:        9.4        0.0  0.000
                                             M7:       13.5        0.0  0.000
CTS_49:   preferred: M5 - M6
                24.6       0.0    0.000
                                             M1:        1.2        0.0  0.000
                                             M2:        0.1        0.0  0.000
                                             M5:        0.0        0.0  0.000
                                             M6:        7.1        0.0  0.000
                                             M7:       16.1        0.0  0.000
CTS_23:   preferred: M5 - M6
                25.4       0.0    0.000
                                             M2:        0.4        0.0  0.000
                                             M3:        0.3        0.0  0.000
                                             M4:        0.9        0.0  0.000
                                             M5:       23.8        0.0  0.000
CTS_126:   preferred: M5 - M6
                26.6       0.0    0.000
                                             M2:       21.9        0.0  0.000
                                             M3:        4.8        0.0  0.000
CTS_38:   preferred: M5 - M6
                26.9       0.0    0.000
                                             M2:        0.3        0.0  0.000
                                             M3:        0.2        0.0  0.000
                                             M4:        0.3        0.0  0.000
                                             M5:        0.2        0.0  0.000
                                             M6:        6.9        0.0  0.000
                                             M7:       19.0        0.0  0.000
CTS_9:   preferred: M5 - M6
                30.1       0.0    0.000
                                             M2:        2.0        0.0  0.000
                                             M3:        0.0        0.0  0.000
                                             M5:        0.3        0.0  0.000
                                             M6:       16.6        0.0  0.000
                                             M7:       11.2        0.0  0.000
CTS_53:   preferred: M5 - M6
                39.9       0.0    0.000
                                             M2:        0.3        0.0  0.000
                                             M3:        0.0        0.0  0.000
                                             M4:        0.1        0.0  0.000
                                             M5:        0.7        0.0  0.000
                                             M6:       18.6        0.0  0.000
                                             M7:       20.2        0.0  0.000
CTS_119:   preferred: M5 - M6
                40.7       0.0    0.000
                                             M2:        1.6        0.0  0.000
                                             M3:        0.1        0.0  0.000
                                             M4:        0.1        0.0  0.000
                                             M5:        0.1        0.0  0.000
                                             M6:       33.3        0.0  0.000
                                             M7:        5.5        0.0  0.000
CTS_42:   preferred: M5 - M6
                26.5       0.1    0.001
                                             M2:        0.4        0.0  0.000
                                             M3:        0.0        0.0  0.000
                                             M5:        2.1        0.0  0.000
                                             M6:        4.9        0.0  0.000
                                             M7:       19.0        0.1  0.002
CTS_8:   preferred: M5 - M6
                14.2       0.0    0.002
                                             M1:        0.1        0.0  0.000
                                             M2:        0.1        0.0  0.000
                                             M3:        0.0        0.0  0.500
                                             M5:        0.6        0.0  0.000
                                             M6:       12.1        0.0  0.000
                                             M7:        1.2        0.0  0.000
CTS_1:   preferred: M5 - M6
                30.1       0.1    0.002
                                             M2:        0.7        0.0  0.000
                                             M3:        0.1        0.1  0.500
                                             M5:        0.1        0.0  0.000
                                             M6:       23.3        0.0  0.000
                                             M7:        5.8        0.0  0.000
CTS_13:   preferred: M5 - M6
                24.7       0.1    0.003
                                             M2:        0.1        0.1  0.500
                                             M3:        0.1        0.0  0.000
                                             M5:        0.9        0.0  0.000
                                             M6:       17.5        0.0  0.000
                                             M7:        6.0        0.0  0.000
CTS_52:   preferred: M5 - M6
                20.1       0.3    0.007
                                             M2:        2.7        0.0  0.000
                                             M5:        1.0        0.0  0.000
                                             M6:       15.6        0.0  0.000
                                             M7:        0.9        0.3  0.167
CTS_81:   preferred: M5 - M6
                18.4       0.4    0.010
                                             M2:        0.4        0.0  0.000
                                             M4:        0.1        0.0  0.000
                                             M5:        1.5        0.0  0.000
                                             M6:       13.2        0.0  0.000
                                             M7:        3.2        0.4  0.056
CTS_124:   preferred: M5 - M6
                42.2       0.9    0.011
                                             M2:        1.0        0.1  0.071
                                             M3:        0.0        0.0  0.500
                                             M4:        0.1        0.0  0.000
                                             M5:        0.4        0.0  0.000
                                             M6:        9.5        0.0  0.000
                                             M7:        0.8        0.8  0.500
                                             M8:        3.2        0.0  0.000
                                             M9:       27.2        0.0  0.000
CTS_96:   preferred: M5 - M6
                12.4       0.3    0.012
                                             M2:       12.1        0.3  0.012
                                             M3:        0.3        0.0  0.000
CTS_71:   preferred: M5 - M6
                11.1       0.4    0.016
                                             M2:        0.1        0.0  0.000
                                             M5:        0.7        0.0  0.000
                                             M6:        3.3        0.0  0.000
                                             M7:        6.9        0.4  0.025
CTS_68:   preferred: M5 - M6
                29.7       1.2    0.020
                                             M2:        2.3        0.0  0.000
                                             M5:        0.6        0.0  0.000
                                             M6:       21.0        0.0  0.000
                                             M7:        5.8        1.2  0.106
CTS_88:   preferred: M5 - M6
                 9.9       0.6    0.031
                                             M2:        5.0        0.6  0.061
                                             M3:        4.8        0.0  0.000
CTS_6:   preferred: M5 - M6
                10.0       0.9    0.046
                                             M1:        0.1        0.0  0.000
                                             M2:        3.8        0.0  0.000
                                             M3:        6.0        0.9  0.076
CTS_125:   preferred: M5 - M6
                 8.0       0.8    0.052
                                             M1:        7.4        0.8  0.056
                                             M2:        0.6        0.0  0.000
CTS_79:   preferred: M5 - M6
                13.8       1.8    0.065
                                             M2:        9.9        1.8  0.090
                                             M3:        3.9        0.0  0.000
CTS_63:   preferred: M5 - M6
                22.9       3.3    0.071
                                             M2:        0.9        0.0  0.000
                                             M3:        0.1        0.2  1.000
                                             M5:        0.5        0.0  0.000
                                             M6:        8.1        1.3  0.080
                                             M7:        2.8        1.7  0.310
                                             M8:        9.0        0.0  0.000
                                             M9:        1.5        0.0  0.000
CTS_84:   preferred: M5 - M6
                13.8       2.7    0.097
                                             M2:       10.8        2.7  0.124
                                             M3:        3.0        0.0  0.000
CTS_128:   preferred: M5 - M6
                29.2       6.6    0.112
                                             M2:        0.4        0.0  0.000
                                             M3:        0.1        0.0  0.000
                                             M4:        0.2        0.0  0.000
                                             M5:        0.3        0.0  0.000
                                             M6:       21.0        0.8  0.019
                                             M7:        7.2        5.8  0.400
CTS_46:   preferred: M5 - M6
                37.8      11.0    0.146
                                             M2:        0.3        0.0  0.000
                                             M4:        0.1        0.0  0.000
                                             M5:        0.5        0.0  0.000
                                             M6:       24.2        5.2  0.108
                                             M7:       12.7        5.8  0.228
CTS_99:   preferred: M5 - M6
                11.5       3.4    0.149
                                             M2:        7.3        3.4  0.234
                                             M3:        4.2        0.0  0.000
CTS_64:   preferred: M5 - M6
                 7.6       2.4    0.157
                                             M2:        5.9        2.4  0.203
                                             M3:        1.7        0.0  0.000
CTS_86:   preferred: M5 - M6
                34.2      12.7    0.186
                                             M2:        0.7        0.0  0.000
                                             M3:        0.1        0.0  0.000
                                             M5:        3.6        0.0  0.000
                                             M6:       20.2        0.9  0.021
                                             M7:        9.5       11.9  0.625
CTS_5:   preferred: M5 - M6
                23.4       9.7    0.207
                                             M2:        0.3        0.0  0.000
                                             M3:        0.1        0.0  0.000
                                             M5:        0.4        0.0  0.000
                                             M6:       18.8        5.5  0.148
                                             M7:        3.7        4.1  0.553
clk:   preferred: M5 - M6
                75.7      41.4    0.273
                                             M2:        1.0        0.0  0.000
                                             M3:        0.2        0.0  0.000
                                             M4:        0.4        0.0  0.000
                                             M5:        1.1        0.0  0.000
                                             M6:       19.7       10.3  0.261
                                             M7:       45.4       31.1  0.342
                                             M8:        7.8        0.0  0.000
CTS_78:   preferred: M5 - M6
                20.0      11.8    0.294
                                             M1:        2.0        0.0  0.000
                                             M2:       15.7       11.8  0.375
                                             M3:        2.3        0.0  0.000
CTS_74:   preferred: M5 - M6
                17.9      11.5    0.320
                                             M2:        0.3        0.0  0.000
                                             M5:        0.1        0.0  0.000
                                             M6:        6.3        3.6  0.290
                                             M7:       11.2        7.8  0.349
CTS_31:   preferred: M5 - M6
                28.9      20.1    0.347
                                             M2:        0.1        0.1  0.500
                                             M3:        0.0        0.0  0.500
                                             M5:        0.3        0.0  0.000
                                             M6:       15.4        8.4  0.272
                                             M7:       13.0       11.5  0.444
CTS_16:   preferred: M5 - M6
                10.8       8.5    0.392
                                             M1:        0.1        0.1  0.500
                                             M2:        4.5        2.1  0.240
                                             M3:        6.2        6.2  0.500
CTS_101:   preferred: M5 - M6
                19.1      15.7    0.411
                                             M2:        2.7        0.0  0.000
                                             M3:        0.1        0.0  0.000
                                             M5:        0.3        0.0  0.000
                                             M6:       16.0       15.7  0.492
CTS_27:   preferred: M5 - M6
                28.3      23.6    0.417
                                             M2:        0.1        0.0  0.000
                                             M4:        0.2        0.0  0.000
                                             M5:        0.4        0.0  0.000
                                             M6:        3.7        6.6  0.895
                                             M7:       23.9       17.1  0.357
CTS_51:   preferred: M5 - M6
                36.8      33.8    0.459
                                             M1:        0.1        0.0  0.000
                                             M2:        0.1        0.0  0.000
                                             M3:        0.0        0.0  0.000
                                             M5:        2.1        0.0  0.000
                                             M6:        8.5        6.2  0.363
                                             M7:       25.9       27.6  0.532
CTS_18:   preferred: M5 - M6
                 2.4       2.4    0.493
                                             M1:        0.4        0.4  0.500
                                             M2:        2.0        2.0  0.491
CTS_130:   preferred: M5 - M6
                29.1      29.4    0.504
                                             M2:        0.6        0.0  0.000
                                             M3:        0.0        0.0  0.000
                                             M5:        0.6        0.0  0.000
                                             M6:       13.2        4.0  0.152
                                             M7:       14.7       25.3  0.863
CTS_103:   preferred: M5 - M6
                19.3      20.4    0.527
                                             M2:        0.3        0.0  0.000
                                             M5:        0.3        0.0  0.000
                                             M6:       17.1       16.9  0.496
                                             M7:        1.7        3.5  1.000
CTS_55:   preferred: M5 - M6
                23.3      24.9    0.534
                                             M2:        0.1        0.0  0.000
                                             M4:        0.1        0.0  0.000
                                             M5:        0.7        0.0  0.000
                                             M6:       16.8       24.9  0.738
                                             M7:        5.5        0.0  0.000
CTS_92:   preferred: M5 - M6
                20.3      22.4    0.552
                                             M4:        0.1        0.0  0.000
                                             M5:        0.4        0.0  0.000
                                             M6:        4.5        8.3  0.917
                                             M7:       15.3       14.1  0.460
CTS_47:   preferred: M5 - M6
                12.6      14.2    0.562
                                             M2:        0.3        0.0  0.000
                                             M3:        0.0        0.0  0.000
                                             M4:        0.3        0.0  0.000
                                             M5:        0.2        0.0  0.000
                                             M6:        3.7        0.0  0.000
                                             M7:        8.1       14.2  0.880
CTS_15:   preferred: M5 - M6
                36.7      41.5    0.565
                                             M2:        0.3        0.3  0.500
                                             M3:        0.1        0.0  0.000
                                             M4:        0.1        0.0  0.000
                                             M5:        0.6        0.0  0.000
                                             M6:       14.0        0.9  0.031
                                             M7:       21.6       40.3  0.933
CTS_32:   preferred: M5 - M6
                31.6      36.3    0.574
                                             M2:        0.7        0.0  0.000
                                             M3:        0.3        0.0  0.000
                                             M4:        0.1        0.0  0.000
                                             M5:        0.2        0.0  0.000
                                             M6:       12.7       10.7  0.418
                                             M7:       17.6       25.6  0.730
CTS_83:   preferred: M5 - M6
                21.5      25.0    0.582
                                             M2:        0.1        0.0  0.000
                                             M5:        0.2        0.0  0.000
                                             M6:        9.4        8.5  0.454
                                             M7:       11.8       16.5  0.699
CTS_43:   preferred: M5 - M6
                28.1      35.4    0.630
                                             M2:        1.9        0.0  0.000
                                             M3:        0.1        0.0  0.000
                                             M5:        0.3        0.0  0.000
                                             M6:       18.4       35.4  0.965
                                             M7:        7.5        0.0  0.000
CTS_72:   preferred: M5 - M6
                13.4      16.9    0.632
                                             M2:        0.6        0.0  0.000
                                             M5:        0.3        0.0  0.000
                                             M6:        1.9        0.0  0.000
                                             M7:       10.7       16.9  0.795
CTS_62:   preferred: M5 - M6
                35.4      46.7    0.660
                                             M2:        0.1        0.0  0.000
                                             M4:        0.1        0.0  0.000
                                             M5:        1.1        0.0  0.000
                                             M6:       19.7       20.1  0.511
                                             M7:       14.4       26.6  0.924
CTS_129:   preferred: M5 - M6
                27.1      40.3    0.745
                                             M2:        0.5        0.0  0.000
                                             M3:        0.0        0.0  0.000
                                             M4:        0.1        0.0  0.000
                                             M5:        0.2        0.0  0.000
                                             M6:        6.0        0.0  0.000
                                             M7:       20.2       40.3  1.000
CTS_95:   preferred: M5 - M6
                27.2      43.6    0.802
                                             M4:        0.1        0.0  0.000
                                             M5:        0.2        0.0  0.000
                                             M6:       10.8       11.7  0.540
                                             M7:       16.1       31.9  0.989
CTS_2:   preferred: M5 - M6
                16.6      27.6    0.834
                                             M2:        0.4        0.0  0.000
                                             M3:        0.1        0.0  0.000
                                             M5:        0.2        0.0  0.000
                                             M6:        2.0        0.0  0.000
                                             M7:       13.8       27.6  1.000
CTS_29:   preferred: M5 - M6
                18.7      32.6    0.869
                                             M1:        0.3        0.0  0.000
                                             M2:        0.7        0.0  0.000
                                             M4:        0.1        0.0  0.000
                                             M5:        0.3        0.0  0.000
                                             M6:       17.0       32.6  0.959
                                             M7:        0.4        0.0  0.000
CTS_80:   preferred: M5 - M6
                24.2      43.1    0.889
                                             M2:        2.0        0.6  0.138
                                             M5:        0.1        0.0  0.000
                                             M6:       11.4       22.3  0.975
                                             M7:       10.7       20.2  0.947
CTS_77:   preferred: M5 - M6
                18.8      33.6    0.897
                                             M2:        0.1        0.0  0.000
                                             M5:        0.0        0.0  0.000
                                             M6:        9.1       15.5  0.854
                                             M7:        9.5       18.1  0.955
CTS_41:   preferred: M5 - M6
                18.3      33.1    0.905
                                             M2:        0.3        0.0  0.000
                                             M5:        0.6        0.0  0.000
                                             M6:        0.7        0.0  0.000
                                             M7:       16.7       33.1  0.990
CTS_89:   preferred: M5 - M6
                18.3      33.6    0.920
                                             M2:        0.1        0.0  0.000
                                             M5:        0.3        0.0  0.000
                                             M6:        4.3        6.7  0.779
                                             M7:       13.5       26.8  0.992
CTS_54:   preferred: M5 - M6
                32.7      60.5    0.926
                                             M2:        0.1        0.0  0.000
                                             M3:        0.3        0.0  0.000
                                             M5:        0.7        0.0  0.000
                                             M6:        1.3        0.0  0.000
                                             M7:       30.2       60.5  1.000
CTS_98:   preferred: M5 - M6
                32.0      62.7    0.980
                                             M4:        0.1        0.0  0.000
                                             M5:        0.3        0.0  0.000
                                             M6:       14.9       29.3  0.983
                                             M7:       16.7       33.4  1.000
-------------------------------------------------------------------------------

 Average ratio:                   0.221
                                             M1:          0.1        0.0  0.052
                                             M2:          2.6        0.2  0.046
                                             M3:          1.6        0.1  0.020
                                             M4:          0.7        0.0  0.000
                                             M5:          1.8        0.0  0.000
                                             M6:          5.4        2.6  0.241
                                             M7:          5.2        5.0  0.478
                                             M8:          0.2        0.0  0.000
                                             M9:          0.2        0.0  0.000


