###############################################################
#  Generated by:      Cadence Innovus 22.17-s086_1
#  OS:                Linux x86_64(Host ID vlsiktmt)
#  Generated on:      Mon Apr  6 12:41:12 2026
#  Design:            top_axi_ram
#  Command:           addMetalFill -snap -squareShape
###############################################################

Iteration name: default
Fill shape type: FILLWIRE
Layer M1 - Fill width    : 0.140um - 3.360um
Layer M1 - Fill length   : 0.140um - 16.800um
Layer M1 - Active spacing: 1.500um
Layer M1 - Gap spacing   : 1.500um
Layer M1 - Window size   : 100um X 100um
Layer M1 - Window step   : 50um X 50um
Layer M1 - Min Density   : 30%
Layer M1 - Pref Density  : 50%
Layer M1 - Max Density   : 70%
Layer M1 - Ext Density   : 35%
Layer M1 - Number of windows (total - met pref density = processed): 9 - 0 = 9
Layer M2 - Fill width    : 0.156um - 3.360um
Layer M2 - Fill length   : 0.156um - 16.800um
Layer M2 - Active spacing: 1.500um
Layer M2 - Gap spacing   : 1.500um
Layer M2 - Window size   : 100um X 100um
Layer M2 - Window step   : 50um X 50um
Layer M2 - Min Density   : 30%
Layer M2 - Pref Density  : 50%
Layer M2 - Max Density   : 70%
Layer M2 - Ext Density   : 35%
Layer M2 - Number of windows (total - met pref density = processed): 9 - 0 = 9
Layer M3 - Fill width    : 0.156um - 3.360um
Layer M3 - Fill length   : 0.156um - 16.800um
Layer M3 - Active spacing: 1.500um
Layer M3 - Gap spacing   : 1.500um
Layer M3 - Window size   : 100um X 100um
Layer M3 - Window step   : 50um X 50um
Layer M3 - Min Density   : 30%
Layer M3 - Pref Density  : 50%
Layer M3 - Max Density   : 70%
Layer M3 - Ext Density   : 35%
Layer M3 - Number of windows (total - met pref density = processed): 9 - 1 = 8
Layer M4 - Fill width    : 0.300um - 3.360um
Layer M4 - Fill length   : 0.300um - 16.800um
Layer M4 - Active spacing: 1.500um
Layer M4 - Gap spacing   : 1.500um
Layer M4 - Window size   : 100um X 100um
Layer M4 - Window step   : 50um X 50um
Layer M4 - Min Density   : 30%
Layer M4 - Pref Density  : 50%
Layer M4 - Max Density   : 70%
Layer M4 - Ext Density   : 35%
Layer M4 - Number of windows (total - met pref density = processed): 9 - 0 = 9
Layer M5 - Fill width    : 0.300um - 3.360um
Layer M5 - Fill length   : 0.300um - 16.800um
Layer M5 - Active spacing: 1.500um
Layer M5 - Gap spacing   : 1.500um
Layer M5 - Window size   : 80um X 80um
Layer M5 - Window step   : 40um X 40um
Layer M5 - Min Density   : 60%
Layer M5 - Pref Density  : 50%
Layer M5 - Max Density   : 70%
Layer M5 - Ext Density   : 35%
Layer M5 - Number of windows (total - met pref density = processed): 16 - 0 = 16
Layer M6 - Fill width    : 0.300um - 3.360um
Layer M6 - Fill length   : 0.300um - 16.800um
Layer M6 - Active spacing: 1.500um
Layer M6 - Gap spacing   : 1.500um
Layer M6 - Window size   : 100um X 100um
Layer M6 - Window step   : 50um X 50um
Layer M6 - Min Density   : 30%
Layer M6 - Pref Density  : 50%
Layer M6 - Max Density   : 70%
Layer M6 - Ext Density   : 35%
Layer M6 - Number of windows (total - met pref density = processed): 9 - 0 = 9
Layer M7 - Fill width    : 0.400um - 2.000um
Layer M7 - Fill length   : 0.400um - 10.000um
Layer M7 - Active spacing: 0.600um
Layer M7 - Gap spacing   : 0.400um
Layer M7 - Window size   : 100um X 100um
Layer M7 - Window step   : 50um X 50um
Layer M7 - Min Density   : 20%
Layer M7 - Pref Density  : 35%
Layer M7 - Max Density   : 80%
Layer M7 - Ext Density   : 35%
Layer M7 - Number of windows (total - met pref density = processed): 9 - 0 = 9
Layer M8 - Fill width    : 0.400um - 2.000um
Layer M8 - Fill length   : 0.400um - 10.000um
Layer M8 - Active spacing: 0.600um
Layer M8 - Gap spacing   : 0.400um
Layer M8 - Window size   : 100um X 100um
Layer M8 - Window step   : 50um X 50um
Layer M8 - Min Density   : 20%
Layer M8 - Pref Density  : 35%
Layer M8 - Max Density   : 80%
Layer M8 - Ext Density   : 35%
Layer M8 - Number of windows (total - met pref density = processed): 9 - 0 = 9
Layer M9 - Fill width    : 0.400um - 2.000um
Layer M9 - Fill length   : 0.400um - 10.000um
Layer M9 - Active spacing: 0.600um
Layer M9 - Gap spacing   : 0.400um
Layer M9 - Window size   : 100um X 100um
Layer M9 - Window step   : 50um X 50um
Layer M9 - Min Density   : 20%
Layer M9 - Pref Density  : 35%
Layer M9 - Max Density   : 80%
Layer M9 - Ext Density   : 35%
Layer M9 - Number of windows (total - met pref density = processed): 9 - 0 = 9
Layer M10 - Fill width    : 0.400um - 2.000um
Layer M10 - Fill length   : 0.400um - 10.000um
Layer M10 - Active spacing: 8.000um
Layer M10 - Gap spacing   : 0.400um
Layer M10 - Window size   : 194um X 193um
Layer M10 - Window step   : 194um X 193um
Layer M10 - Min Density   : 80%
Layer M10 - Pref Density  : 35%
Layer M10 - Max Density   : 3%
Layer M10 - Ext Density   : 35%
Layer M10 - Number of windows (total - met pref density = processed): 1 - 0 = 1

***************Before filling***************

Layer M1 - Number of windows under minimum density (30%): 0 out of total 9.
Layer M1 - Number of windows over maximum density  (70%): 0 out of total 9.

Layer M2 - Number of windows under minimum density (30%): 0 out of total 9.
Layer M2 - Number of windows over maximum density  (70%): 0 out of total 9.

Layer M3 - Number of windows under minimum density (30%): 2 out of total 9.
Layer M3 - Number of windows over maximum density  (70%): 0 out of total 9.

Layer M4 - Number of windows under minimum density (30%): 9 out of total 9.
Layer M4 - Number of windows over maximum density  (70%): 0 out of total 9.

Layer M5 - Number of windows under minimum density (60%): 16 out of total 16.
Layer M5 - Number of windows over maximum density  (70%): 0 out of total 16.

Layer M6 - Number of windows under minimum density (30%): 9 out of total 9.
Layer M6 - Number of windows over maximum density  (70%): 0 out of total 9.

Layer M7 - Number of windows under minimum density (20%): 9 out of total 9.
Layer M7 - Number of windows over maximum density  (80%): 0 out of total 9.

Layer M8 - Number of windows under minimum density (20%): 9 out of total 9.
Layer M8 - Number of windows over maximum density  (80%): 0 out of total 9.

Layer M9 - Number of windows under minimum density (20%): 9 out of total 9.
Layer M9 - Number of windows over maximum density  (80%): 0 out of total 9.

Layer M10 - Number of windows under minimum density (80%): 1 out of total 1.
Layer M10 - Number of windows over maximum density  (3%): 0 out of total 1.

***************After filling***************

Layer M1 - Number of windows under minimum density (30%): 0 out of total 9.
Layer M1 - Number of windows over maximum density  (70%): 0 out of total 9.

Layer M2 - Number of windows under minimum density (30%): 0 out of total 9.
Layer M2 - Number of windows over maximum density  (70%): 0 out of total 9.

Layer M3 - Number of windows under minimum density (30%): 0 out of total 9.
Layer M3 - Number of windows over maximum density  (70%): 0 out of total 9.

Layer M4 - Number of windows under minimum density (30%): 9 out of total 9.
Layer M4 - Number of windows over maximum density  (70%): 0 out of total 9.

Layer M5 - Number of windows under minimum density (60%): 16 out of total 16.
Layer M5 - Number of windows over maximum density  (70%): 0 out of total 16.

Layer M6 - Number of windows under minimum density (30%): 1 out of total 9.
Layer M6 - Number of windows over maximum density  (70%): 0 out of total 9.

Layer M7 - Number of windows under minimum density (20%): 0 out of total 9.
Layer M7 - Number of windows over maximum density  (80%): 0 out of total 9.

Layer M8 - Number of windows under minimum density (20%): 0 out of total 9.
Layer M8 - Number of windows over maximum density  (80%): 0 out of total 9.

Layer M9 - Number of windows under minimum density (20%): 0 out of total 9.
Layer M9 - Number of windows over maximum density  (80%): 0 out of total 9.

Layer M10 - Number of windows under minimum density (80%): 1 out of total 1.
Layer M10 - Number of windows over maximum density  (3%): 0 out of total 1.

