###############################################################
#  Generated by:      Cadence Innovus 22.17-s086_1
#  OS:                Linux x86_64(Host ID vlsiktmt)
#  Generated on:      Sun Apr  5 18:47:32 2026
#  Design:            top_axi_ram
#  Command:           verifyConnectivity -type all -error 1000 -warning 50 -report ./verify_rpt/connectivity.rpt
###############################################################
Verify Connectivity Report is created on Sun Apr  5 18:47:32 2026



Net VDD: has special routes with opens at (8.800, 8.800) (183.152, 182.734)
Net VDD: has special routes with opens at (134.784, 84.204) (181.008, 84.276)
Net VDD: has special routes with opens at (134.784, 49.644) (181.008, 49.716)
Net VDD: has regular routing with opens at (134.784, 71.244) (138.888, 71.316)
Net VDD: has regular routing with opens at (134.784, 88.524) (180.576, 88.596)
Net VDD: has regular routing with opens at (134.784, 66.924) (168.696, 66.996)
Net VDD: has regular routing with opens at (147.960, 92.844) (181.008, 92.916)
Net VDD: has regular routing with opens at (134.784, 107.964) (181.008, 108.036)
Net VDD: has regular routing with opens at (134.784, 58.284) (146.664, 58.356)
Net VDD: has regular routing with opens at (142.992, 60.444) (145.800, 60.516)
Net VDD: has regular routing with opens at (134.784, 69.084) (167.832, 69.156)
Net VDD: has regular routing with opens at (142.992, 105.804) (181.008, 105.876)
Net VDD: has regular routing with opens at (134.784, 60.444) (142.776, 60.516)
Net VDD: has regular routing with opens at (134.784, 77.724) (158.760, 77.796)
Net VDD: has regular routing with opens at (134.784, 103.644) (181.008, 103.716)
Net VDD: has regular routing with opens at (134.784, 99.324) (181.008, 99.396)
Net VDD: has regular routing with opens at (134.784, 97.164) (181.008, 97.236)
Net VDD: has regular routing with opens at (134.784, 116.604) (181.008, 116.676)
Net VDD: has regular routing with opens at (134.784, 105.804) (142.776, 105.876)
Net VDD: has regular routing with opens at (138.240, 75.564) (165.672, 75.636)
Net VDD: has regular routing with opens at (134.784, 114.444) (181.008, 114.516)
Net VDD: has regular routing with opens at (165.888, 75.564) (181.008, 75.636)
Net VDD: has regular routing with opens at (134.784, 101.484) (181.008, 101.556)
Net VDD: has regular routing with opens at (163.944, 77.724) (181.008, 77.796)
Net VDD: has regular routing with opens at (139.104, 71.244) (155.304, 71.316)
Net VDD: has regular routing with opens at (157.032, 64.764) (180.576, 64.836)
Net VDD: has regular routing with opens at (135.000, 75.564) (138.024, 75.636)
Net VDD: has regular routing with opens at (134.784, 110.124) (181.008, 110.196)
Net VDD: has regular routing with opens at (134.784, 73.404) (140.832, 73.476)
Net VDD: has regular routing with opens at (146.448, 60.444) (155.304, 60.516)
Net VDD: has regular routing with opens at (156.600, 62.604) (181.008, 62.676)
Net VDD: has regular routing with opens at (134.784, 64.764) (140.616, 64.836)
Net VDD: has regular routing with opens at (134.784, 56.124) (181.008, 56.196)
Net VDD: has regular routing with opens at (168.264, 69.084) (181.008, 69.156)
Net VDD: has regular routing with opens at (147.312, 58.284) (181.008, 58.356)
Net VDD: has regular routing with opens at (134.784, 140.364) (170.424, 140.436)
Net VDD: has regular routing with opens at (134.784, 151.164) (176.688, 151.236)
Net VDD: has regular routing with opens at (134.784, 161.964) (181.008, 162.036)
Net VDD: has regular routing with opens at (134.784, 153.324) (172.800, 153.396)
Net VDD: has regular routing with opens at (134.784, 164.124) (157.896, 164.196)
Net VDD: has regular routing with opens at (134.784, 159.804) (181.008, 159.876)
Net VDD: has regular routing with opens at (135.000, 172.764) (181.008, 172.836)
Net VDD: has regular routing with opens at (135.000, 179.244) (181.008, 179.316)
Net VDD: has regular routing with opens at (134.784, 177.084) (181.008, 177.156)
Net VDD: has regular routing with opens at (134.784, 12.924) (181.008, 12.996)
Net VDD: has regular routing with opens at (134.784, 51.804) (163.944, 51.876)
Net VDD: has regular routing with opens at (158.112, 164.124) (181.008, 164.196)
Net VDD: has regular routing with opens at (134.784, 19.404) (180.792, 19.476)
Net VDD: has regular routing with opens at (134.784, 34.524) (181.008, 34.596)
Net VDD: has regular routing with opens at (173.232, 166.284) (181.008, 166.356)
Net VDD: has regular routing with opens at (134.784, 21.564) (181.008, 21.636)
Net VDD: has regular routing with opens at (134.784, 23.724) (181.008, 23.796)
Net VDD: has regular routing with opens at (134.784, 41.004) (181.008, 41.076)
Net VDD: has regular routing with opens at (168.912, 66.924) (181.008, 66.996)
Net VDD: has regular routing with opens at (134.784, 138.204) (181.008, 138.276)
Net VDD: has regular routing with opens at (134.784, 28.044) (176.256, 28.116)
Net VDD: has regular routing with opens at (148.608, 30.204) (181.008, 30.276)
Net VDD: has regular routing with opens at (134.784, 155.484) (181.008, 155.556)
Net VDD: has regular routing with opens at (164.808, 170.604) (181.008, 170.676)
Net VDD: has regular routing with opens at (134.784, 30.204) (148.392, 30.276)
Net VDD: has regular routing with opens at (134.784, 32.364) (181.008, 32.436)
Net VDD: has regular routing with opens at (134.784, 136.044) (180.792, 136.116)
Net VDD: has regular routing with opens at (134.784, 38.844) (181.008, 38.916)
Net VDD: has regular routing with opens at (134.784, 47.484) (181.008, 47.556)
Net VDD: has regular routing with opens at (134.784, 131.724) (179.280, 131.796)
Net VDD: has regular routing with opens at (134.784, 118.764) (181.008, 118.836)
Net VDD: has regular routing with opens at (134.784, 149.004) (181.008, 149.076)
Net VDD: has regular routing with opens at (158.112, 133.884) (180.792, 133.956)
Net VDD: has regular routing with opens at (166.536, 142.524) (173.016, 142.596)
Net VDD: has regular routing with opens at (158.328, 125.244) (181.008, 125.316)
Net VDD: has regular routing with opens at (134.784, 120.924) (181.008, 120.996)
Net VDD: has regular routing with opens at (134.784, 157.644) (181.008, 157.716)
Net VDD: has regular routing with opens at (134.784, 127.404) (181.008, 127.476)
Net VDD: has regular routing with opens at (134.784, 123.084) (181.008, 123.156)
Net VDD: has regular routing with opens at (173.016, 153.324) (181.008, 153.396)
Net VDD: has regular routing with opens at (177.120, 151.164) (181.008, 151.236)
Net VDD: has regular routing with opens at (134.784, 45.324) (181.008, 45.396)
Net VDD: has regular routing with opens at (174.312, 168.444) (181.008, 168.516)
Net VDD: has regular routing with opens at (134.784, 174.924) (181.008, 174.996)
Net VDD: has regular routing with opens at (134.784, 166.284) (172.800, 166.356)
Net VDD: has regular routing with opens at (134.784, 146.844) (178.848, 146.916)
Net VDD: has regular routing with opens at (134.784, 168.444) (174.096, 168.516)
Net VDD: has regular routing with opens at (134.784, 144.684) (181.008, 144.756)
Net VDD: has regular routing with opens at (135.216, 129.564) (181.008, 129.636)
Net VDD: has regular routing with opens at (134.784, 142.524) (166.320, 142.596)
Net VDD: has regular routing with opens at (179.496, 131.724) (181.008, 131.796)
Net VDD: has regular routing with opens at (171.072, 140.364) (181.008, 140.436)
Net VDD: has regular routing with opens at (173.232, 142.524) (181.008, 142.596)
Net VDD: has regular routing with opens at (179.064, 146.844) (181.008, 146.916)
Net VDD: has regular routing with opens at (134.784, 133.884) (155.736, 133.956)
Net VDD: has regular routing with opens at (134.784, 17.244) (181.008, 17.316)
Net VDD: has regular routing with opens at (134.784, 10.764) (157.032, 10.836)
Net VDD: has regular routing with opens at (158.976, 77.724) (163.512, 77.796)
Net VDD: has regular routing with opens at (156.816, 53.964) (163.296, 54.036)
Net VDD: has regular routing with opens at (163.512, 53.964) (181.008, 54.036)
Net VDD: has regular routing with opens at (164.160, 51.804) (181.008, 51.876)
Net VDD: has regular routing with opens at (134.784, 92.844) (146.664, 92.916)
Net VDD: has regular routing with opens at (168.480, 43.164) (181.008, 43.236)
Net VDD: has regular routing with opens at (134.784, 36.684) (181.008, 36.756)
Net VDD: has regular routing with opens at (134.784, 125.244) (158.112, 125.316)
Net VDD: has regular routing with opens at (176.472, 28.044) (181.008, 28.116)
Net VDD: has regular routing with opens at (140.616, 25.884) (181.008, 25.956)
Net VDD: has regular routing with opens at (155.952, 133.884) (157.896, 133.956)
Net VDD: has regular routing with opens at (165.456, 15.084) (181.008, 15.156)
Net VDD: has regular routing with opens at (177.984, 10.764) (181.008, 10.836)
Net VDD: has regular routing with opens at (134.784, 15.084) (165.024, 15.156)
Net VDD: has regular routing with opens at (134.784, 25.884) (140.400, 25.956)
Net VDD: has regular routing with opens at (157.680, 10.764) (177.336, 10.836)
Net VDD: has regular routing with opens at (134.784, 170.604) (164.592, 170.676)
Net VDD: dangling Wire at (76.080, 155.760) (76.080, 155.760) on layer: M8
Net VDD: dangling Wire at (76.080, 121.200) (76.080, 121.200) on layer: M8
Net VSS: has special routes with opens at (0.000, 0.000) (191.952, 191.232)
Net VSS: has special routes with opens at (134.784, 75.132) (181.008, 83.952)
Net VSS: has special routes with opens at (142.560, 69.964) (167.184, 75.476)
Net VSS: has regular routing with opens at (134.784, 72.324) (142.344, 72.396)
Net VSS: has regular routing with opens at (134.784, 89.604) (180.576, 89.676)
Net VSS: has regular routing with opens at (134.784, 68.004) (167.832, 68.076)
Net VSS: has regular routing with opens at (134.784, 65.844) (181.008, 65.916)
Net VSS: has regular routing with opens at (147.960, 91.764) (181.008, 91.836)
Net VSS: has regular routing with opens at (134.784, 109.044) (181.008, 109.116)
Net VSS: has regular routing with opens at (134.784, 106.884) (181.008, 106.956)
Net VSS: has regular routing with opens at (134.784, 63.684) (155.304, 63.756)
Net VSS: has regular routing with opens at (134.784, 57.204) (181.008, 57.276)
Net VSS: has regular routing with opens at (134.784, 102.564) (181.008, 102.636)
Net VSS: has regular routing with opens at (134.784, 100.404) (181.008, 100.476)
Net VSS: has regular routing with opens at (134.784, 104.724) (180.792, 104.796)
Net VSS: has regular routing with opens at (135.000, 98.244) (181.008, 98.316)
Net VSS: has regular routing with opens at (134.784, 115.524) (142.344, 115.596)
Net VSS: has regular routing with opens at (134.784, 76.644) (181.008, 76.716)
Net VSS: has regular routing with opens at (141.912, 74.484) (181.008, 74.556)
Net VSS: has regular routing with opens at (167.616, 72.324) (181.008, 72.396)
Net VSS: has regular routing with opens at (134.784, 96.084) (181.008, 96.156)
Net VSS: has regular routing with opens at (134.784, 113.364) (181.008, 113.436)
Net VSS: has regular routing with opens at (135.000, 74.484) (141.696, 74.556)
Net VSS: has regular routing with opens at (156.816, 61.524) (181.008, 61.596)
Net VSS: has regular routing with opens at (156.600, 63.684) (180.792, 63.756)
Net VSS: has regular routing with opens at (134.784, 61.524) (142.992, 61.596)
Net VSS: has regular routing with opens at (134.784, 55.044) (181.008, 55.116)
Net VSS: has regular routing with opens at (168.048, 68.004) (181.008, 68.076)
Net VSS: has regular routing with opens at (134.784, 139.284) (178.848, 139.356)
Net VSS: has regular routing with opens at (134.784, 117.684) (181.008, 117.756)
Net VSS: has regular routing with opens at (134.784, 150.084) (172.368, 150.156)
Net VSS: has regular routing with opens at (134.784, 163.044) (181.008, 163.116)
Net VSS: has regular routing with opens at (134.784, 152.244) (174.528, 152.316)
Net VSS: has regular routing with opens at (134.784, 141.444) (181.008, 141.516)
Net VSS: has regular routing with opens at (134.784, 165.204) (181.008, 165.276)
Net VSS: has regular routing with opens at (134.784, 160.884) (181.008, 160.956)
Net VSS: has regular routing with opens at (142.560, 115.524) (181.008, 115.596)
Net VSS: has regular routing with opens at (134.784, 173.844) (180.792, 173.916)
Net VSS: has regular routing with opens at (135.216, 180.324) (181.008, 180.396)
Net VSS: has regular routing with opens at (134.784, 178.164) (181.008, 178.236)
Net VSS: has regular routing with opens at (134.784, 11.844) (181.008, 11.916)
Net VSS: has regular routing with opens at (134.784, 18.324) (181.008, 18.396)
Net VSS: has regular routing with opens at (134.784, 20.484) (181.008, 20.556)
Net VSS: has regular routing with opens at (134.784, 35.604) (181.008, 35.676)
Net VSS: has regular routing with opens at (134.784, 176.004) (181.008, 176.076)
Net VSS: has regular routing with opens at (134.784, 22.644) (162.000, 22.716)
Net VSS: has regular routing with opens at (134.784, 137.124) (181.008, 137.196)
Net VSS: has regular routing with opens at (134.784, 26.964) (181.008, 27.036)
Net VSS: has regular routing with opens at (134.784, 29.124) (150.120, 29.196)
Net VSS: has regular routing with opens at (162.216, 156.564) (181.008, 156.636)
Net VSS: has regular routing with opens at (134.784, 171.684) (181.008, 171.756)
Net VSS: has regular routing with opens at (134.784, 33.444) (157.248, 33.516)
Net VSS: has regular routing with opens at (134.784, 44.244) (181.008, 44.316)
Net VSS: has regular routing with opens at (150.984, 134.964) (180.792, 135.036)
Net VSS: has regular routing with opens at (134.784, 37.764) (181.008, 37.836)
Net VSS: has regular routing with opens at (134.784, 39.924) (181.008, 39.996)
Net VSS: has regular routing with opens at (174.960, 152.244) (181.008, 152.316)
Net VSS: has regular routing with opens at (134.784, 169.524) (181.008, 169.596)
Net VSS: has regular routing with opens at (134.784, 130.644) (179.280, 130.716)
Net VSS: has regular routing with opens at (134.784, 167.364) (181.008, 167.436)
Net VSS: has regular routing with opens at (172.584, 150.084) (181.008, 150.156)
Net VSS: has regular routing with opens at (155.952, 132.804) (178.848, 132.876)
Net VSS: has regular routing with opens at (134.784, 126.324) (181.008, 126.396)
Net VSS: has regular routing with opens at (134.784, 122.004) (181.008, 122.076)
Net VSS: has regular routing with opens at (134.784, 158.724) (181.008, 158.796)
Net VSS: has regular routing with opens at (135.000, 128.484) (181.008, 128.556)
Net VSS: has regular routing with opens at (179.496, 154.404) (181.008, 154.476)
Net VSS: has regular routing with opens at (134.784, 119.844) (181.008, 119.916)
Net VSS: has regular routing with opens at (134.784, 124.164) (181.008, 124.236)
Net VSS: has regular routing with opens at (134.784, 46.404) (181.008, 46.476)
Net VSS: has regular routing with opens at (134.784, 154.404) (179.280, 154.476)
Net VSS: has regular routing with opens at (157.032, 145.764) (181.008, 145.836)
Net VSS: has regular routing with opens at (134.784, 143.604) (176.688, 143.676)
Net VSS: has regular routing with opens at (179.496, 130.644) (181.008, 130.716)
Net VSS: has regular routing with opens at (179.280, 132.804) (181.008, 132.876)
Net VSS: has regular routing with opens at (134.784, 147.924) (181.008, 147.996)
Net VSS: has regular routing with opens at (179.496, 139.284) (181.008, 139.356)
Net VSS: has regular routing with opens at (134.784, 145.764) (156.816, 145.836)
Net VSS: has regular routing with opens at (176.904, 143.604) (181.008, 143.676)
Net VSS: has regular routing with opens at (134.784, 134.964) (150.768, 135.036)
Net VSS: has regular routing with opens at (161.784, 52.884) (163.512, 52.956)
Net VSS: has regular routing with opens at (163.728, 52.884) (181.008, 52.956)
Net VSS: has regular routing with opens at (145.152, 93.924) (146.664, 93.996)
Net VSS: has regular routing with opens at (134.784, 93.924) (144.936, 93.996)
Net VSS: has regular routing with opens at (157.680, 33.444) (181.008, 33.516)
Net VSS: has regular routing with opens at (134.784, 31.284) (181.008, 31.356)
Net VSS: has regular routing with opens at (150.336, 29.124) (181.008, 29.196)
Net VSS: has regular routing with opens at (158.976, 24.804) (181.008, 24.876)
Net VSS: has regular routing with opens at (140.616, 24.804) (158.760, 24.876)
Net VSS: has regular routing with opens at (162.216, 22.644) (181.008, 22.716)
Net VSS: has regular routing with opens at (134.784, 132.804) (155.736, 132.876)
Net VSS: has regular routing with opens at (161.136, 16.164) (181.008, 16.236)
Net VSS: has regular routing with opens at (134.784, 14.004) (181.008, 14.076)
Net VSS: has regular routing with opens at (134.784, 16.164) (160.704, 16.236)
Net VSS: has regular routing with opens at (134.784, 24.804) (140.400, 24.876)
Net VSS: has regular routing with opens at (134.784, 156.564) (162.000, 156.636)
Net VSS: dangling Wire at (70.680, 146.960) (70.680, 146.960) on layer: M8
Net VSS: dangling Wire at (71.600, 146.960) (71.600, 146.960) on layer: M8

Begin Summary
    6 Problem(s) (IMPVFC-200): Special Wires: Pieces of the net are not connected together.
    199 Problem(s) (IMPVFC-92): Pieces of the net are not connected together.
    4 Problem(s) (IMPVFC-94): The net has dangling wire(s).
    209 total info(s) created.
End Summary
