###############################################################
#  Generated by:      Cadence Innovus 22.17-s086_1
#  OS:                Linux x86_64(Host ID vlsiktmt)
#  Generated on:      Sun Apr  5 22:55:35 2026
#  Design:            top_axi_ram
#  Command:           checkFPlan -reportUtil -outFile ./verify_rpt/reportUtil.rpt
###############################################################
WARNING (IMPFP-7238): CORE's  corner:	(181.1520000000 , 180.3600000000)  is	NOT on PlacementGrid. You can use the getFPlanMode command to check the current grid settings and use the setFPlanMode command to  change the grid to snap to. You can also use the get_snap_grid_info command to get information on the offset and pitch of the current snap grid. To resolve this issue, use the floorPlan command.
**ERROR: PreRoute (146.960000 102.564000) (161.654500 102.636000) not on manufacturing grid. It must be on manufacturing grid in order to be manufactured. Move the object so it is on the manufacturing grid.

**ERROR: PreRoute (156.503000 72.324000) (172.653250 72.396000) not on manufacturing grid. It must be on manufacturing grid in order to be manufactured. Move the object so it is on the manufacturing grid.

**ERROR: PreRoute (146.960000 68.004000) (159.055500 68.076000) not on manufacturing grid. It must be on manufacturing grid in order to be manufactured. Move the object so it is on the manufacturing grid.

**ERROR: PreRoute (134.784000 63.684000) (143.289250 63.756000) not on manufacturing grid. It must be on manufacturing grid in order to be manufactured. Move the object so it is on the manufacturing grid.

**ERROR: PreRoute (135.965000 61.524000) (161.764750 61.596000) not on manufacturing grid. It must be on manufacturing grid in order to be manufactured. Move the object so it is on the manufacturing grid.

**ERROR: PreRoute (146.960000 57.204000) (163.166750 57.276000) not on manufacturing grid. It must be on manufacturing grid in order to be manufactured. Move the object so it is on the manufacturing grid.

**ERROR: PreRoute (146.960000 52.884000) (154.741000 52.956000) not on manufacturing grid. It must be on manufacturing grid in order to be manufactured. Move the object so it is on the manufacturing grid.

**ERROR: PreRoute (144.509500 48.564000) (151.790750 48.636000) not on manufacturing grid. It must be on manufacturing grid in order to be manufactured. Move the object so it is on the manufacturing grid.

**ERROR: PreRoute (137.369250 80.964000) (170.507750 81.036000) not on manufacturing grid. It must be on manufacturing grid in order to be manufactured. Move the object so it is on the manufacturing grid.

**ERROR: PreRoute (146.960000 93.924000) (160.338000 93.996000) not on manufacturing grid. It must be on manufacturing grid in order to be manufactured. Move the object so it is on the manufacturing grid.

**ERROR: PreRoute (148.640000 99.324000) (167.482000 99.396000) not on manufacturing grid. It must be on manufacturing grid in order to be manufactured. Move the object so it is on the manufacturing grid.

**ERROR: PreRoute (148.640000 103.644000) (161.654500 103.716000) not on manufacturing grid. It must be on manufacturing grid in order to be manufactured. Move the object so it is on the manufacturing grid.

**ERROR: PreRoute (148.640000 73.404000) (172.653250 73.476000) not on manufacturing grid. It must be on manufacturing grid in order to be manufactured. Move the object so it is on the manufacturing grid.

**ERROR: PreRoute (148.640000 69.084000) (159.055500 69.156000) not on manufacturing grid. It must be on manufacturing grid in order to be manufactured. Move the object so it is on the manufacturing grid.

**ERROR: PreRoute (135.965000 62.604000) (161.764750 62.676000) not on manufacturing grid. It must be on manufacturing grid in order to be manufactured. Move the object so it is on the manufacturing grid.

**ERROR: PreRoute (148.640000 53.964000) (154.741000 54.036000) not on manufacturing grid. It must be on manufacturing grid in order to be manufactured. Move the object so it is on the manufacturing grid.

**ERROR: PreRoute (144.509500 49.644000) (151.790750 49.716000) not on manufacturing grid. It must be on manufacturing grid in order to be manufactured. Move the object so it is on the manufacturing grid.

**ERROR: PreRoute (137.369250 82.044000) (170.507750 82.116000) not on manufacturing grid. It must be on manufacturing grid in order to be manufactured. Move the object so it is on the manufacturing grid.

**ERROR: PreRoute (148.640000 95.004000) (160.338000 95.076000) not on manufacturing grid. It must be on manufacturing grid in order to be manufactured. Move the object so it is on the manufacturing grid.

**ERROR: PreRoute (148.640000 47.484000) (160.852250 47.556000) not on manufacturing grid. It must be on manufacturing grid in order to be manufactured. Move the object so it is on the manufacturing grid.

**INFO: No. of regular pre-routes not on tracks : 0 


Reporting Utilizations....

Core Utilization = 75.140421
Effective Utilizations
Average macro density = 0.000.

Average module density = 0.087.
Density for the design = 0.087.
       = stdcell_area 2933 sites (684 um^2) / alloc_area 33598 sites (7838 um^2).
Pin Density = 0.01148.
            = total # of pins 1420 / total area 123716.
