###############################################################
#  Generated by:      Cadence Innovus 22.17-s086_1
#  OS:                Linux x86_64(Host ID vlsiktmt)
#  Generated on:      Sun Apr  5 20:42:45 2026
#  Design:            top_axi_ram
#  Command:           checkFPlan -reportUtil -outFile ./verify_rpt/reportUtil_postRoute.rpt
###############################################################
WARNING (IMPFP-7238): CORE's  corner:	(181.1520000000 , 180.3600000000)  is	NOT on PlacementGrid. You can use the getFPlanMode command to check the current grid settings and use the setFPlanMode command to  change the grid to snap to. You can also use the get_snap_grid_info command to get information on the offset and pitch of the current snap grid. To resolve this issue, use the floorPlan command.
**ERROR: PreRoute (146.960000 111.204000) (153.958000 111.276000) not on manufacturing grid. It must be on manufacturing grid in order to be manufactured. Move the object so it is on the manufacturing grid.

**ERROR: PreRoute (134.784000 78.804000) (157.873750 78.876000) not on manufacturing grid. It must be on manufacturing grid in order to be manufactured. Move the object so it is on the manufacturing grid.

**ERROR: PreRoute (152.568750 72.324000) (159.874500 72.396000) not on manufacturing grid. It must be on manufacturing grid in order to be manufactured. Move the object so it is on the manufacturing grid.

**ERROR: PreRoute (146.960000 70.164000) (167.755500 70.236000) not on manufacturing grid. It must be on manufacturing grid in order to be manufactured. Move the object so it is on the manufacturing grid.

**ERROR: PreRoute (144.709250 61.524000) (147.760000 61.596000) not on manufacturing grid. It must be on manufacturing grid in order to be manufactured. Move the object so it is on the manufacturing grid.

**ERROR: PreRoute (146.960000 59.364000) (167.003250 59.436000) not on manufacturing grid. It must be on manufacturing grid in order to be manufactured. Move the object so it is on the manufacturing grid.

**ERROR: PreRoute (146.535250 52.884000) (152.164000 52.956000) not on manufacturing grid. It must be on manufacturing grid in order to be manufactured. Move the object so it is on the manufacturing grid.

**ERROR: PreRoute (146.960000 48.564000) (162.158750 48.636000) not on manufacturing grid. It must be on manufacturing grid in order to be manufactured. Move the object so it is on the manufacturing grid.

**ERROR: PreRoute (153.833750 80.964000) (167.612750 81.036000) not on manufacturing grid. It must be on manufacturing grid in order to be manufactured. Move the object so it is on the manufacturing grid.

**ERROR: PreRoute (136.730250 83.124000) (150.674500 83.196000) not on manufacturing grid. It must be on manufacturing grid in order to be manufactured. Move the object so it is on the manufacturing grid.

**ERROR: PreRoute (146.960000 85.284000) (167.923000 85.356000) not on manufacturing grid. It must be on manufacturing grid in order to be manufactured. Move the object so it is on the manufacturing grid.

**ERROR: PreRoute (142.918500 91.764000) (147.760000 91.836000) not on manufacturing grid. It must be on manufacturing grid in order to be manufactured. Move the object so it is on the manufacturing grid.

**ERROR: PreRoute (146.960000 93.924000) (166.962250 93.996000) not on manufacturing grid. It must be on manufacturing grid in order to be manufactured. Move the object so it is on the manufacturing grid.

**ERROR: PreRoute (146.960000 42.084000) (156.738750 42.156000) not on manufacturing grid. It must be on manufacturing grid in order to be manufactured. Move the object so it is on the manufacturing grid.

**ERROR: PreRoute (148.640000 112.284000) (153.958000 112.356000) not on manufacturing grid. It must be on manufacturing grid in order to be manufactured. Move the object so it is on the manufacturing grid.

**ERROR: PreRoute (148.640000 73.404000) (159.874500 73.476000) not on manufacturing grid. It must be on manufacturing grid in order to be manufactured. Move the object so it is on the manufacturing grid.

**ERROR: PreRoute (148.640000 71.244000) (167.755500 71.316000) not on manufacturing grid. It must be on manufacturing grid in order to be manufactured. Move the object so it is on the manufacturing grid.

**ERROR: PreRoute (148.640000 64.764000) (152.700500 64.836000) not on manufacturing grid. It must be on manufacturing grid in order to be manufactured. Move the object so it is on the manufacturing grid.

**ERROR: PreRoute (144.709250 62.604000) (149.440000 62.676000) not on manufacturing grid. It must be on manufacturing grid in order to be manufactured. Move the object so it is on the manufacturing grid.

**ERROR: PreRoute (148.640000 60.444000) (167.003250 60.516000) not on manufacturing grid. It must be on manufacturing grid in order to be manufactured. Move the object so it is on the manufacturing grid.

**ERROR: PreRoute (146.535250 53.964000) (152.164000 54.036000) not on manufacturing grid. It must be on manufacturing grid in order to be manufactured. Move the object so it is on the manufacturing grid.

**ERROR: PreRoute (153.060000 49.644000) (162.158750 49.716000) not on manufacturing grid. It must be on manufacturing grid in order to be manufactured. Move the object so it is on the manufacturing grid.

**ERROR: PreRoute (134.784000 79.884000) (157.873750 79.956000) not on manufacturing grid. It must be on manufacturing grid in order to be manufactured. Move the object so it is on the manufacturing grid.

**ERROR: PreRoute (148.640000 82.044000) (167.612750 82.116000) not on manufacturing grid. It must be on manufacturing grid in order to be manufactured. Move the object so it is on the manufacturing grid.

**ERROR: PreRoute (136.730250 84.204000) (150.674500 84.276000) not on manufacturing grid. It must be on manufacturing grid in order to be manufactured. Move the object so it is on the manufacturing grid.

**ERROR: PreRoute (148.640000 86.364000) (167.923000 86.436000) not on manufacturing grid. It must be on manufacturing grid in order to be manufactured. Move the object so it is on the manufacturing grid.

**ERROR: PreRoute (148.640000 90.684000) (167.909750 90.756000) not on manufacturing grid. It must be on manufacturing grid in order to be manufactured. Move the object so it is on the manufacturing grid.

**ERROR: PreRoute (148.640000 95.004000) (166.962250 95.076000) not on manufacturing grid. It must be on manufacturing grid in order to be manufactured. Move the object so it is on the manufacturing grid.

**ERROR: PreRoute (148.640000 43.164000) (156.738750 43.236000) not on manufacturing grid. It must be on manufacturing grid in order to be manufactured. Move the object so it is on the manufacturing grid.

**INFO: No. of regular pre-routes not on tracks : 0 


Reporting Utilizations....

Core Utilization = 99.130687
Effective Utilizations
Average macro density = 0.000.

Average module density = 0.971.
Density for the design = 0.971.
       = stdcell_area 32635 sites (7613 um^2) / alloc_area 33598 sites (7838 um^2).
Pin Density = 0.08114.
            = total # of pins 10038 / total area 123716.
