###############################################################
#  Generated by:      Cadence Innovus 22.17-s086_1
#  OS:                Linux x86_64(Host ID vlsiktmt)
#  Generated on:      Mon Apr  6 12:41:13 2026
#  Design:            top_axi_ram
#  Command:           verifyConnectivity -type all -error 1000 -warning 50 -report ./verify_rpt/verifyConnectivity.rpt
###############################################################
Verify Connectivity Report is created on Mon Apr  6 12:41:13 2026



Net VDD, Pin Pin: CTS_cpc_drv_buf_06298/VDD; Direction: INPUT; Use: POWER;: has an unconnected terminal at (87.480, 1.116) (88.992, 1.188)
Net VDD, Pin Pin: CTS_ccl_a_buf_00211/VDD; Direction: INPUT; Use: POWER;: has an unconnected terminal at (141.912, 1.116) (143.424, 1.188)
Net VDD, Pin Pin: CTS_ccl_buf_00256/VDD; Direction: INPUT; Use: POWER;: has an unconnected terminal at (131.112, 1.116) (132.624, 1.188)
Net VDD, Pin Pin: CTS_ccl_buf_00257/VDD; Direction: INPUT; Use: POWER;: has an unconnected terminal at (123.768, 1.116) (125.280, 1.188)
Net VDD, Pin Pin: CTS_ccl_buf_00260/VDD; Direction: INPUT; Use: POWER;: has an unconnected terminal at (137.592, 1.116) (139.104, 1.188)
Net VDD, Pin Pin: CTS_ccl_buf_00262/VDD; Direction: INPUT; Use: POWER;: has an unconnected terminal at (139.752, 1.116) (141.264, 1.188)
Net VDD, Pin Pin: CTS_ccl_buf_00264/VDD; Direction: INPUT; Use: POWER;: has an unconnected terminal at (144.072, 1.116) (145.584, 1.188)
Net VDD, Pin Pin: CTS_ccl_buf_00265/VDD; Direction: INPUT; Use: POWER;: has an unconnected terminal at (150.552, 1.116) (152.064, 1.188)
Net VDD, Pin Pin: CTS_ccl_buf_00267/VDD; Direction: INPUT; Use: POWER;: has an unconnected terminal at (152.712, 1.116) (154.224, 1.188)
Net VDD, Pin Pin: CTS_ccl_buf_00286/VDD; Direction: INPUT; Use: POWER;: has an unconnected terminal at (118.368, 1.116) (119.880, 1.188)
Net VDD, Pin Pin: CTS_ccl_buf_00296/VDD; Direction: INPUT; Use: POWER;: has an unconnected terminal at (133.272, 1.116) (134.352, 1.188)
Net VDD, Pin Pin: WELLTAP_7/VDD; Direction: INOUT; Use: POWER;: has an unconnected terminal at (159.840, 1.116) (160.272, 1.188)
Net VDD, Pin Pin: WELLTAP_8/VDD; Direction: INOUT; Use: POWER;: has an unconnected terminal at (182.304, 1.116) (182.736, 1.188)
Net VDD: has special routes with opens at (10.800, 14.076) (33.912, 14.148)
Net VDD: has special routes with opens at (11.448, 22.716) (33.912, 22.788)
Net VDD: has special routes with opens at (10.800, 27.036) (33.912, 27.108)
Net VDD: has special routes with opens at (10.800, 115.596) (33.912, 115.668)
Net VDD: has special routes with opens at (10.800, 173.916) (33.912, 173.988)
Net VDD: has special routes with opens at (1.456, 1.456) (192.080, 191.936)
Net VDD: has regular routing with opens at (159.840, 100.476) (182.736, 100.548)
Net VDD: has regular routing with opens at (159.840, 160.956) (182.736, 161.028)
Net VDD: has regular routing with opens at (110.808, 180.396) (182.736, 180.468)
Net VDD: has regular routing with opens at (10.800, 180.396) (110.592, 180.468)
Net VDD: has regular routing with opens at (159.840, 173.916) (182.736, 173.988)
Net VDD: has regular routing with opens at (159.840, 167.436) (182.736, 167.508)
Net VDD: has regular routing with opens at (159.840, 98.316) (182.736, 98.388)
Net VDD: has regular routing with opens at (159.840, 57.276) (182.736, 57.348)
Net VDD: has regular routing with opens at (159.840, 27.036) (182.736, 27.108)
Net VDD: has regular routing with opens at (159.840, 7.596) (182.088, 7.668)
Net VDD: has regular routing with opens at (89.640, 1.116) (103.680, 1.188)
Net VDD: has regular routing with opens at (10.800, 176.076) (33.912, 176.148)
Net VDD: has regular routing with opens at (10.800, 171.756) (33.912, 171.828)
Net VDD: has regular routing with opens at (159.840, 171.756) (182.736, 171.828)
Net VDD: has regular routing with opens at (10.800, 169.596) (33.912, 169.668)
Net VDD: has regular routing with opens at (159.840, 169.596) (182.736, 169.668)
Net VDD: has regular routing with opens at (10.800, 167.436) (33.912, 167.508)
Net VDD: has regular routing with opens at (159.840, 165.276) (182.736, 165.348)
Net VDD: has regular routing with opens at (10.800, 165.276) (33.912, 165.348)
Net VDD: has regular routing with opens at (10.800, 163.116) (33.912, 163.188)
Net VDD: has regular routing with opens at (159.840, 109.116) (182.736, 109.188)
Net VDD: has regular routing with opens at (30.024, 109.116) (33.912, 109.188)
Net VDD: has regular routing with opens at (159.840, 106.956) (182.736, 107.028)
Net VDD: has regular routing with opens at (10.800, 106.956) (33.912, 107.028)
Net VDD: has regular routing with opens at (159.840, 104.796) (182.736, 104.868)
Net VDD: has regular routing with opens at (10.800, 104.796) (33.912, 104.868)
Net VDD: has regular routing with opens at (159.840, 102.636) (182.736, 102.708)
Net VDD: has regular routing with opens at (10.800, 102.636) (33.264, 102.708)
Net VDD: has regular routing with opens at (10.800, 100.476) (33.912, 100.548)
Net VDD: has regular routing with opens at (10.800, 98.316) (33.912, 98.388)
Net VDD: has regular routing with opens at (159.840, 96.156) (182.736, 96.228)
Net VDD: has regular routing with opens at (159.840, 91.836) (182.736, 91.908)
Net VDD: has regular routing with opens at (11.880, 89.676) (33.912, 89.748)
Net VDD: has regular routing with opens at (10.800, 87.516) (23.976, 87.588)
Net VDD: has regular routing with opens at (10.800, 85.356) (33.912, 85.428)
Net VDD: has regular routing with opens at (159.840, 83.196) (182.736, 83.268)
Net VDD: has regular routing with opens at (10.800, 83.196) (33.264, 83.268)
Net VDD: has regular routing with opens at (159.840, 81.036) (182.736, 81.108)
Net VDD: has regular routing with opens at (10.800, 81.036) (33.912, 81.108)
Net VDD: has regular routing with opens at (159.840, 78.876) (169.128, 78.948)
Net VDD: has regular routing with opens at (10.800, 78.876) (33.912, 78.948)
Net VDD: has regular routing with opens at (159.840, 76.716) (182.736, 76.788)
Net VDD: has regular routing with opens at (10.800, 76.716) (33.264, 76.788)
Net VDD: has regular routing with opens at (10.800, 74.556) (33.912, 74.628)
Net VDD: has regular routing with opens at (159.840, 72.396) (182.736, 72.468)
Net VDD: has regular routing with opens at (21.384, 72.396) (33.912, 72.468)
Net VDD: has regular routing with opens at (159.840, 70.236) (182.736, 70.308)
Net VDD: has regular routing with opens at (10.800, 68.076) (33.912, 68.148)
Net VDD: has regular routing with opens at (159.840, 68.076) (182.736, 68.148)
Net VDD: has regular routing with opens at (10.800, 65.916) (33.912, 65.988)
Net VDD: has regular routing with opens at (159.840, 65.916) (182.736, 65.988)
Net VDD: has regular routing with opens at (10.800, 63.756) (33.264, 63.828)
Net VDD: has regular routing with opens at (159.840, 61.596) (182.736, 61.668)
Net VDD: has regular routing with opens at (10.800, 61.596) (33.912, 61.668)
Net VDD: has regular routing with opens at (10.800, 59.436) (32.832, 59.508)
Net VDD: has regular routing with opens at (159.840, 59.436) (182.736, 59.508)
Net VDD: has regular routing with opens at (10.800, 57.276) (33.912, 57.348)
Net VDD: has regular routing with opens at (10.800, 55.116) (33.912, 55.188)
Net VDD: has regular routing with opens at (159.840, 158.796) (182.736, 158.868)
Net VDD: has regular routing with opens at (10.800, 158.796) (33.912, 158.868)
Net VDD: has regular routing with opens at (10.800, 156.636) (33.912, 156.708)
Net VDD: has regular routing with opens at (10.800, 154.476) (33.912, 154.548)
Net VDD: has regular routing with opens at (10.800, 152.316) (33.912, 152.388)
Net VDD: has regular routing with opens at (159.840, 150.156) (182.736, 150.228)
Net VDD: has regular routing with opens at (159.840, 147.996) (182.736, 148.068)
Net VDD: has regular routing with opens at (10.800, 147.996) (33.912, 148.068)
Net VDD: has regular routing with opens at (159.840, 145.836) (182.736, 145.908)
Net VDD: has regular routing with opens at (10.800, 145.836) (33.912, 145.908)
Net VDD: has regular routing with opens at (10.800, 143.676) (33.912, 143.748)
Net VDD: has regular routing with opens at (10.800, 141.516) (33.912, 141.588)
Net VDD: has regular routing with opens at (159.840, 137.196) (182.736, 137.268)
Net VDD: has regular routing with opens at (10.800, 137.196) (33.912, 137.268)
Net VDD: has regular routing with opens at (10.800, 135.036) (33.912, 135.108)
Net VDD: has regular routing with opens at (10.800, 132.876) (33.912, 132.948)
Net VDD: has regular routing with opens at (159.840, 130.716) (182.736, 130.788)
Net VDD: has regular routing with opens at (10.800, 130.716) (33.912, 130.788)
Net VDD: has regular routing with opens at (159.840, 128.556) (182.736, 128.628)
Net VDD: has regular routing with opens at (10.800, 128.556) (33.912, 128.628)
Net VDD: has regular routing with opens at (159.840, 124.236) (182.736, 124.308)
Net VDD: has regular routing with opens at (159.840, 122.076) (182.736, 122.148)
Net VDD: has regular routing with opens at (159.840, 119.916) (182.736, 119.988)
Net VDD: has regular routing with opens at (10.800, 117.756) (33.912, 117.828)
Net VDD: has regular routing with opens at (159.840, 115.596) (182.736, 115.668)
Net VDD: has regular routing with opens at (159.840, 113.436) (182.736, 113.508)
Net VDD: has regular routing with opens at (10.800, 113.436) (32.832, 113.508)
Net VDD: has regular routing with opens at (10.800, 111.276) (33.912, 111.348)
Net VDD: has regular routing with opens at (159.840, 52.956) (182.736, 53.028)
Net VDD: has regular routing with opens at (10.800, 52.956) (33.264, 53.028)
Net VDD: has regular routing with opens at (159.840, 50.796) (180.360, 50.868)
Net VDD: has regular routing with opens at (10.800, 50.796) (33.912, 50.868)
Net VDD: has regular routing with opens at (159.840, 48.636) (182.736, 48.708)
Net VDD: has regular routing with opens at (10.800, 48.636) (33.912, 48.708)
Net VDD: has regular routing with opens at (10.800, 46.476) (33.912, 46.548)
Net VDD: has regular routing with opens at (10.800, 44.316) (33.912, 44.388)
Net VDD: has regular routing with opens at (159.840, 44.316) (180.576, 44.388)
Net VDD: has regular routing with opens at (159.840, 42.156) (182.736, 42.228)
Net VDD: has regular routing with opens at (10.800, 42.156) (33.912, 42.228)
Net VDD: has regular routing with opens at (159.840, 39.996) (182.736, 40.068)
Net VDD: has regular routing with opens at (23.544, 39.996) (33.912, 40.068)
Net VDD: has regular routing with opens at (159.840, 37.836) (182.736, 37.908)
Net VDD: has regular routing with opens at (10.800, 37.836) (33.912, 37.908)
Net VDD: has regular routing with opens at (159.840, 35.676) (182.736, 35.748)
Net VDD: has regular routing with opens at (18.792, 35.676) (33.912, 35.748)
Net VDD: has regular routing with opens at (159.840, 33.516) (182.736, 33.588)
Net VDD: has regular routing with opens at (10.800, 33.516) (33.912, 33.588)
Net VDD: has regular routing with opens at (159.840, 31.356) (182.736, 31.428)
Net VDD: has regular routing with opens at (10.800, 31.356) (33.912, 31.428)
Net VDD: has regular routing with opens at (159.840, 29.196) (171.072, 29.268)
Net VDD: has regular routing with opens at (10.800, 29.196) (33.912, 29.268)
Net VDD: has regular routing with opens at (159.840, 24.876) (182.736, 24.948)
Net VDD: has regular routing with opens at (10.800, 24.876) (31.320, 24.948)
Net VDD: has regular routing with opens at (31.536, 24.876) (33.912, 24.948)
Net VDD: has regular routing with opens at (159.840, 22.716) (182.736, 22.788)
Net VDD: has regular routing with opens at (159.840, 20.556) (182.736, 20.628)
Net VDD: has regular routing with opens at (10.800, 20.556) (33.912, 20.628)
Net VDD: has regular routing with opens at (159.840, 18.396) (182.736, 18.468)
Net VDD: has regular routing with opens at (10.800, 18.396) (33.912, 18.468)
Net VDD: has regular routing with opens at (10.800, 16.236) (33.912, 16.308)
Net VDD: has regular routing with opens at (10.800, 11.916) (33.912, 11.988)
Net VDD: has regular routing with opens at (10.800, 9.756) (33.912, 9.828)
Net VDD: has regular routing with opens at (10.800, 7.596) (33.912, 7.668)
Net VDD: has regular routing with opens at (159.840, 5.436) (163.512, 5.508)
Net VDD: has regular routing with opens at (10.800, 5.436) (33.912, 5.508)
Net VDD: has regular routing with opens at (159.840, 3.276) (182.736, 3.348)
Net VDD: has regular routing with opens at (154.872, 1.116) (159.624, 1.188)
Net VDD: has regular routing with opens at (31.104, 1.116) (87.264, 1.188)
Net VDD: has regular routing with opens at (159.840, 178.236) (182.736, 178.308)
Net VDD: has regular routing with opens at (10.800, 178.236) (33.912, 178.308)
Net VDD: has regular routing with opens at (159.840, 176.076) (182.736, 176.148)
Net VDD: has regular routing with opens at (159.840, 163.116) (182.736, 163.188)
Net VDD: has regular routing with opens at (10.800, 160.956) (33.912, 161.028)
Net VDD: has regular routing with opens at (159.840, 156.636) (182.736, 156.708)
Net VDD: has regular routing with opens at (159.840, 154.476) (182.736, 154.548)
Net VDD: has regular routing with opens at (159.840, 152.316) (182.736, 152.388)
Net VDD: has regular routing with opens at (10.800, 150.156) (33.912, 150.228)
Net VDD: has regular routing with opens at (159.840, 143.676) (182.736, 143.748)
Net VDD: has regular routing with opens at (159.840, 141.516) (182.736, 141.588)
Net VDD: has regular routing with opens at (159.840, 139.356) (182.736, 139.428)
Net VDD: has regular routing with opens at (10.800, 139.356) (33.912, 139.428)
Net VDD: has regular routing with opens at (159.840, 135.036) (182.736, 135.108)
Net VDD: has regular routing with opens at (159.840, 132.876) (182.736, 132.948)
Net VDD: has regular routing with opens at (159.840, 126.396) (182.736, 126.468)
Net VDD: has regular routing with opens at (10.800, 126.396) (33.912, 126.468)
Net VDD: has regular routing with opens at (10.800, 124.236) (33.912, 124.308)
Net VDD: has regular routing with opens at (10.800, 122.076) (33.912, 122.148)
Net VDD: has regular routing with opens at (10.800, 119.916) (33.912, 119.988)
Net VDD: has regular routing with opens at (159.840, 117.756) (182.736, 117.828)
Net VDD: has regular routing with opens at (33.480, 113.436) (33.912, 113.508)
Net VDD: has regular routing with opens at (159.840, 111.276) (182.736, 111.348)
Net VDD: has regular routing with opens at (10.800, 109.116) (29.808, 109.188)
Net VDD: has regular routing with opens at (33.480, 102.636) (33.912, 102.708)
Net VDD: has regular routing with opens at (33.480, 96.156) (33.912, 96.228)
Net VDD: has regular routing with opens at (10.800, 96.156) (33.264, 96.228)
Net VDD: has regular routing with opens at (159.840, 93.996) (182.736, 94.068)
Net VDD: has regular routing with opens at (31.968, 93.996) (33.912, 94.068)
Net VDD: has regular routing with opens at (10.800, 93.996) (31.752, 94.068)
Net VDD: has regular routing with opens at (10.800, 91.836) (33.912, 91.908)
Net VDD: has regular routing with opens at (182.304, 89.676) (182.736, 89.748)
Net VDD: has regular routing with opens at (159.840, 89.676) (182.088, 89.748)
Net VDD: has regular routing with opens at (10.800, 89.676) (11.232, 89.748)
Net VDD: has regular routing with opens at (182.304, 87.516) (182.736, 87.588)
Net VDD: has regular routing with opens at (159.840, 87.516) (165.888, 87.588)
Net VDD: has regular routing with opens at (31.968, 87.516) (33.912, 87.588)
Net VDD: has regular routing with opens at (159.840, 85.356) (182.736, 85.428)
Net VDD: has regular routing with opens at (33.480, 83.196) (33.912, 83.268)
Net VDD: has regular routing with opens at (169.344, 78.876) (182.736, 78.948)
Net VDD: has regular routing with opens at (33.480, 76.716) (33.912, 76.788)
Net VDD: has regular routing with opens at (159.840, 74.556) (182.736, 74.628)
Net VDD: has regular routing with opens at (10.800, 72.396) (20.952, 72.468)
Net VDD: has regular routing with opens at (11.448, 70.236) (33.912, 70.308)
Net VDD: has regular routing with opens at (10.800, 70.236) (11.232, 70.308)
Net VDD: has regular routing with opens at (159.840, 63.756) (182.736, 63.828)
Net VDD: has regular routing with opens at (33.480, 63.756) (33.912, 63.828)
Net VDD: has regular routing with opens at (33.480, 59.436) (33.912, 59.508)
Net VDD: has regular routing with opens at (176.688, 55.116) (182.736, 55.188)
Net VDD: has regular routing with opens at (159.840, 55.116) (176.472, 55.188)
Net VDD: has regular routing with opens at (33.480, 52.956) (33.912, 53.028)
Net VDD: has regular routing with opens at (180.576, 50.796) (182.736, 50.868)
Net VDD: has regular routing with opens at (159.840, 46.476) (182.736, 46.548)
Net VDD: has regular routing with opens at (180.792, 44.316) (182.736, 44.388)
Net VDD: has regular routing with opens at (10.800, 39.996) (18.144, 40.068)
Net VDD: has regular routing with opens at (10.800, 35.676) (18.576, 35.748)
Net VDD: has regular routing with opens at (174.528, 29.196) (182.736, 29.268)
Net VDD: has regular routing with opens at (10.800, 22.716) (11.232, 22.788)
Net VDD: has regular routing with opens at (159.840, 16.236) (182.736, 16.308)
Net VDD: has regular routing with opens at (160.920, 14.076) (182.736, 14.148)
Net VDD: has regular routing with opens at (159.840, 14.076) (160.272, 14.148)
Net VDD: has regular routing with opens at (159.840, 11.916) (182.736, 11.988)
Net VDD: has regular routing with opens at (159.840, 9.756) (182.736, 9.828)
Net VDD: has regular routing with opens at (182.304, 7.596) (182.736, 7.668)
Net VDD: has regular routing with opens at (164.160, 5.436) (182.736, 5.508)
Net VDD: has regular routing with opens at (10.800, 3.276) (33.912, 3.348)
Net VDD: has regular routing with opens at (135.000, 1.116) (136.944, 1.188)
Net VDD: has regular routing with opens at (104.328, 1.116) (113.400, 1.188)
Net VDD: has regular routing with opens at (10.800, 1.116) (30.888, 1.188)
Net VDD: has regular routing with opens at (166.104, 87.516) (181.656, 87.588)
Net VDD: has regular routing with opens at (120.096, 1.116) (123.120, 1.188)
Net VDD: has regular routing with opens at (146.232, 1.116) (149.904, 1.188)
Net VDD: has regular routing with opens at (114.048, 1.116) (117.720, 1.188)
Net VDD: has regular routing with opens at (125.928, 1.116) (130.464, 1.188)
Net VDD: has regular routing with opens at (18.360, 39.996) (22.896, 40.068)
Net VDD: has regular routing with opens at (24.192, 87.516) (31.752, 87.588)
Net VDD: has regular routing with opens at (171.288, 29.196) (174.312, 29.268)
Net VDD: has regular routing with opens at (160.488, 1.116) (181.656, 1.188)
Net VSS, Pin Pin: FE_PHC4000_u_axi_ctrl_r_count_3/VSS; Direction: INPUT; Use: GROUND;: has an unconnected terminal at (49.032, 179.316) (49.896, 179.388)
Net VSS, Pin Pin: FE_PHC3963_n_110/VSS; Direction: INPUT; Use: GROUND;: has an unconnected terminal at (61.128, 181.476) (61.992, 181.548)
Net VSS, Pin Pin: FE_PHC3933_u_axi_ctrl_r_state_1/VSS; Direction: INPUT; Use: GROUND;: has an unconnected terminal at (66.096, 179.316) (66.960, 179.388)
Net VSS, Pin Pin: FE_PHC3869_u_axi_ctrl_r_state_1/VSS; Direction: INPUT; Use: GROUND;: has an unconnected terminal at (78.624, 181.476) (79.488, 181.548)
Net VSS, Pin Pin: CTS_cpc_drv_buf_06694/VSS; Direction: INPUT; Use: GROUND;: has an unconnected terminal at (166.536, 181.476) (167.616, 181.548)
Net VSS, Pin Pin: CTS_cpc_drv_buf_06298/VSS; Direction: INPUT; Use: GROUND;: has an unconnected terminal at (87.480, 2.196) (88.992, 2.268)
Net VSS, Pin Pin: CTS_ccl_a_buf_00211/VSS; Direction: INPUT; Use: GROUND;: has an unconnected terminal at (141.912, 2.196) (143.424, 2.268)
Net VSS, Pin Pin: CTS_ccl_a_buf_00114/VSS; Direction: INPUT; Use: GROUND;: has an unconnected terminal at (137.592, 179.316) (139.104, 179.388)
Net VSS, Pin Pin: CTS_ccl_a_buf_00115/VSS; Direction: INPUT; Use: GROUND;: has an unconnected terminal at (139.752, 179.316) (141.264, 179.388)
Net VSS, Pin Pin: CTS_ccl_buf_00149/VSS; Direction: INPUT; Use: GROUND;: has an unconnected terminal at (86.832, 181.476) (88.344, 181.548)
Net VSS, Pin Pin: CTS_ccl_buf_00154/VSS; Direction: INPUT; Use: GROUND;: has an unconnected terminal at (154.872, 179.316) (156.384, 179.388)
Net VSS, Pin Pin: CTS_ccl_buf_00157/VSS; Direction: INPUT; Use: GROUND;: has an unconnected terminal at (141.912, 179.316) (143.424, 179.388)
Net VSS, Pin Pin: CTS_ccl_buf_00159/VSS; Direction: INPUT; Use: GROUND;: has an unconnected terminal at (152.712, 179.316) (154.224, 179.388)
Net VSS, Pin Pin: CTS_ccl_a_buf_00130/VSS; Direction: INPUT; Use: GROUND;: has an unconnected terminal at (133.272, 179.316) (134.784, 179.388)
Net VSS, Pin Pin: CTS_ccl_buf_00215/VSS; Direction: INPUT; Use: GROUND;: has an unconnected terminal at (45.360, 179.316) (46.440, 179.388)
Net VSS, Pin Pin: CTS_ccl_a_buf_00131/VSS; Direction: INPUT; Use: GROUND;: has an unconnected terminal at (122.472, 179.316) (123.984, 179.388)
Net VSS, Pin Pin: CTS_ccl_buf_00256/VSS; Direction: INPUT; Use: GROUND;: has an unconnected terminal at (131.112, 2.196) (132.624, 2.268)
Net VSS, Pin Pin: CTS_ccl_buf_00257/VSS; Direction: INPUT; Use: GROUND;: has an unconnected terminal at (123.768, 2.196) (125.280, 2.268)
Net VSS, Pin Pin: CTS_ccl_buf_00260/VSS; Direction: INPUT; Use: GROUND;: has an unconnected terminal at (137.592, 2.196) (139.104, 2.268)
Net VSS, Pin Pin: CTS_ccl_buf_00262/VSS; Direction: INPUT; Use: GROUND;: has an unconnected terminal at (139.752, 2.196) (141.264, 2.268)
Net VSS, Pin Pin: CTS_ccl_buf_00264/VSS; Direction: INPUT; Use: GROUND;: has an unconnected terminal at (144.072, 2.196) (145.584, 2.268)
Net VSS, Pin Pin: CTS_ccl_buf_00265/VSS; Direction: INPUT; Use: GROUND;: has an unconnected terminal at (150.552, 2.196) (152.064, 2.268)
Net VSS, Pin Pin: CTS_ccl_buf_00267/VSS; Direction: INPUT; Use: GROUND;: has an unconnected terminal at (152.712, 2.196) (154.224, 2.268)
Net VSS, Pin Pin: CTS_ccl_buf_00286/VSS; Direction: INPUT; Use: GROUND;: has an unconnected terminal at (118.368, 2.196) (119.880, 2.268)
Net VSS, Pin Pin: CTS_ccl_buf_00296/VSS; Direction: INPUT; Use: GROUND;: has an unconnected terminal at (133.272, 2.196) (134.352, 2.268)
Net VSS, Pin Pin: FE_OFC96_s_axi_bid_0/VSS; Direction: INPUT; Use: GROUND;: has an unconnected terminal at (66.312, 181.476) (72.792, 181.548)
Net VSS, Pin Pin: WELLTAP_668/VSS; Direction: INOUT; Use: GROUND;: has an unconnected terminal at (85.320, 179.316) (85.752, 179.388)
Net VSS, Pin Pin: WELLTAP_673/VSS; Direction: INOUT; Use: GROUND;: has an unconnected terminal at (10.800, 181.476) (11.232, 181.548)
Net VSS: has special routes with opens at (10.800, 5.976) (33.912, 29.320)
Net VSS: has special routes with opens at (10.800, 25.108) (33.912, 51.696)
Net VSS: has special routes with opens at (10.800, 21.636) (33.912, 21.708)
Net VSS: has special routes with opens at (10.800, 114.516) (32.832, 114.588)
Net VSS: has special routes with opens at (10.800, 172.836) (33.912, 172.908)
Net VSS: has special routes with opens at (-0.224, -0.224) (193.760, 193.616)
Net VSS: has regular routing with opens at (159.840, 101.556) (182.736, 101.628)
Net VSS: has regular routing with opens at (159.840, 159.876) (182.736, 159.948)
Net VSS: has regular routing with opens at (110.808, 181.476) (165.888, 181.548)
Net VSS: has regular routing with opens at (101.304, 181.476) (110.592, 181.548)
Net VSS: has regular routing with opens at (88.992, 181.476) (95.040, 181.548)
Net VSS: has regular routing with opens at (96.984, 179.316) (104.760, 179.388)
Net VSS: has regular routing with opens at (159.840, 174.996) (182.736, 175.068)
Net VSS: has regular routing with opens at (159.840, 166.356) (182.736, 166.428)
Net VSS: has regular routing with opens at (159.840, 97.236) (182.736, 97.308)
Net VSS: has regular routing with opens at (159.840, 58.356) (182.736, 58.428)
Net VSS: has regular routing with opens at (159.840, 25.956) (182.736, 26.028)
Net VSS: has regular routing with opens at (159.840, 8.676) (177.336, 8.748)
Net VSS: has regular routing with opens at (89.640, 2.196) (103.680, 2.268)
Net VSS: has regular routing with opens at (111.240, 179.316) (121.824, 179.388)
Net VSS: has regular routing with opens at (54.432, 179.316) (62.856, 179.388)
Net VSS: has regular routing with opens at (10.800, 179.316) (42.552, 179.388)
Net VSS: has regular routing with opens at (10.800, 177.156) (33.912, 177.228)
Net VSS: has regular routing with opens at (10.800, 174.996) (33.912, 175.068)
Net VSS: has regular routing with opens at (159.840, 172.836) (182.736, 172.908)
Net VSS: has regular routing with opens at (160.488, 170.676) (182.736, 170.748)
Net VSS: has regular routing with opens at (10.800, 170.676) (33.912, 170.748)
Net VSS: has regular routing with opens at (159.840, 168.516) (182.736, 168.588)
Net VSS: has regular routing with opens at (10.800, 168.516) (33.912, 168.588)
Net VSS: has regular routing with opens at (10.800, 166.356) (33.912, 166.428)
Net VSS: has regular routing with opens at (159.840, 164.196) (182.736, 164.268)
Net VSS: has regular routing with opens at (10.800, 164.196) (33.912, 164.268)
Net VSS: has regular routing with opens at (169.992, 108.036) (182.736, 108.108)
Net VSS: has regular routing with opens at (159.840, 108.036) (169.776, 108.108)
Net VSS: has regular routing with opens at (10.800, 108.036) (33.912, 108.108)
Net VSS: has regular routing with opens at (159.840, 105.876) (182.736, 105.948)
Net VSS: has regular routing with opens at (10.800, 105.876) (33.912, 105.948)
Net VSS: has regular routing with opens at (159.840, 103.716) (182.736, 103.788)
Net VSS: has regular routing with opens at (10.800, 103.716) (33.912, 103.788)
Net VSS: has regular routing with opens at (10.800, 101.556) (33.912, 101.628)
Net VSS: has regular routing with opens at (10.800, 99.396) (33.912, 99.468)
Net VSS: has regular routing with opens at (159.840, 99.396) (182.736, 99.468)
Net VSS: has regular routing with opens at (10.800, 97.236) (33.264, 97.308)
Net VSS: has regular routing with opens at (159.840, 92.916) (182.736, 92.988)
Net VSS: has regular routing with opens at (159.840, 90.756) (182.088, 90.828)
Net VSS: has regular routing with opens at (10.800, 90.756) (33.912, 90.828)
Net VSS: has regular routing with opens at (10.800, 88.596) (33.912, 88.668)
Net VSS: has regular routing with opens at (10.800, 86.436) (33.912, 86.508)
Net VSS: has regular routing with opens at (10.800, 84.276) (33.912, 84.348)
Net VSS: has regular routing with opens at (159.840, 84.276) (182.736, 84.348)
Net VSS: has regular routing with opens at (159.840, 82.116) (182.736, 82.188)
Net VSS: has regular routing with opens at (10.800, 82.116) (33.912, 82.188)
Net VSS: has regular routing with opens at (159.840, 79.956) (182.736, 80.028)
Net VSS: has regular routing with opens at (10.800, 79.956) (33.912, 80.028)
Net VSS: has regular routing with opens at (10.800, 77.796) (33.912, 77.868)
Net VSS: has regular routing with opens at (159.840, 77.796) (182.736, 77.868)
Net VSS: has regular routing with opens at (159.840, 75.636) (182.736, 75.708)
Net VSS: has regular routing with opens at (10.800, 75.636) (33.912, 75.708)
Net VSS: has regular routing with opens at (159.840, 73.476) (182.736, 73.548)
Net VSS: has regular routing with opens at (21.600, 73.476) (33.912, 73.548)
Net VSS: has regular routing with opens at (159.840, 71.316) (182.736, 71.388)
Net VSS: has regular routing with opens at (10.800, 71.316) (33.912, 71.388)
Net VSS: has regular routing with opens at (10.800, 69.156) (33.912, 69.228)
Net VSS: has regular routing with opens at (159.840, 66.996) (182.736, 67.068)
Net VSS: has regular routing with opens at (10.800, 66.996) (33.912, 67.068)
Net VSS: has regular routing with opens at (159.840, 64.836) (182.736, 64.908)
Net VSS: has regular routing with opens at (10.800, 64.836) (33.912, 64.908)
Net VSS: has regular routing with opens at (10.800, 62.676) (33.912, 62.748)
Net VSS: has regular routing with opens at (159.840, 62.676) (182.736, 62.748)
Net VSS: has regular routing with opens at (159.840, 60.516) (182.736, 60.588)
Net VSS: has regular routing with opens at (10.800, 60.516) (33.912, 60.588)
Net VSS: has regular routing with opens at (10.800, 58.356) (33.264, 58.428)
Net VSS: has regular routing with opens at (159.840, 56.196) (182.736, 56.268)
Net VSS: has regular routing with opens at (10.800, 56.196) (33.912, 56.268)
Net VSS: has regular routing with opens at (10.800, 162.036) (33.912, 162.108)
Net VSS: has regular routing with opens at (10.800, 159.876) (33.912, 159.948)
Net VSS: has regular routing with opens at (10.800, 157.716) (33.912, 157.788)
Net VSS: has regular routing with opens at (10.800, 155.556) (33.912, 155.628)
Net VSS: has regular routing with opens at (10.800, 153.396) (33.912, 153.468)
Net VSS: has regular routing with opens at (159.840, 149.076) (182.736, 149.148)
Net VSS: has regular routing with opens at (10.800, 149.076) (33.912, 149.148)
Net VSS: has regular routing with opens at (159.840, 144.756) (182.736, 144.828)
Net VSS: has regular routing with opens at (10.800, 144.756) (33.912, 144.828)
Net VSS: has regular routing with opens at (10.800, 142.596) (33.912, 142.668)
Net VSS: has regular routing with opens at (159.840, 138.276) (182.736, 138.348)
Net VSS: has regular routing with opens at (10.800, 138.276) (33.912, 138.348)
Net VSS: has regular routing with opens at (10.800, 136.116) (33.912, 136.188)
Net VSS: has regular routing with opens at (10.800, 133.956) (33.912, 134.028)
Net VSS: has regular routing with opens at (10.800, 131.796) (14.688, 131.868)
Net VSS: has regular routing with opens at (159.840, 131.796) (182.736, 131.868)
Net VSS: has regular routing with opens at (159.840, 129.636) (182.736, 129.708)
Net VSS: has regular routing with opens at (10.800, 129.636) (33.912, 129.708)
Net VSS: has regular routing with opens at (10.800, 127.476) (33.912, 127.548)
Net VSS: has regular routing with opens at (159.840, 123.156) (182.736, 123.228)
Net VSS: has regular routing with opens at (159.840, 120.996) (182.736, 121.068)
Net VSS: has regular routing with opens at (159.840, 118.836) (182.736, 118.908)
Net VSS: has regular routing with opens at (11.448, 116.676) (33.912, 116.748)
Net VSS: has regular routing with opens at (159.840, 116.676) (182.736, 116.748)
Net VSS: has regular routing with opens at (159.840, 114.516) (182.736, 114.588)
Net VSS: has regular routing with opens at (10.800, 112.356) (33.912, 112.428)
Net VSS: has regular routing with opens at (10.800, 110.196) (33.912, 110.268)
Net VSS: has regular routing with opens at (10.800, 54.036) (33.264, 54.108)
Net VSS: has regular routing with opens at (161.784, 51.876) (182.736, 51.948)
Net VSS: has regular routing with opens at (10.800, 51.876) (33.912, 51.948)
Net VSS: has regular routing with opens at (159.840, 51.876) (161.568, 51.948)
Net VSS: has regular routing with opens at (10.800, 49.716) (33.912, 49.788)
Net VSS: has regular routing with opens at (159.840, 49.716) (182.736, 49.788)
Net VSS: has regular routing with opens at (159.840, 47.556) (182.736, 47.628)
Net VSS: has regular routing with opens at (10.800, 47.556) (33.912, 47.628)
Net VSS: has regular routing with opens at (10.800, 45.396) (33.912, 45.468)
Net VSS: has regular routing with opens at (159.840, 43.236) (182.736, 43.308)
Net VSS: has regular routing with opens at (10.800, 43.236) (33.912, 43.308)
Net VSS: has regular routing with opens at (159.840, 41.076) (182.736, 41.148)
Net VSS: has regular routing with opens at (10.800, 41.076) (33.912, 41.148)
Net VSS: has regular routing with opens at (10.800, 38.916) (33.912, 38.988)
Net VSS: has regular routing with opens at (159.840, 38.916) (182.736, 38.988)
Net VSS: has regular routing with opens at (159.840, 36.756) (182.736, 36.828)
Net VSS: has regular routing with opens at (10.800, 36.756) (33.912, 36.828)
Net VSS: has regular routing with opens at (10.800, 34.596) (33.912, 34.668)
Net VSS: has regular routing with opens at (159.840, 34.596) (182.736, 34.668)
Net VSS: has regular routing with opens at (159.840, 32.436) (179.064, 32.508)
Net VSS: has regular routing with opens at (10.800, 32.436) (18.792, 32.508)
Net VSS: has regular routing with opens at (159.840, 30.276) (182.736, 30.348)
Net VSS: has regular routing with opens at (10.800, 30.276) (33.912, 30.348)
Net VSS: has regular routing with opens at (159.840, 28.116) (182.736, 28.188)
Net VSS: has regular routing with opens at (10.800, 28.116) (33.912, 28.188)
Net VSS: has regular routing with opens at (10.800, 23.796) (33.912, 23.868)
Net VSS: has regular routing with opens at (159.840, 23.796) (182.736, 23.868)
Net VSS: has regular routing with opens at (159.840, 21.636) (182.736, 21.708)
Net VSS: has regular routing with opens at (159.840, 19.476) (182.736, 19.548)
Net VSS: has regular routing with opens at (10.800, 19.476) (33.912, 19.548)
Net VSS: has regular routing with opens at (10.800, 17.316) (33.912, 17.388)
Net VSS: has regular routing with opens at (10.800, 15.156) (33.912, 15.228)
Net VSS: has regular routing with opens at (10.800, 8.676) (33.912, 8.748)
Net VSS: has regular routing with opens at (10.800, 6.516) (33.912, 6.588)
Net VSS: has regular routing with opens at (159.840, 6.516) (182.736, 6.588)
Net VSS: has regular routing with opens at (10.800, 4.356) (33.912, 4.428)
Net VSS: has regular routing with opens at (159.840, 2.196) (182.736, 2.268)
Net VSS: has regular routing with opens at (154.872, 2.196) (159.624, 2.268)
Net VSS: has regular routing with opens at (10.800, 2.196) (87.264, 2.268)
Net VSS: has regular routing with opens at (168.264, 181.476) (182.736, 181.548)
Net VSS: has regular routing with opens at (79.704, 181.476) (86.616, 181.548)
Net VSS: has regular routing with opens at (50.544, 181.476) (60.912, 181.548)
Net VSS: has regular routing with opens at (11.880, 181.476) (36.072, 181.548)
Net VSS: has regular routing with opens at (157.032, 179.316) (182.736, 179.388)
Net VSS: has regular routing with opens at (135.000, 179.316) (136.944, 179.388)
Net VSS: has regular routing with opens at (104.976, 179.316) (110.592, 179.388)
Net VSS: has regular routing with opens at (159.840, 177.156) (182.736, 177.228)
Net VSS: has regular routing with opens at (159.840, 170.676) (160.272, 170.748)
Net VSS: has regular routing with opens at (159.840, 162.036) (182.736, 162.108)
Net VSS: has regular routing with opens at (159.840, 157.716) (182.736, 157.788)
Net VSS: has regular routing with opens at (159.840, 155.556) (182.736, 155.628)
Net VSS: has regular routing with opens at (159.840, 153.396) (182.736, 153.468)
Net VSS: has regular routing with opens at (159.840, 151.236) (182.736, 151.308)
Net VSS: has regular routing with opens at (10.800, 151.236) (33.912, 151.308)
Net VSS: has regular routing with opens at (159.840, 146.916) (182.736, 146.988)
Net VSS: has regular routing with opens at (10.800, 146.916) (33.912, 146.988)
Net VSS: has regular routing with opens at (159.840, 142.596) (182.736, 142.668)
Net VSS: has regular routing with opens at (180.792, 140.436) (182.736, 140.508)
Net VSS: has regular routing with opens at (159.840, 140.436) (180.576, 140.508)
Net VSS: has regular routing with opens at (10.800, 140.436) (33.912, 140.508)
Net VSS: has regular routing with opens at (159.840, 136.116) (182.736, 136.188)
Net VSS: has regular routing with opens at (159.840, 133.956) (182.736, 134.028)
Net VSS: has regular routing with opens at (14.904, 131.796) (33.912, 131.868)
Net VSS: has regular routing with opens at (159.840, 127.476) (182.736, 127.548)
Net VSS: has regular routing with opens at (159.840, 125.316) (182.736, 125.388)
Net VSS: has regular routing with opens at (10.800, 125.316) (33.912, 125.388)
Net VSS: has regular routing with opens at (10.800, 123.156) (33.912, 123.228)
Net VSS: has regular routing with opens at (10.800, 120.996) (33.912, 121.068)
Net VSS: has regular routing with opens at (10.800, 118.836) (33.912, 118.908)
Net VSS: has regular routing with opens at (10.800, 116.676) (11.232, 116.748)
Net VSS: has regular routing with opens at (33.480, 114.516) (33.912, 114.588)
Net VSS: has regular routing with opens at (159.840, 112.356) (182.736, 112.428)
Net VSS: has regular routing with opens at (159.840, 110.196) (182.736, 110.268)
Net VSS: has regular routing with opens at (33.480, 97.236) (33.912, 97.308)
Net VSS: has regular routing with opens at (182.304, 95.076) (182.736, 95.148)
Net VSS: has regular routing with opens at (159.840, 95.076) (182.088, 95.148)
Net VSS: has regular routing with opens at (10.800, 95.076) (33.912, 95.148)
Net VSS: has regular routing with opens at (10.800, 92.916) (33.912, 92.988)
Net VSS: has regular routing with opens at (182.304, 90.756) (182.736, 90.828)
Net VSS: has regular routing with opens at (182.304, 88.596) (182.736, 88.668)
Net VSS: has regular routing with opens at (159.840, 88.596) (181.656, 88.668)
Net VSS: has regular routing with opens at (182.304, 86.436) (182.736, 86.508)
Net VSS: has regular routing with opens at (159.840, 86.436) (181.656, 86.508)
Net VSS: has regular routing with opens at (10.800, 73.476) (20.952, 73.548)
Net VSS: has regular routing with opens at (159.840, 69.156) (182.736, 69.228)
Net VSS: has regular routing with opens at (33.480, 58.356) (33.912, 58.428)
Net VSS: has regular routing with opens at (159.840, 54.036) (182.736, 54.108)
Net VSS: has regular routing with opens at (33.480, 54.036) (33.912, 54.108)
Net VSS: has regular routing with opens at (180.792, 45.396) (182.736, 45.468)
Net VSS: has regular routing with opens at (159.840, 45.396) (180.576, 45.468)
Net VSS: has regular routing with opens at (179.280, 32.436) (182.736, 32.508)
Net VSS: has regular routing with opens at (22.464, 32.436) (33.912, 32.508)
Net VSS: has regular routing with opens at (159.840, 17.316) (182.736, 17.388)
Net VSS: has regular routing with opens at (159.840, 15.156) (182.736, 15.228)
Net VSS: has regular routing with opens at (160.488, 12.996) (182.736, 13.068)
Net VSS: has regular routing with opens at (159.840, 12.996) (160.272, 13.068)
Net VSS: has regular routing with opens at (159.840, 10.836) (182.736, 10.908)
Net VSS: has regular routing with opens at (10.800, 10.836) (33.912, 10.908)
Net VSS: has regular routing with opens at (177.552, 8.676) (182.736, 8.748)
Net VSS: has regular routing with opens at (159.840, 4.356) (182.736, 4.428)
Net VSS: has regular routing with opens at (135.000, 2.196) (136.944, 2.268)
Net VSS: has regular routing with opens at (104.328, 2.196) (113.400, 2.268)
Net VSS: has regular routing with opens at (36.720, 181.476) (44.280, 181.548)
Net VSS: has regular routing with opens at (120.096, 2.196) (123.120, 2.268)
Net VSS: has regular routing with opens at (146.232, 2.196) (149.904, 2.268)
Net VSS: has regular routing with opens at (114.048, 2.196) (117.720, 2.268)
Net VSS: has regular routing with opens at (125.928, 2.196) (130.464, 2.268)
Net VSS: has regular routing with opens at (72.576, 179.316) (81.000, 179.388)
Net VSS: has regular routing with opens at (91.152, 179.316) (96.768, 179.388)
Net VSS: has regular routing with opens at (50.112, 179.316) (53.784, 179.388)
Net VSS: has regular routing with opens at (85.968, 179.316) (90.504, 179.388)
Net VSS: has regular routing with opens at (144.072, 179.316) (152.064, 179.388)
Net VSS: has regular routing with opens at (124.632, 179.316) (132.624, 179.388)
Net VSS: has regular routing with opens at (46.656, 179.316) (48.816, 179.388)
Net VSS: has regular routing with opens at (63.504, 179.316) (65.880, 179.388)
Net VSS: has regular routing with opens at (67.176, 179.316) (72.360, 179.388)
Net VSS: has regular routing with opens at (19.008, 32.436) (22.248, 32.508)
Net VSS: has regular routing with opens at (95.688, 181.476) (101.088, 181.548)
Net VSS: has regular routing with opens at (81.216, 179.316) (85.104, 179.388)
Net VSS: has regular routing with opens at (73.008, 181.476) (78.408, 181.548)
Net VSS: has regular routing with opens at (62.208, 181.476) (66.096, 181.548)
Net VSS: has regular routing with opens at (44.928, 181.476) (50.328, 181.548)
Net VSS: has regular routing with opens at (42.768, 179.316) (45.144, 179.388)

Begin Summary
    41 Problem(s) (IMPVFC-96): Terminal(s) are not connected.
    12 Problem(s) (IMPVFC-200): Special Wires: Pieces of the net are not connected together.
    422 Problem(s) (IMPVFC-92): Pieces of the net are not connected together.
    475 total info(s) created.
End Summary
