

  Cadence Quantus Extraction - 64-bit Parasitic Extractor - Version
21.2.2-s369 Tue May 7 14:47:09 PDT 2024
--------------------------------------------------------------------------------------------------------------
                                 Copyright 2024 Cadence Design Systems,
Inc.



INFO (EXTQRCXLOG-103) : The Command File Options for the current Quantus run are as follows:

distributed_processing \
	 -multi_cpu 2
extract \
	 -selection "all" \
	 -type "rc_coupled"
extraction_setup \
	 -promote_pin_pad "LOGICAL"
filter_coupling_cap \
	 -cap_filtering_mode "absolute_and_relative" \
	 -coupling_cap_threshold_absolute 0.1 \
	 -coupling_cap_threshold_relative 1.0 \
	 -total_cap_threshold 0.0
input_db -type def \
	 -lef_file_list_file "/data/tkvm2/Asap7design/adder/innovus_temp_12143_b45c88c5-10fa-4afb-bb19-40f919ee0da4_vlsiktmt_tkvm2_PrnH8J/tmp_qrc_SxBs7t/qrc.leflist"
log_file \
	 -dump_options true \
	 -file_name "qrc_12143_20260412_21:08:19_246.log"
output_db -type spef \
	 -short_incomplete_net_pins true \
	 -subtype "EXTENDED"
output_setup \
	 -compressed true \
	 -directory_name "/data/tkvm2/Asap7design/adder/innovus_temp_12143_b45c88c5-10fa-4afb-bb19-40f919ee0da4_vlsiktmt_tkvm2_PrnH8J/tmp_qrc_SxBs7t" \
	 -file_name "Adder32" \
	 -temporary_directory_name "/data/tkvm2/Asap7design/adder/innovus_temp_12143_b45c88c5-10fa-4afb-bb19-40f919ee0da4_vlsiktmt_tkvm2_PrnH8J/tmp_qrc_SxBs7t"
process_technology \
	 -technology_corner \
		"rccorner" \
	 -technology_library_file "/data/tkvm2/Asap7design/adder/innovus_temp_12143_b45c88c5-10fa-4afb-bb19-40f919ee0da4_vlsiktmt_tkvm2_PrnH8J/tmp_qrc_SxBs7t/_qrc_techlib.defs" \
	 -technology_name "_qrc_tech_" \
	 -temperature \
		"25"




INFO (EXTGRMP-102) : Starting at 2026-Apr-12 21:08:20 (2026-Apr-12 14:08:20 GMT) on host
vlsiktmt with pid 28791.
Running binary as: 
 /home/share_file/cadence/installs/DDI221/INNOVUS221/tools.lnx86/extraction/bin/64bit/qrc
-cmd
/data/tkvm2/Asap7design/adder/innovus_temp_12143_b45c88c5-10fa-4afb-bb19-40f919ee0da4_vlsiktmt_tkvm2_PrnH8J/tmp_qrc_SxBs7t/__qrc.qrc.cmd
-multi_cpu 2
/data/tkvm2/Asap7design/adder/innovus_temp_12143_b45c88c5-10fa-4afb-bb19-40f919ee0da4_vlsiktmt_tkvm2_PrnH8J/tmp_qrc_SxBs7t/qrc.def.gz
 

WARNING (EXTGRMP-414) : No GDSII/OASIS file is specified. Setting graybox type as LEF_OBSTRUCTION.

INFO (EXTGRMP-142) : Command line arguments:
"-cmd"
"/data/tkvm2/Asap7design/adder/innovus_temp_12143_b45c88c5-10fa-4afb-bb19-40f919ee0da4_vlsiktmt_tkvm2_PrnH8J/tmp_qrc_SxBs7t/__qrc.qrc.cmd"
"-multi_cpu"
"2"
"/data/tkvm2/Asap7design/adder/innovus_temp_12143_b45c88c5-10fa-4afb-bb19-40f919ee0da4_vlsiktmt_tkvm2_PrnH8J/tmp_qrc_SxBs7t/qrc.def.gz"

INFO (EXTGRMP-143) : Option extraction_setup -copy_port_to_obs = "true"

INFO (EXTGRMP-143) : Option log_file = "qrc_12143_20260412_21:08:19_246.log"

INFO (EXTGRMP-143) : Option log_file -message_config_file = ""

INFO (EXTGRMP-143) : Option log_file -max_error_messages = "100"

INFO (EXTGRMP-143) : Option log_file -max_warning_messages = "10"

INFO (EXTGRMP-143) : Option log_file -max_info_messages = "1000"

INFO (EXTGRMP-143) : Option process_technology -technology_name = ""

INFO (EXTGRMP-143) : Option EM_techname = ""

INFO (EXTGRMP-143) : Option process_technology -EM_WEE_clamping_factor = "0.7"

INFO (EXTGRMP-143) : Option input_db -libgen_library_name = ""

INFO (EXTGRMP-143) : Option oa_default_rule_name = ""

INFO (EXTGRMP-143) : Option graybox -type = "obs"

INFO (EXTGRMP-143) : Option graybox -use_macro_density = "false"

INFO (EXTGRMP-143) : Option comp_prealloc = "0"

INFO (EXTGRMP-143) : Option net_prealloc = "0"

INFO (EXTGRMP-143) : Option output_setup -directory_name =
"/data/tkvm2/Asap7design/adder/innovus_temp_12143_b45c88c5-10fa-4afb-bb19-40f919ee0da4_vlsiktmt_tkvm2_PrnH8J/tmp_qrc_SxBs7t"

INFO (EXTGRMP-143) : Option output_db -units = "micron"

INFO (EXTGRMP-143) : Option user_comment = ""

INFO (EXTGRMP-143) : Option output_cache_directory_name =
"/data/tkvm2/Asap7design/adder/innovus_temp_12143_b45c88c5-10fa-4afb-bb19-40f919ee0da4_vlsiktmt_tkvm2_PrnH8J/tmp_qrc_SxBs7t/.qrctemp"

INFO (EXTGRMP-143) : Option keep_temporary_files = "false"

INFO (EXTGRMP-143) : Option output_density_tiles = "false"

INFO (EXTGRMP-143) : Option output_setup -file_name = "Adder32"

INFO (EXTGRMP-143) : Option output_db -type spef -predefined_spef_cells_file = ""

INFO (EXTGRMP-143) : Option parasitic_reduction -enable_reduction = "false"

INFO (EXTGRMP-143) : Option debug_log = "false"

INFO (EXTGRMP-143) : Option output_db -type spef -subtype = "extended"

INFO (EXTGRMP-143) : Option output_db -type dspf -subtype = "none"

INFO (EXTGRMP-143) : Option output_sstorm_db_name = ""

INFO (EXTGRMP-143) : Option netlist_output = "none"

INFO (EXTGRMP-143) : Option output_db -type coupling_cap_reports = "false"

INFO (EXTGRMP-143) : Option output_db -type rcdb = "false"

INFO (EXTGRMP-143) : Option output_db -hierarchy_delimiter = "/"

INFO (EXTGRMP-143) : Option output_db -busbit_delimiter = "[]"

INFO (EXTGRMP-143) : Option output_db -pin_delimiter = ":"

INFO (EXTGRMP-143) : Option output_db -output_incomplete_nets_type = "no_pin one_pin
disconnected_pin multiple_partitions floating_resistors"

INFO (EXTGRMP-143) : Option truncate_regular_wires = "false"

INFO (EXTGRMP-143) : Option extraction_setup -layout_scale = "1.0"

INFO (EXTGRMP-143) : Option output_setup -file_max_size = "9223372036854775807"

INFO (EXTGRMP-143) : Option log_file -dump_options = "true"

INFO (EXTGRMP-143) : Option short_incomplete_net_pins = "true"

INFO (EXTGRMP-143) : Option promote_incomplete_net_pins = "true"

INFO (EXTGRMP-143) : Option output_db -output_incomplete_nets = "true"

INFO (EXTGRMP-143) : Option output_db -output_unrouted_nets = "false"

INFO (EXTGRMP-143) : Option output_db -escape_special_characters = "true"

INFO (EXTGRMP-143) : Option lumped_cc_threshold = "0.0"

INFO (EXTGRMP-143) : Option parasitic_reduction -max_frequency = "1.0e+08"

INFO (EXTGRMP-143) : Option output_setup -compressed = "true"

INFO (EXTGRMP-143) : Option max_resistor_length = "100.0"

INFO (EXTGRMP-143) : Option promote_feedthru_ports = "none"

INFO (EXTGRMP-143) : Option promote_instance_ports = "none"

INFO (EXTGRMP-143) : Option output_promoted_feedthrus = "false"

INFO (EXTGRMP-143) : Option output_unconnected_pins = "false"

INFO (EXTGRMP-143) : Option remove_floating_metals = "false"

INFO (EXTGRMP-143) : Option promote_pin_pad = "logical"

INFO (EXTGRMP-143) : Option eco_compatible_mode = "false"

INFO (EXTGRMP-143) : Option output setup   -max_message_in_shorts_file = "100"

INFO (EXTGRMP-143) : Option cap_mode_2915 = "true"

INFO (EXTGRMP-143) : Option quickcap_file = "false"

INFO (EXTGRMP-143) : Option ict_file = "process.ict"

INFO (EXTGRMP-143) : Option quickcap_netfile = "qapi.net"

INFO (EXTGRMP-143) : Option lefcap_output = "false"

INFO (EXTGRMP-143) : Option lefcap_scale = "1.25"

INFO (EXTGRMP-143) : Option lefres_output = "false"

INFO (EXTGRMP-143) : Option kfactor_file = ""

INFO (EXTGRMP-143) : Option total_c_threshold = "0"

INFO (EXTGRMP-143) : Option relative_c_threshold = "1"

INFO (EXTGRMP-143) : Option output_cap_filtering_mode = "relative_and_coupling"

INFO (EXTGRMP-143) : Option cap_mode = "default"

INFO (EXTGRMP-143) : Option parallel_options = ""

INFO (EXTGRMP-143) : Option load_optimized_views = "true"

INFO (EXTGRMP-143) : Option enable_metal_fill_effects = "true"

INFO (EXTGRMP-143) : Option metal_fill -enable_advanced_virtual_fill = "false"

INFO (EXTGRMP-143) : Option metal_fill -type = "floating"

INFO (EXTGRMP-143) : Option vmf_metal_scheme_file = ""

INFO (EXTGRMP-143) : Option vmf_rule_file = ""

INFO (EXTGRMP-143) : Option extraction_setup -ignore_conn_to_bump = "true"

INFO (EXTGRMP-143) : Option extraction_setup -lic_queue = "0"

INFO (EXTGRMP-143) : Option extraction_setup -cerebrus_license_only = "false"

INFO (EXTGRMP-143) : Option input_db -type metal_fill -gds_file = ""

INFO (EXTGRMP-143) : Option density_check_method = "none"

INFO (EXTGRMP-143) : Option process_technology -technology_corner = "rccorner"

INFO (EXTGRMP-143) : Option process_technology -EM_technology_corner = ""

INFO (EXTGRMP-143) : Option process_technology -temperature = "25"

INFO (EXTGRMP-143) : Option promote_gray_data_pins = "false"

INFO (EXTGRMP-143) : Option extraction_setup -enable_layer_bias = "false"

INFO (EXTGRMP-143) : Option output_db -map_eeq_to_master = "false"

INFO (EXTGRMP-143) : Option output_db -match_res_cap = "false"

INFO (EXTGRMP-143) : Option merge_tile_boundary_data = "true"

INFO (EXTGRMP-143) : Option coupling_c_threshold = "0.1"

INFO (EXTGRMP-143) : Option use_icecaps_models_only = "false"

INFO (EXTGRMP-143) : Option output_db -type spef -use_name_map = "true"

INFO (EXTGRMP-143) : Option output_db -type spef -name_map_start_index = "0"

INFO (EXTGRMP-143) : Option distributed_processing -timeout = "300"

INFO (EXTGRMP-143) : Option distributed_processing -num_of_trials = "0"

INFO (EXTGRMP-143) : Option output_db -type dspf -add_cap_prefix = "false"

INFO (EXTGRMP-143) : Option output_db -type oa = "false"

INFO (EXTGRMP-143) : Option oa_analysis_point = "default"

INFO (EXTGRMP-143) : Option extraction_setup -enable_sensitivity_extraction = "false"

INFO (EXTGRMP-143) : Option report_details = "false"

INFO (EXTGRMP-143) : Option input_db -type metal_fill -offset_x = "0.0"

INFO (EXTGRMP-143) : Option input_db -type metal_fill -offset_y = "0.0"

INFO (EXTGRMP-143) : Option extraction_setup -ignore_pushdown_blockages = "false"

INFO (EXTGRMP-143) : Option output_setup -compress_temporary_files = "true"

INFO (EXTGRMP-143) : Option strong_gray_debug = "false"

INFO (EXTGRMP-143) : Option output_db -disable_instances = "true"

INFO (EXTGRMP-143) : Option output_db -disable_subnodes = "true"

INFO (EXTGRMP-143) : Option output_db -type coupling_cap_reports -dump_erosion_info = ""

INFO (EXTGRMP-143) : Option output_db -include_parasitic_res_width_drawn = "true"

INFO (EXTGRMP-143) : Option output_db -include_parasitic_res_parameters_unscaled = "false"

INFO (EXTGRMP-143) : Option enable_active_fill_via_processing = "false"

INFO (EXTGRMP-143) : Option output_db -add_explicit_vias = "false"

INFO (EXTGRMP-143) : Option output_db -include_parasitic_cap_layers = "false"

INFO (EXTGRMP-143) : Option capacitance -ground_net = "0"

INFO (EXTGRMP-143) : Option output_db -include_parasitic_res_temp_coeff = "false"

INFO (EXTGRMP-143) : Option output_setup -write_coupled_decoupled_files = "false"

INFO (EXTGRMP-143) : Option capacitance_coupling = "default"

INFO (EXTGRMP-143) : Option extraction_setup -gds_top_cell = ""

INFO (EXTGRMP-143) : Option input_db -directory_name = ""

INFO (EXTGRMP-143) : Option binary_input = "false"

INFO (EXTGRMP-143) : Option binary_output = "false"

INFO (EXTGRMP-143) : Option output_setup -enable_ieee_sensitivity = "false"

INFO (EXTGRMP-143) : Option input_db -bump_map_file = ""

INFO (EXTGRMP-143) : Option extraction_setup -enable_bump_instance = "false"

INFO (EXTGRMP-143) : Option extraction_setup -enable_tsv_instance = "false"

INFO (EXTGRMP-143) : Option extraction_setup -enable_TSV_STA_Cc_model = "false"

INFO (EXTGRMP-143) : Option extraction_setup -stitch_bump_model = "false"

INFO (EXTGRMP-143) : Option extraction_setup -stitch_tsv_model = "none"

INFO (EXTGRMP-143) : Option enable_eco_mode = "false"

INFO (EXTGRMP-143) : Option eco_file = ""

INFO (EXTGRMP-143) : Option override_eco_reference = "true"

INFO (EXTGRMP-143) : Option analysis_mode = "timing"

INFO (EXTGRMP-143) : Option use_lef_for_hierarchical_def = "false"

INFO (EXTGRMP-143) : Option enable_ws_r_scaling = "false"

INFO (EXTGRMP-143) : Option include_gate_forming_layers = "false"

INFO (EXTGRMP-143) : Option log_file -strict_error_reporting = "false"

INFO (EXTGRMP-143) : Option log_file -report_outside_die_area_object = "false"

INFO (EXTGRMP-143) : Option report_outside_diearea_object_error_limit = "1"

INFO (EXTGRMP-143) : Option change_overhang_direction = "false"

INFO (EXTGRMP-143) : Option ubump_subckt_file = ""

INFO (EXTGRMP-143) : Option tsv_subckt_file = ""

INFO (EXTGRMP-143) : Option output_setup -write_drc_violations = "false"

INFO (EXTGRMP-143) : Option log_file -max_drc_messages = "1000"

INFO (EXTGRMP-143) : Option LEF files =
"../../Asap7/asap7/asap7sc7p5t_28/techlef_misc/asap7_tech_4x_201209.lef
../../Asap7/asap7/asap7sc7p5t_28/LEF/scaled/asap7sc7p5t_28_R_4x_220121a.lef"

INFO (EXTGRMP-143) : Option DEF files =
"/data/tkvm2/Asap7design/adder/innovus_temp_12143_b45c88c5-10fa-4afb-bb19-40f919ee0da4_vlsiktmt_tkvm2_PrnH8J/tmp_qrc_SxBs7t/qrc.def.gz"

INFO (EXTGRMP-143) : Option GDSII files = ""

INFO (EXTGRMP-143) : Option GDSII/RDL files = ""

INFO (EXTGRMP-143) : Option SPICE files = ""

INFO (EXTGRMP-143) : Option DENSITY cells = ""

INFO (EXTGRMP-143) : Option stitch bump cells = ""

INFO (EXTGRMP-143) : Option ignored macros = ""

INFO (EXTGRMP-143) : Option black macros = ""

INFO (EXTGRMP-155) : Layer mappings were not specified.

INFO (EXTGRMP-276) : Gds/Oasis Layer Map settings were not specified.

INFO (EXTGRMP-548) : Gds/Oasis Fill layer Map settings were not specified.

INFO (EXTGRMP-550) : Gds/Oasis Active Fill layer Map settings were not specified.

INFO (EXTGRMP-562) : HPB layer settings were not specified.

INFO (EXTGRMP-828) : Gds/Oasis InfoGds layer Map settings were not specified.

INFO (EXTGRMP-623) : Background density layer mappings were not specified.

INFO (EXTGRMP-144) : There were no layer bias commands for R values.

INFO (EXTGRMP-147) : Layer bias settings for C values were not specified.

INFO (EXTGRMP-149) : Lefcap area scale settings were not specified.

INFO (EXTGRMP-153) : Lefcap edge scale settings were not specified.

INFO (EXTGRMP-151) : Parameter name settings were not specified.

INFO (EXTGRMP-260) : Layer cluster settings were not specified.

INFO (EXTHPY-253) : Extraction started at Sun Apr 12 21:08:20 2026.

INFO (EXTHPY-232) : Preprocessing stage started at Sun Apr 12 21:08:20 2026.

INFO (EXTGRMP-103) : Local job on vlsiktmt obtained for resource 0 at 2026-Apr-12 21:08:20
(2026-Apr-12 14:08:20 GMT); 

WARNING (EXTGRMP-103) : Maximum size of the process stack (stacksize) on host vlsiktmt is 67108864 bytes. Set it to a large value, preferably unlimited, to avoid any unexpected issues.


INFO (EXTGRMP-103) : Local job on vlsiktmt obtained for resource 1 at 2026-Apr-12 21:08:20
(2026-Apr-12 14:08:20 GMT); 

INFO (EXTGRMP-205) : Reading DEF file: /data/tkvm2/Asap7design/adder/innovus_temp_12143_b45c88c5-10fa-4afb-bb19-40f919ee0da4_vlsiktmt_tkvm2_PrnH8J/tmp_qrc_SxBs7t/qrc.def.gz

INFO (EXTGRMP-336) : Reading technology data and cell definitions from LEF file:

INFO (EXTGRMP-338) : ../../Asap7/asap7/asap7sc7p5t_28/techlef_misc/asap7_tech_4x_201209.lef

WARNING (EXTGRMP-330) : LEF layer "nwell" is not mapped with any tech file layer. Ignoring its definition. 
An error will be issued if its definition is required.

WARNING (EXTGRMP-605) : Layer "nwell" will not be extracted and will be ignored.

WARNING (EXTGRMP-330) : LEF layer "pwell" is not mapped with any tech file layer. Ignoring its definition. 
An error will be issued if its definition is required.

WARNING (EXTGRMP-605) : Layer "pwell" will not be extracted and will be ignored.

WARNING (EXTGRMP-605) : Layer "Gate" will not be extracted and will be ignored.

WARNING (EXTGRMP-330) : LEF layer "Active" is not mapped with any tech file layer. Ignoring its definition. 
An error will be issued if its definition is required.

WARNING (EXTGRMP-605) : Layer "Active" will not be extracted and will be ignored.

INFO (EXTGRMP-338) : ../../Asap7/asap7/asap7sc7p5t_28/LEF/scaled/asap7sc7p5t_28_R_4x_220121a.lef

WARNING (EXTGRMP-330) : LEF layer "V9" is not mapped with any tech file layer. Ignoring its definition. 
An error will be issued if its definition is required.

WARNING (EXTGRMP-330) : LEF layer "Pad" is not mapped with any tech file layer. Ignoring its definition. 
An error will be issued if its definition is required.

WARNING (EXTGRMP-553) : Via VIA9Pad contains a layer "Pad" that is not mapped in the technology file. Any instantiation of this via in the design will be ignored.

WARNING (EXTGRMP-553) : Via VIA9Pad contains a layer "V9" that is not mapped in the technology file. Any instantiation of this via in the design will be ignored.

INFO (EXTGRMP-195) : Reading VIAS section.

INFO (EXTGRMP-195) : Reading COMPONENTS section.

INFO (EXTGRMP-195) : Reading PINS section.

INFO (EXTGRMP-195) : Reading NETS section.

INFO (EXTGRMP-195) : Reading SPECIALNETS section.

WARNING (EXTGRMP-184) : Gray-box mode -type lef_obstruction was selected for extraction, but 24 macro definitions did not include any obstruction data in LEF. The first 10 macros are:
 FILLER_ASAP7_75t_R FILLERxp5_ASAP7_75t_R INVx11_ASAP7_75t_R INVx13_ASAP7_75t_R INVx1_ASAP7_75t_R INVx2_ASAP7_75t_R INVx3_ASAP7_75t_R INVx4_ASAP7_75t_R INVx5_ASAP7_75t_R INVx6_ASAP7_75t_R
Check the library inputs and log files from library setup to determine whether there is a problem.

INFO (EXTSNZDEF-6) : Extraction analysis of structures started.

INFO (EXTGRMP-248) : METAL FILL data is  available in DEF file.

INFO (EXTGRMP-292) : Checking Command/Tech/License Files.

INFO (EXTGRMP-195) : Reading FILLS section.

ERROR (EXTSNZ-127) : The layer name "Pad" is used in the LEF/DEF file or in the OpenAccess (OA) database but the definition for it cannot be found in the tech file.  Ensure that the command file has a proper name mapping for the tech file layer to corresponding names in LEF/cellLibrary/DEF/OA. Refer to the user manual for command syntax.


INFO (EXTGRMP-281) : Manufacturing Data Information :- 
  DEF/GDS/OASIS/LEF file 
    does     contain MetalFill data. 
  Techfile  
    does NOT contain WEE data.     
    does NOT contain Erosion data t=f( density ) 
    does     contain R(w) data.    
    does NOT contain R(w, s) data.  
    does NOT contain TC(w) data.    
    does     contain T/B enlargement data. 
    does     contain Floating Metal Fill models. 
    does NOT contain WBE data.

INFO (EXTGRMP-613) : Turbo Reduction is now turned on by default.

INFO (EXTGRMP-294) : RCs effects computed for this session include :- 
 MetalFill        : floating 
 WEE Effects      : n/a 
 Erosion Effects  : n/a t=f(density) 
 T/B Enlargements : ON 
 R(w) Effects     : ON 
 R(w,s) Effects   : n/a 
 TC(w) Effects    : n/a 
Some effects indicate n/a because of non-availability of relevant input data (or) requested to be off.

INFO (EXTGRMP-203) : Processing of file  terminated.

ERROR (EXTGRMP-103) : Current job number 0 failed. Please check stdout and log files for more
details. Exiting...

INFO (EXTHPY-260) : Extraction completed unsuccessfully at Sun Apr 12 21:08:45 2026.


Warning message summary: 

Message Code(ID)   Count     Message
=================|=========|=======================================================================================================================
EXTGRMP-103       2          Maximum size of the process stack (stacksize) on host vlsiktmt is 67108864 bytes. Set it to a large value, preferably unlimited, to avoid any unexpected issues.

---------------------------------------------------------------------------------------------------------------------------------------------------
EXTGRMP-184       1          Gray-box mode -type lef_obstruction was selected for extraction, but 24 macro definitions did not include any obstruction data in LEF. The first 10 macros are:
 FILLER_ASAP7_75t_R FILLERxp5_ASAP7_75t_R INVx11_ASAP7_75t_R INVx13_ASAP7_75t_R INVx1_ASAP7_75t_R INVx2_ASAP7_75t_R INVx3_ASAP7_75t_R INVx4_ASAP7_75t_R INVx5_ASAP7_75t_R INVx6_ASAP7_75t_R
Check the library inputs and log files from library setup to determine whether there is a problem.
---------------------------------------------------------------------------------------------------------------------------------------------------
EXTGRMP-330       5          LEF layer "nwell" is not mapped with any tech file layer. Ignoring its definition. 
An error will be issued if its definition is required.
---------------------------------------------------------------------------------------------------------------------------------------------------
EXTGRMP-414       1          No GDSII/OASIS file is specified. Setting graybox type as LEF_OBSTRUCTION.
---------------------------------------------------------------------------------------------------------------------------------------------------
EXTGRMP-553       2          Via VIA9Pad contains a layer "Pad" that is not mapped in the technology file. Any instantiation of this via in the design will be ignored.
---------------------------------------------------------------------------------------------------------------------------------------------------
EXTGRMP-605       4          Layer "nwell" will not be extracted and will be ignored.
---------------------------------------------------------------------------------------------------------------------------------------------------
 

TOTAL WARNINGS: 14 
TOTAL ERRORS: 2 
---------------------------------------------------------------------------------------------------------------------------------------------------
----

Ending at 2026-Apr-12 21:08:45 (2026-Apr-12 14:08:45 GMT).

 Tool:                    Cadence Quantus Extraction 64-bit
 Version:                 21.2.2-s369 Tue May 7 14:47:09 PDT 2024
 IR Build No:             369 
 Techfile:                Unknown ; version: Unknown 
 License(s) used:         0 of Unknown 
 User Name:               tkvm2
 Host Name:               vlsiktmt
 Host OS Release:         Linux 3.10.0-1160.119.1.el7.x86_64
 Host OS Version:         #1 SMP Tue Jun 4 14:43:51 UTC 2024
 CPU Model Name:          Intel(R) Xeon(R) Gold 5218 CPU @ 2.30GHz
 L1d Cache:               32K
 L1i Cache:               32K
 L2 Cache:                1024K
 L3 Cache:                22528K
 Memory:                  31 GB
 Run duration:            00:00:00 CPU time, 00:00:25 clock time
 Max (Total) memory used: 89 MB
 Max (CPU) memory used:   615 MB
 Max Temp-Directory used: 0 MB
 Nets/hour:               0K nets/CPU-hr, 0K nets/clock-hr
 Design data:
    Components:           495
    Phy components:       0
    Nets:                 0
    Unconnected pins:     0
 Warning messages:        14
 Error messages:          2

Exit code 2.
Cadence Quantus Extraction completed unsuccessfully at 2026-Apr-12 21:08:45
(2026-Apr-12 14:08:45 GMT).
