###############################################################
#  Generated by:      Cadence Innovus 22.17-s086_1
#  OS:                Linux x86_64(Host ID vlsiktmt)
#  Generated on:      Sun Apr 12 21:08:19 2026
#  Design:            Adder32
#  Command:           verify_drc -report ./verify_rpt/verify_drc.rpt
###############################################################

VIAENCLOSURE: ( Enclosure ) Regular Wire of Net iB[18]  ( V3 )
Bounds : ( 30.636, 25.404 ) ( 30.708, 25.500 )


VIAENCLOSURE: ( Enclosure ) Regular Wire of Net iB[17]  ( V3 )
Bounds : ( 32.796, 25.404 ) ( 32.868, 25.500 )


VIAENCLOSURE: ( Enclosure ) Regular Wire of Net iB[18]  ( V5 )
Bounds : ( 30.624, 25.424 ) ( 30.720, 25.552 )


VIAENCLOSURE: ( Enclosure ) Regular Wire of Net iB[16]  ( V5 )
Bounds : ( 32.352, 26.288 ) ( 32.448, 26.416 )


VIAENCLOSURE: ( Enclosure ) Regular Wire of Net iB[17]  ( V5 )
Bounds : ( 32.784, 25.712 ) ( 32.880, 25.840 )


VIAENCLOSURE: ( Enclosure ) Regular Wire of Net oS[31]  ( V3 )
Bounds : ( 18.540, 27.708 ) ( 18.612, 27.804 )


VIAENCLOSURE: ( Enclosure ) Regular Wire of Net iB[8]  ( V3 )
Bounds : ( 22.860, 25.404 ) ( 22.932, 25.500 )


VIAENCLOSURE: ( Enclosure ) Regular Wire of Net iB[11]  ( V3 )
Bounds : ( 24.588, 27.132 ) ( 24.660, 27.228 )


VIAENCLOSURE: ( Enclosure ) Regular Wire of Net oS[31]  ( V5 )
Bounds : ( 18.528, 27.728 ) ( 18.624, 27.856 )


VIAENCLOSURE: ( Enclosure ) Regular Wire of Net iB[8]  ( V5 )
Bounds : ( 22.848, 25.424 ) ( 22.944, 25.552 )


SHORT: ( Metal Short ) Regular Wire of Net add_8_11_n_928 & Pin of Cell FILLER_T_1_203  ( M1 )
Bounds : ( 19.836, 26.964 ) ( 19.908, 27.036 )


VIAENCLOSURE: ( Enclosure ) Regular Wire of Net iB[21]  ( V3 )
Bounds : ( 31.500, 23.100 ) ( 31.572, 23.196 )


VIAENCLOSURE: ( Enclosure ) Regular Wire of Net iB[19]  ( V3 )
Bounds : ( 32.364, 23.484 ) ( 32.436, 23.580 )


VIAENCLOSURE: ( Enclosure ) Regular Wire of Net iB[19]  ( V5 )
Bounds : ( 32.352, 23.696 ) ( 32.448, 23.824 )


VIAENCLOSURE: ( Enclosure ) Regular Wire of Net iA[18]  ( V3 )
Bounds : ( 26.316, 21.372 ) ( 26.388, 21.468 )


VIAENCLOSURE: ( Enclosure ) Regular Wire of Net iB[20]  ( V3 )
Bounds : ( 28.044, 23.100 ) ( 28.116, 23.196 )


VIAENCLOSURE: ( Enclosure ) Regular Wire of Net iA[17]  ( V3 )
Bounds : ( 28.908, 21.372 ) ( 28.980, 21.468 )


VIAENCLOSURE: ( Enclosure ) Regular Wire of Net iA[18]  ( V5 )
Bounds : ( 26.304, 21.680 ) ( 26.400, 21.808 )


VIAENCLOSURE: ( Enclosure ) Regular Wire of Net iA[17]  ( V5 )
Bounds : ( 28.896, 20.816 ) ( 28.992, 20.944 )


VIAENCLOSURE: ( Enclosure ) Regular Wire of Net iB[26]  ( V3 )
Bounds : ( 32.364, 18.492 ) ( 32.436, 18.588 )


VIAENCLOSURE: ( Enclosure ) Regular Wire of Net iB[26]  ( V5 )
Bounds : ( 32.352, 17.936 ) ( 32.448, 18.064 )


VIAENCLOSURE: ( Enclosure ) Regular Wire of Net iB[13]  ( V3 )
Bounds : ( 25.452, 19.068 ) ( 25.524, 19.164 )


VIAENCLOSURE: ( Enclosure ) Regular Wire of Net iB[23]  ( V3 )
Bounds : ( 27.180, 18.492 ) ( 27.252, 18.588 )


VIAENCLOSURE: ( Enclosure ) Regular Wire of Net iA[16]  ( V3 )
Bounds : ( 27.612, 16.764 ) ( 27.684, 16.860 )


VIAENCLOSURE: ( Enclosure ) Regular Wire of Net iB[16]  ( V3 )
Bounds : ( 29.340, 18.492 ) ( 29.412, 18.588 )


VIAENCLOSURE: ( Enclosure ) Regular Wire of Net iB[13]  ( V5 )
Bounds : ( 25.440, 19.664 ) ( 25.536, 19.792 )


VIAENCLOSURE: ( Enclosure ) Regular Wire of Net iB[23]  ( V5 )
Bounds : ( 27.168, 18.512 ) ( 27.264, 18.640 )


VIAENCLOSURE: ( Enclosure ) Regular Wire of Net iA[16]  ( V5 )
Bounds : ( 27.600, 16.784 ) ( 27.696, 16.912 )


SHORT: ( Metal Short ) Regular Wire of Net add_8_11_n_1015 & Pin of Cell add_8_11_g1318__4319  ( M1 )
Bounds : ( 27.180, 17.244 ) ( 27.252, 17.316 )


VIAENCLOSURE: ( Enclosure ) Regular Wire of Net iA[19]  ( V3 )
Bounds : ( 17.676, 22.524 ) ( 17.748, 22.620 )


VIAENCLOSURE: ( Enclosure ) Regular Wire of Net iA[21]  ( V3 )
Bounds : ( 21.132, 20.796 ) ( 21.204, 20.892 )


VIAENCLOSURE: ( Enclosure ) Regular Wire of Net iA[20]  ( V3 )
Bounds : ( 21.996, 23.100 ) ( 22.068, 23.196 )


VIAENCLOSURE: ( Enclosure ) Regular Wire of Net iB[15]  ( V3 )
Bounds : ( 23.724, 20.796 ) ( 23.796, 20.892 )


VIAENCLOSURE: ( Enclosure ) Regular Wire of Net iB[22]  ( V3 )
Bounds : ( 24.588, 21.372 ) ( 24.660, 21.468 )


VIAENCLOSURE: ( Enclosure ) Regular Wire of Net iB[22]  ( V5 )
Bounds : ( 24.576, 21.104 ) ( 24.672, 21.232 )


SHORT: ( Metal Short ) Regular Wire of Net add_8_11_n_901 & Pin of Cell oS_reg[18]  ( M1 )
Bounds : ( 17.676, 22.644 ) ( 17.748, 22.716 )


VIAENCLOSURE: ( Enclosure ) Regular Wire of Net iB[14]  ( V3 )
Bounds : ( 22.860, 19.068 ) ( 22.932, 19.164 )


VIAENCLOSURE: ( Enclosure ) Regular Wire of Net iA[15]  ( V3 )
Bounds : ( 23.724, 19.068 ) ( 23.796, 19.164 )


VIAENCLOSURE: ( Enclosure ) Regular Wire of Net iB[14]  ( V5 )
Bounds : ( 22.848, 19.376 ) ( 22.944, 19.504 )


VIAENCLOSURE: ( Enclosure ) Regular Wire of Net iA[15]  ( V5 )
Bounds : ( 23.712, 18.512 ) ( 23.808, 18.640 )


VIAENCLOSURE: ( Enclosure ) Regular Wire of Net iB[24]  ( V3 )
Bounds : ( 20.268, 18.492 ) ( 20.340, 18.588 )


VIAENCLOSURE: ( Enclosure ) Regular Wire of Net iB[24]  ( V5 )
Bounds : ( 20.256, 18.512 ) ( 20.352, 18.640 )


VIAENCLOSURE: ( Enclosure ) Regular Wire of Net iB[7]  ( V3 )
Bounds : ( 21.132, 16.764 ) ( 21.204, 16.860 )


VIAENCLOSURE: ( Enclosure ) Regular Wire of Net iB[7]  ( V5 )
Bounds : ( 21.120, 17.072 ) ( 21.216, 17.200 )


VIAENCLOSURE: ( Enclosure ) Regular Wire of Net oS[25]  ( V3 )
Bounds : ( 9.036, 29.436 ) ( 9.108, 29.532 )


VIAENCLOSURE: ( Enclosure ) Regular Wire of Net oS[28]  ( V3 )
Bounds : ( 9.900, 31.740 ) ( 9.972, 31.836 )


VIAENCLOSURE: ( Enclosure ) Regular Wire of Net oS[30]  ( V3 )
Bounds : ( 10.764, 30.012 ) ( 10.836, 30.108 )


VIAENCLOSURE: ( Enclosure ) Regular Wire of Net oS[25]  ( V5 )
Bounds : ( 9.024, 29.456 ) ( 9.120, 29.584 )


VIAENCLOSURE: ( Enclosure ) Regular Wire of Net oS[28]  ( V5 )
Bounds : ( 9.888, 31.760 ) ( 9.984, 31.888 )


VIAENCLOSURE: ( Enclosure ) Regular Wire of Net oS[30]  ( V5 )
Bounds : ( 10.752, 30.032 ) ( 10.848, 30.160 )


VIAENCLOSURE: ( Enclosure ) Regular Wire of Net oS[21]  ( V3 )
Bounds : ( 9.180, 25.404 ) ( 9.252, 25.500 )


VIAENCLOSURE: ( Enclosure ) Regular Wire of Net oS[22]  ( V3 )
Bounds : ( 12.492, 27.132 ) ( 12.564, 27.228 )


VIAENCLOSURE: ( Enclosure ) Regular Wire of Net oS[29]  ( V3 )
Bounds : ( 14.652, 25.404 ) ( 14.724, 25.500 )


VIAENCLOSURE: ( Enclosure ) Regular Wire of Net oS[21]  ( V5 )
Bounds : ( 9.024, 25.424 ) ( 9.120, 25.552 )


VIAENCLOSURE: ( Enclosure ) Regular Wire of Net oS[22]  ( V5 )
Bounds : ( 12.480, 26.864 ) ( 12.576, 26.992 )


VIAENCLOSURE: ( Enclosure ) Regular Wire of Net oS[29]  ( V5 )
Bounds : ( 14.208, 25.424 ) ( 14.304, 25.552 )


SHORT: ( Metal Short ) Regular Wire of Net oS[25] & Pin of Cell oS_reg[25]  ( M1 )
Bounds : ( 14.220, 28.044 ) ( 14.292, 28.116 )


VIAENCLOSURE: ( Enclosure ) Regular Wire of Net oS[20]  ( V3 )
Bounds : ( 2.988, 25.404 ) ( 3.060, 25.500 )


VIAENCLOSURE: ( Enclosure ) Regular Wire of Net oS[24]  ( V3 )
Bounds : ( 4.716, 30.012 ) ( 4.788, 30.108 )


VIAENCLOSURE: ( Enclosure ) Regular Wire of Net oS[23]  ( V3 )
Bounds : ( 5.580, 27.132 ) ( 5.652, 27.228 )


VIAENCLOSURE: ( Enclosure ) Regular Wire of Net oS[20]  ( V5 )
Bounds : ( 2.976, 24.848 ) ( 3.072, 24.976 )


VIAENCLOSURE: ( Enclosure ) Regular Wire of Net oS[24]  ( V5 )
Bounds : ( 4.704, 31.760 ) ( 4.800, 31.888 )


VIAENCLOSURE: ( Enclosure ) Regular Wire of Net oS[23]  ( V5 )
Bounds : ( 5.568, 27.152 ) ( 5.664, 27.280 )


VIAENCLOSURE: ( Enclosure ) Regular Wire of Net oS[27]  ( V3 )
Bounds : ( 9.900, 20.796 ) ( 9.972, 20.892 )


VIAENCLOSURE: ( Enclosure ) Regular Wire of Net iA[22]  ( V3 )
Bounds : ( 15.084, 21.372 ) ( 15.156, 21.468 )


VIAENCLOSURE: ( Enclosure ) Regular Wire of Net oS[27]  ( V5 )
Bounds : ( 9.888, 20.528 ) ( 9.984, 20.656 )


VIAENCLOSURE: ( Enclosure ) Regular Wire of Net iA[22]  ( V5 )
Bounds : ( 15.072, 21.680 ) ( 15.168, 21.808 )


SHORT: ( Metal Short ) Regular Wire of Net n_247 & Pin of Cell FILLER_T_1_156  ( M1 )
Bounds : ( 13.788, 20.484 ) ( 13.860, 20.556 )


SHORT: ( Metal Short ) Regular Wire of Net oS[26] & Pin of Cell oS_reg[18]  ( M1 )
Bounds : ( 14.652, 22.644 ) ( 14.724, 22.716 )


VIAENCLOSURE: ( Enclosure ) Regular Wire of Net oS[15]  ( V3 )
Bounds : ( 12.924, 19.068 ) ( 12.996, 19.164 )


VIAENCLOSURE: ( Enclosure ) Regular Wire of Net iA[25]  ( V3 )
Bounds : ( 14.652, 16.764 ) ( 14.724, 16.860 )


VIAENCLOSURE: ( Enclosure ) Regular Wire of Net iB[25]  ( V3 )
Bounds : ( 15.948, 19.068 ) ( 16.020, 19.164 )


VIAENCLOSURE: ( Enclosure ) Regular Wire of Net iA[24]  ( V3 )
Bounds : ( 16.812, 16.764 ) ( 16.884, 16.860 )


VIAENCLOSURE: ( Enclosure ) Regular Wire of Net iA[23]  ( V3 )
Bounds : ( 16.812, 18.492 ) ( 16.884, 18.588 )


VIAENCLOSURE: ( Enclosure ) Regular Wire of Net iA[25]  ( V5 )
Bounds : ( 14.640, 16.496 ) ( 14.736, 16.624 )


VIAENCLOSURE: ( Enclosure ) Regular Wire of Net iB[25]  ( V5 )
Bounds : ( 15.936, 18.800 ) ( 16.032, 18.928 )


VIAENCLOSURE: ( Enclosure ) Regular Wire of Net iA[24]  ( V5 )
Bounds : ( 16.800, 16.496 ) ( 16.896, 16.624 )


VIAENCLOSURE: ( Enclosure ) Regular Wire of Net iA[23]  ( V5 )
Bounds : ( 16.800, 18.224 ) ( 16.896, 18.352 )


VIAENCLOSURE: ( Enclosure ) Regular Wire of Net oS[17]  ( V3 )
Bounds : ( 0.396, 21.372 ) ( 0.468, 21.468 )


VIAENCLOSURE: ( Enclosure ) Regular Wire of Net oS[18]  ( V3 )
Bounds : ( 1.260, 23.100 ) ( 1.332, 23.196 )


VIAENCLOSURE: ( Enclosure ) Regular Wire of Net oS[26]  ( V3 )
Bounds : ( 7.308, 22.716 ) ( 7.380, 22.812 )


VIAENCLOSURE: ( Enclosure ) Regular Wire of Net oS[19]  ( V3 )
Bounds : ( 8.172, 23.100 ) ( 8.244, 23.196 )


VIAENCLOSURE: ( Enclosure ) Regular Wire of Net oS[17]  ( V5 )
Bounds : ( 0.384, 21.104 ) ( 0.480, 21.232 )


VIAENCLOSURE: ( Enclosure ) Regular Wire of Net oS[18]  ( V5 )
Bounds : ( 1.248, 22.832 ) ( 1.344, 22.960 )


VIAENCLOSURE: ( Enclosure ) Regular Wire of Net oS[26]  ( V5 )
Bounds : ( 7.296, 22.832 ) ( 7.392, 22.960 )


VIAENCLOSURE: ( Enclosure ) Regular Wire of Net oS[19]  ( V5 )
Bounds : ( 8.160, 22.832 ) ( 8.256, 22.960 )


VIAENCLOSURE: ( Enclosure ) Regular Wire of Net oS[13]  ( V3 )
Bounds : ( 0.396, 18.492 ) ( 0.468, 18.588 )


VIAENCLOSURE: ( Enclosure ) Regular Wire of Net oS[12]  ( V3 )
Bounds : ( 1.260, 16.764 ) ( 1.332, 16.860 )


VIAENCLOSURE: ( Enclosure ) Regular Wire of Net oS[14]  ( V3 )
Bounds : ( 1.260, 18.492 ) ( 1.332, 18.588 )


VIAENCLOSURE: ( Enclosure ) Regular Wire of Net oS[16]  ( V3 )
Bounds : ( 7.308, 19.068 ) ( 7.380, 19.164 )


VIAENCLOSURE: ( Enclosure ) Regular Wire of Net oS[13]  ( V5 )
Bounds : ( 0.384, 18.224 ) ( 0.480, 18.352 )


VIAENCLOSURE: ( Enclosure ) Regular Wire of Net oS[15]  ( V5 )
Bounds : ( 0.600, 19.376 ) ( 0.696, 19.504 )


VIAENCLOSURE: ( Enclosure ) Regular Wire of Net oS[12]  ( V5 )
Bounds : ( 1.248, 16.496 ) ( 1.344, 16.624 )


VIAENCLOSURE: ( Enclosure ) Regular Wire of Net oS[14]  ( V5 )
Bounds : ( 1.248, 18.224 ) ( 1.344, 18.352 )


VIAENCLOSURE: ( Enclosure ) Regular Wire of Net iB[28]  ( V5 )
Bounds : ( 32.352, 15.344 ) ( 32.448, 15.472 )


VIAENCLOSURE: ( Enclosure ) Regular Wire of Net iA[1]  ( V5 )
Bounds : ( 27.168, 12.464 ) ( 27.264, 12.592 )


VIAENCLOSURE: ( Enclosure ) Regular Wire of Net iA[13]  ( V5 )
Bounds : ( 25.440, 14.192 ) ( 25.536, 14.320 )


VIAENCLOSURE: ( Enclosure ) Regular Wire of Net iA[1]  ( V3 )
Bounds : ( 27.180, 12.732 ) ( 27.252, 12.828 )


VIAENCLOSURE: ( Enclosure ) Regular Wire of Net iA[13]  ( V3 )
Bounds : ( 25.452, 14.460 ) ( 25.524, 14.556 )


SHORT: ( Metal Short ) Regular Wire of Net iB[11] & Pin of Cell FILLER_T_1_92  ( M1 )
Bounds : ( 27.756, 12.924 ) ( 27.828, 12.996 )


SHORT: ( Metal Short ) Regular Wire of Net add_8_11_n_820 & Pin of Cell add_8_11_g1298__5122  ( M1 )
Bounds : ( 27.612, 8.604 ) ( 27.684, 8.676 )


EndOfLine: ( EndOfLine Keepout ) Regular Wire of Net add_8_11_n_790 & Pin of Cell FILLER_T_1_72  ( M1 )
Bounds : ( 28.188, 10.836 ) ( 28.260, 10.936 )


VIAENCLOSURE: ( Enclosure ) Regular Wire of Net iA[10]  ( V5 )
Bounds : ( 26.304, 8.720 ) ( 26.400, 8.848 )


VIAENCLOSURE: ( Enclosure ) Regular Wire of Net iA[5]  ( V3 )
Bounds : ( 32.364, 8.124 ) ( 32.436, 8.220 )


VIAENCLOSURE: ( Enclosure ) Regular Wire of Net iA[10]  ( V3 )
Bounds : ( 26.316, 9.852 ) ( 26.388, 9.948 )


VIAENCLOSURE: ( Enclosure ) Regular Wire of Net iA[0]  ( V5 )
Bounds : ( 28.896, 11.888 ) ( 28.992, 12.016 )


VIAENCLOSURE: ( Enclosure ) Regular Wire of Net iB[30]  ( V3 )
Bounds : ( 21.996, 14.460 ) ( 22.068, 14.556 )


VIAENCLOSURE: ( Enclosure ) Regular Wire of Net iA[14]  ( V3 )
Bounds : ( 23.724, 12.156 ) ( 23.796, 12.252 )


VIAENCLOSURE: ( Enclosure ) Regular Wire of Net iB[10]  ( V3 )
Bounds : ( 23.724, 14.460 ) ( 23.796, 14.556 )


VIAENCLOSURE: ( Enclosure ) Regular Wire of Net iA[12]  ( V3 )
Bounds : ( 24.588, 12.156 ) ( 24.660, 12.252 )


VIAENCLOSURE: ( Enclosure ) Regular Wire of Net iB[12]  ( V3 )
Bounds : ( 24.732, 14.460 ) ( 24.804, 14.556 )


VIAENCLOSURE: ( Enclosure ) Regular Wire of Net iB[30]  ( V5 )
Bounds : ( 21.984, 13.904 ) ( 22.080, 14.032 )


VIAENCLOSURE: ( Enclosure ) Regular Wire of Net iB[10]  ( V5 )
Bounds : ( 23.712, 14.192 ) ( 23.808, 14.320 )


VIAENCLOSURE: ( Enclosure ) Regular Wire of Net iB[12]  ( V5 )
Bounds : ( 24.576, 14.192 ) ( 24.672, 14.320 )


VIAENCLOSURE: ( Enclosure ) Regular Wire of Net iB[31]  ( V3 )
Bounds : ( 18.972, 12.156 ) ( 19.044, 12.252 )


VIAENCLOSURE: ( Enclosure ) Regular Wire of Net iB[29]  ( V3 )
Bounds : ( 20.268, 13.884 ) ( 20.340, 13.980 )


VIAENCLOSURE: ( Enclosure ) Regular Wire of Net iB[31]  ( V5 )
Bounds : ( 18.960, 12.752 ) ( 19.056, 12.880 )


VIAENCLOSURE: ( Enclosure ) Regular Wire of Net iA[0]  ( V3 )
Bounds : ( 21.132, 12.156 ) ( 21.204, 12.252 )


VIAENCLOSURE: ( Enclosure ) Regular Wire of Net iB[5]  ( V3 )
Bounds : ( 21.852, 9.852 ) ( 21.924, 9.948 )


VIAENCLOSURE: ( Enclosure ) Regular Wire of Net iB[9]  ( V3 )
Bounds : ( 22.428, 9.852 ) ( 22.500, 9.948 )


VIAENCLOSURE: ( Enclosure ) Regular Wire of Net iA[3]  ( V3 )
Bounds : ( 23.724, 9.852 ) ( 23.796, 9.948 )


VIAENCLOSURE: ( Enclosure ) Regular Wire of Net iA[8]  ( V3 )
Bounds : ( 24.876, 8.124 ) ( 24.948, 8.220 )


VIAENCLOSURE: ( Enclosure ) Regular Wire of Net iB[5]  ( V5 )
Bounds : ( 21.768, 10.448 ) ( 21.864, 10.576 )


VIAENCLOSURE: ( Enclosure ) Regular Wire of Net iB[9]  ( V5 )
Bounds : ( 22.416, 10.160 ) ( 22.512, 10.288 )


VIAENCLOSURE: ( Enclosure ) Regular Wire of Net iA[3]  ( V5 )
Bounds : ( 23.712, 9.008 ) ( 23.808, 9.136 )


VIAENCLOSURE: ( Enclosure ) Regular Wire of Net iA[8]  ( V5 )
Bounds : ( 24.792, 7.856 ) ( 24.888, 7.984 )


SHORT: ( Metal Short ) Regular Wire of Net add_8_11_n_767 & Pin of Cell FILLER_T_1_92  ( M1 )
Bounds : ( 23.292, 11.844 ) ( 23.328, 11.916 )


VIAENCLOSURE: ( Enclosure ) Regular Wire of Net iB[4]  ( V3 )
Bounds : ( 19.404, 8.124 ) ( 19.476, 8.220 )


VIAENCLOSURE: ( Enclosure ) Regular Wire of Net iB[6]  ( V3 )
Bounds : ( 19.404, 9.852 ) ( 19.476, 9.948 )


VIAENCLOSURE: ( Enclosure ) Regular Wire of Net iA[2]  ( V3 )
Bounds : ( 20.268, 10.428 ) ( 20.340, 10.524 )


VIAENCLOSURE: ( Enclosure ) Regular Wire of Net iB[4]  ( V5 )
Bounds : ( 19.392, 7.856 ) ( 19.488, 7.984 )


VIAENCLOSURE: ( Enclosure ) Regular Wire of Net iA[2]  ( V5 )
Bounds : ( 20.256, 10.160 ) ( 20.352, 10.288 )


VIAENCLOSURE: ( Enclosure ) Regular Wire of Net iA[4]  ( V3 )
Bounds : ( 21.132, 8.124 ) ( 21.204, 8.220 )


VIAENCLOSURE: ( Enclosure ) Regular Wire of Net iA[12]  ( V5 )
Bounds : ( 24.576, 11.888 ) ( 24.672, 12.016 )


VIAENCLOSURE: ( Enclosure ) Regular Wire of Net iA[11]  ( V3 )
Bounds : ( 25.452, 1.212 ) ( 25.524, 1.308 )


VIAENCLOSURE: ( Enclosure ) Regular Wire of Net iA[9]  ( V3 )
Bounds : ( 28.044, 5.820 ) ( 28.116, 5.916 )


VIAENCLOSURE: ( Enclosure ) Regular Wire of Net iA[6]  ( V3 )
Bounds : ( 32.364, 5.820 ) ( 32.436, 5.916 )


VIAENCLOSURE: ( Enclosure ) Regular Wire of Net iA[9]  ( V5 )
Bounds : ( 28.032, 5.840 ) ( 28.128, 5.968 )


VIAENCLOSURE: ( Enclosure ) Regular Wire of Net iA[6]  ( V5 )
Bounds : ( 32.352, 5.840 ) ( 32.448, 5.968 )


SHORT: ( Metal Short ) Regular Wire of Net add_8_11_n_906 & Pin of Cell FE_PHC1_n_234  ( M1 )
Bounds : ( 27.468, 6.444 ) ( 27.540, 6.516 )


VIAENCLOSURE: ( Enclosure ) Regular Wire of Net iA[7]  ( V3 )
Bounds : ( 24.588, 5.820 ) ( 24.660, 5.916 )


VIAENCLOSURE: ( Enclosure ) Regular Wire of Net iA[7]  ( V5 )
Bounds : ( 24.576, 5.840 ) ( 24.672, 5.968 )


VIAENCLOSURE: ( Enclosure ) Regular Wire of Net iB[0]  ( V3 )
Bounds : ( 13.068, 12.156 ) ( 13.140, 12.252 )


VIAENCLOSURE: ( Enclosure ) Regular Wire of Net iB[1]  ( V3 )
Bounds : ( 14.652, 12.732 ) ( 14.724, 12.828 )


VIAENCLOSURE: ( Enclosure ) Regular Wire of Net iB[0]  ( V5 )
Bounds : ( 13.344, 12.464 ) ( 13.440, 12.592 )


VIAENCLOSURE: ( Enclosure ) Regular Wire of Net iA[26]  ( V5 )
Bounds : ( 11.184, 14.192 ) ( 11.280, 14.320 )


VIAENCLOSURE: ( Enclosure ) Regular Wire of Net iB[27]  ( V5 )
Bounds : ( 9.456, 14.480 ) ( 9.552, 14.608 )


VIAENCLOSURE: ( Enclosure ) Regular Wire of Net iB[28]  ( V3 )
Bounds : ( 12.492, 14.460 ) ( 12.564, 14.556 )


VIAENCLOSURE: ( Enclosure ) Regular Wire of Net iA[26]  ( V3 )
Bounds : ( 11.196, 14.460 ) ( 11.268, 14.556 )


VIAENCLOSURE: ( Enclosure ) Regular Wire of Net iB[27]  ( V3 )
Bounds : ( 9.468, 14.460 ) ( 9.540, 14.556 )


SHORT: ( Metal Short ) Regular Wire of Net iA[28] & Pin of Cell FILLER_T_1_105  ( M1 )
Bounds : ( 11.628, 14.004 ) ( 11.700, 14.076 )


VIAENCLOSURE: ( Enclosure ) Regular Wire of Net iA[27]  ( V5 )
Bounds : ( 9.888, 12.176 ) ( 9.984, 12.304 )


VIAENCLOSURE: ( Enclosure ) Regular Wire of Net iA[30]  ( V5 )
Bounds : ( 9.024, 13.040 ) ( 9.120, 13.168 )


VIAENCLOSURE: ( Enclosure ) Regular Wire of Net iA[27]  ( V3 )
Bounds : ( 10.332, 12.732 ) ( 10.404, 12.828 )


VIAENCLOSURE: ( Enclosure ) Regular Wire of Net iA[30]  ( V3 )
Bounds : ( 9.036, 12.924 ) ( 9.108, 13.020 )


VIAENCLOSURE: ( Enclosure ) Regular Wire of Net oS[3]  ( V3 )
Bounds : ( 11.196, 8.124 ) ( 11.268, 8.220 )


VIAENCLOSURE: ( Enclosure ) Regular Wire of Net oS[6]  ( V3 )
Bounds : ( 14.220, 10.428 ) ( 14.292, 10.524 )


VIAENCLOSURE: ( Enclosure ) Regular Wire of Net iB[2]  ( V3 )
Bounds : ( 15.084, 10.428 ) ( 15.156, 10.524 )


VIAENCLOSURE: ( Enclosure ) Regular Wire of Net iB[3]  ( V3 )
Bounds : ( 16.380, 8.124 ) ( 16.452, 8.220 )


VIAENCLOSURE: ( Enclosure ) Regular Wire of Net oS[3]  ( V5 )
Bounds : ( 11.184, 8.144 ) ( 11.280, 8.272 )


SHORT: ( Metal Short ) Regular Wire of Net oS[7] & Pin of Cell FILLER_T_1_92  ( M1 )
Bounds : ( 9.324, 11.844 ) ( 9.396, 11.916 )


SHORT: ( Metal Short ) Regular Wire of Net n_219 & Pin of Cell FILLER_T_1_92  ( M1 )
Bounds : ( 12.204, 11.844 ) ( 12.420, 11.916 )


VIAENCLOSURE: ( Enclosure ) Regular Wire of Net oS[7]  ( V3 )
Bounds : ( 0.396, 12.732 ) ( 0.468, 12.828 )


VIAENCLOSURE: ( Enclosure ) Regular Wire of Net oS[10]  ( V3 )
Bounds : ( 0.396, 14.460 ) ( 0.468, 14.556 )


VIAENCLOSURE: ( Enclosure ) Regular Wire of Net oS[11]  ( V3 )
Bounds : ( 1.260, 15.228 ) ( 1.332, 15.324 )


VIAENCLOSURE: ( Enclosure ) Regular Wire of Net oS[7]  ( V5 )
Bounds : ( 0.384, 12.464 ) ( 0.480, 12.592 )


VIAENCLOSURE: ( Enclosure ) Regular Wire of Net oS[10]  ( V5 )
Bounds : ( 0.384, 14.480 ) ( 0.480, 14.608 )


VIAENCLOSURE: ( Enclosure ) Regular Wire of Net oS[11]  ( V5 )
Bounds : ( 1.248, 15.344 ) ( 1.344, 15.472 )


VIAENCLOSURE: ( Enclosure ) Regular Wire of Net oS[5]  ( V3 )
Bounds : ( 0.828, 10.428 ) ( 0.900, 10.524 )


VIAENCLOSURE: ( Enclosure ) Regular Wire of Net oS[9]  ( V3 )
Bounds : ( 1.260, 9.852 ) ( 1.332, 9.948 )


VIAENCLOSURE: ( Enclosure ) Regular Wire of Net oS[8]  ( V3 )
Bounds : ( 7.308, 10.428 ) ( 7.380, 10.524 )


VIAENCLOSURE: ( Enclosure ) Regular Wire of Net iA[29]  ( V3 )
Bounds : ( 8.172, 10.812 ) ( 8.244, 10.908 )


VIAENCLOSURE: ( Enclosure ) Regular Wire of Net oS[5]  ( V5 )
Bounds : ( 0.816, 10.160 ) ( 0.912, 10.288 )


VIAENCLOSURE: ( Enclosure ) Regular Wire of Net oS[9]  ( V5 )
Bounds : ( 1.248, 9.872 ) ( 1.344, 10.000 )


VIAENCLOSURE: ( Enclosure ) Regular Wire of Net iA[29]  ( V5 )
Bounds : ( 8.160, 10.736 ) ( 8.256, 10.864 )


SHORT: ( Metal Short ) Regular Wire of Net n_234 & Pin of Cell FILLER_incr_T_1_2  ( M1 )
Bounds : ( 4.716, 8.604 ) ( 4.788, 8.676 )


VIAENCLOSURE: ( Enclosure ) Regular Wire of Net iA[28]  ( V3 )
Bounds : ( 9.036, 3.516 ) ( 9.108, 3.612 )


VIAENCLOSURE: ( Enclosure ) Regular Wire of Net oS[4]  ( V3 )
Bounds : ( 10.764, 4.092 ) ( 10.836, 4.188 )


VIAENCLOSURE: ( Enclosure ) Regular Wire of Net iA[31]  ( V3 )
Bounds : ( 13.356, 4.092 ) ( 13.428, 4.188 )


VIAENCLOSURE: ( Enclosure ) Regular Wire of Net iA[28]  ( V5 )
Bounds : ( 9.024, 3.536 ) ( 9.120, 3.664 )


VIAENCLOSURE: ( Enclosure ) Regular Wire of Net oS[4]  ( V5 )
Bounds : ( 10.752, 4.112 ) ( 10.848, 4.240 )


VIAENCLOSURE: ( Enclosure ) Regular Wire of Net iA[31]  ( V5 )
Bounds : ( 13.344, 4.112 ) ( 13.440, 4.240 )


VIAENCLOSURE: ( Enclosure ) Regular Wire of Net oS[1]  ( V3 )
Bounds : ( 1.260, 5.820 ) ( 1.332, 5.916 )


VIAENCLOSURE: ( Enclosure ) Regular Wire of Net iClk  ( V3 )
Bounds : ( 3.852, 1.212 ) ( 3.924, 1.308 )


VIAENCLOSURE: ( Enclosure ) Regular Wire of Net oS[0]  ( V3 )
Bounds : ( 6.444, 4.092 ) ( 6.516, 4.188 )


VIAENCLOSURE: ( Enclosure ) Regular Wire of Net oS[1]  ( V5 )
Bounds : ( 1.248, 5.840 ) ( 1.344, 5.968 )


VIAENCLOSURE: ( Enclosure ) Regular Wire of Net oS[2]  ( V5 )
Bounds : ( 1.248, 7.568 ) ( 1.344, 7.696 )


VIAENCLOSURE: ( Enclosure ) Regular Wire of Net oS[0]  ( V5 )
Bounds : ( 6.432, 4.112 ) ( 6.528, 4.240 )


SHORT: ( Metal Short ) Regular Wire of Net n_234 & Pin of Cell FILLER_incr_T_1_2  ( M1 )
Bounds : ( 4.572, 7.524 ) ( 4.644, 7.596 )


VIAENCLOSURE: ( Enclosure ) Regular Wire of Net oS[2]  ( V3 )
Bounds : ( 1.260, 7.740 ) ( 1.332, 7.836 )


  Total Violations : 190 Viols.
