###############################################################
#  Generated by:      Cadence Innovus 22.17-s086_1
#  OS:                Linux x86_64(Host ID vlsiktmt)
#  Generated on:      Sun Apr 12 21:08:19 2026
#  Design:            Adder32
#  Command:           verifyConnectivity -report ./verify_rpt/verifyConnectivity.rpt
###############################################################
Verify Connectivity Report is created on Sun Apr 12 21:08:19 2026




Multi-CPU acceleration using 2 CPU


Use pthread

Net VDD, Pin Pin: add_8_11_g1194__1705/VDD; Direction: INOUT; Use: POWER;: has an unconnected terminal at (25.056, 28.044) (26.568, 28.116)
Net VDD, Pin Pin: add_8_11_g1294/VDD; Direction: INPUT; Use: POWER;: has an unconnected terminal at (23.760, 28.044) (24.408, 28.116)
Net VDD: has special routes with opens at (1.680, 1.680) (32.160, 30.720)
Net VDD: has regular routing with opens at (19.008, 28.044) (23.112, 28.116)
Net VDD: has regular routing with opens at (9.720, 28.044) (18.792, 28.116)
Net VDD: has regular routing with opens at (4.968, 23.724) (21.600, 23.796)
Net VDD: has regular routing with opens at (4.968, 21.564) (24.840, 21.636)
Net VDD: has regular routing with opens at (4.320, 19.404) (22.680, 19.476)
Net VDD: has regular routing with opens at (15.984, 17.244) (29.376, 17.316)
Net VDD: has regular routing with opens at (9.720, 15.084) (28.728, 15.156)
Net VDD: has regular routing with opens at (4.320, 12.924) (29.376, 12.996)
Net VDD: has regular routing with opens at (4.320, 10.764) (29.376, 10.836)
Net VDD: has regular routing with opens at (16.632, 8.604) (28.728, 8.676)
Net VDD: has regular routing with opens at (4.320, 8.604) (16.416, 8.676)
Net VDD: has regular routing with opens at (4.968, 6.444) (29.376, 6.516)
Net VDD: has regular routing with opens at (26.784, 28.044) (28.728, 28.116)
Net VDD: has regular routing with opens at (4.320, 28.044) (9.072, 28.116)
Net VDD: has regular routing with opens at (26.136, 25.884) (29.376, 25.956)
Net VDD: has regular routing with opens at (4.320, 25.884) (25.920, 25.956)
Net VDD: has regular routing with opens at (23.328, 23.724) (29.376, 23.796)
Net VDD: has regular routing with opens at (25.056, 21.564) (29.376, 21.636)
Net VDD: has regular routing with opens at (23.112, 19.404) (29.376, 19.476)
Net VDD: has regular routing with opens at (4.320, 17.244) (15.768, 17.316)
Net VDD: has regular routing with opens at (4.320, 15.084) (9.504, 15.156)
Net VDD: has regular routing with opens at (19.440, 4.284) (28.728, 4.356)
Net VDD: has regular routing with opens at (15.984, 4.284) (19.224, 4.356)
Net VDD: has regular routing with opens at (4.968, 4.284) (15.336, 4.356)
Net VDD: has regular routing with opens at (21.816, 23.724) (23.112, 23.796)
Net VSS: has special routes with opens at (0.000, 0.000) (33.840, 32.400)
Net VSS: has regular routing with opens at (4.320, 26.964) (29.376, 27.036)
Net VSS: has regular routing with opens at (4.968, 22.644) (29.376, 22.716)
Net VSS: has regular routing with opens at (4.320, 20.484) (16.848, 20.556)
Net VSS: has regular routing with opens at (23.328, 18.324) (29.376, 18.396)
Net VSS: has regular routing with opens at (4.320, 14.004) (29.160, 14.076)
Net VSS: has regular routing with opens at (4.320, 11.844) (23.328, 11.916)
Net VSS: has regular routing with opens at (19.008, 9.684) (29.376, 9.756)
Net VSS: has regular routing with opens at (18.144, 7.524) (29.376, 7.596)
Net VSS: has regular routing with opens at (4.320, 7.524) (17.928, 7.596)
Net VSS: has regular routing with opens at (4.968, 5.364) (29.376, 5.436)
Net VSS: has regular routing with opens at (28.944, 24.804) (29.376, 24.876)
Net VSS: has regular routing with opens at (4.968, 24.804) (28.296, 24.876)
Net VSS: has regular routing with opens at (17.064, 20.484) (29.376, 20.556)
Net VSS: has regular routing with opens at (4.968, 18.324) (23.112, 18.396)
Net VSS: has regular routing with opens at (15.984, 16.164) (29.376, 16.236)
Net VSS: has regular routing with opens at (9.288, 16.164) (15.768, 16.236)
Net VSS: has regular routing with opens at (4.320, 16.164) (9.072, 16.236)
Net VSS: has regular routing with opens at (25.056, 11.844) (29.376, 11.916)
Net VSS: has regular routing with opens at (4.968, 9.684) (18.792, 9.756)
Net VSS: has regular routing with opens at (23.760, 11.844) (24.840, 11.916)

Begin Summary
    2 Problem(s) (IMPVFC-96): Terminal(s) are not connected.
    2 Problem(s) (IMPVFC-200): Special Wires: Pieces of the net are not connected together.
    45 Problem(s) (IMPVFC-92): Pieces of the net are not connected together.
    49 total info(s) created.
End Summary
