###############################################################
#  Generated by:      Cadence Innovus 22.17-s086_1
#  OS:                Linux x86_64(Host ID vlsiktmt)
#  Generated on:      Mon Apr 13 14:53:27 2026
#  Design:            Adder32
#  Command:           verifyMetalDensity -layer {M1 M2 M3 M4 M5 M6 M7 M8 M9} -report ./verify_rpt/verifyMetalDensity.rpt
###############################################################

Verify Density report created on Mon Apr 13 14:53:27 2026

###############################################################
# Layer       M1 - Window size      : 33.0um X 31.5um
# Layer       M1 - Window step      : 33.0um X 31.5um
# Layer       M1 - Min Density      : 30%
# Layer       M1 - Pref Density     : 50%
# Layer       M1 - Max Density      : 70%
# Layer       M1 - Ext Density      : 35%
# Layer       M2 - Window size      : 33.0um X 31.5um
# Layer       M2 - Window step      : 33.0um X 31.5um
# Layer       M2 - Min Density      : 30%
# Layer       M2 - Pref Density     : 50%
# Layer       M2 - Max Density      : 70%
# Layer       M2 - Ext Density      : 35%
# Layer       M3 - Window size      : 33.0um X 31.5um
# Layer       M3 - Window step      : 33.0um X 31.5um
# Layer       M3 - Min Density      : 30%
# Layer       M3 - Pref Density     : 50%
# Layer       M3 - Max Density      : 70%
# Layer       M3 - Ext Density      : 35%
# Layer       M4 - Window size      : 33.0um X 31.5um
# Layer       M4 - Window step      : 33.0um X 31.5um
# Layer       M4 - Min Density      : 30%
# Layer       M4 - Pref Density     : 50%
# Layer       M4 - Max Density      : 70%
# Layer       M4 - Ext Density      : 35%
# Layer       M5 - Window size      : 33.0um X 31.5um
# Layer       M5 - Window step      : 33.0um X 31.5um
# Layer       M5 - Min Density      : 60%
# Layer       M5 - Pref Density     : 65%
# Layer       M5 - Max Density      : 70%
# Layer       M5 - Ext Density      : 35%
# Layer       M6 - Window size      : 33.0um X 31.5um
# Layer       M6 - Window step      : 33.0um X 31.5um
# Layer       M6 - Min Density      : 30%
# Layer       M6 - Pref Density     : 50%
# Layer       M6 - Max Density      : 70%
# Layer       M6 - Ext Density      : 35%
# Layer       M7 - Window size      : 33.0um X 31.5um
# Layer       M7 - Window step      : 33.0um X 31.5um
# Layer       M7 - Min Density      : 30%
# Layer       M7 - Pref Density     : 50%
# Layer       M7 - Max Density      : 70%
# Layer       M7 - Ext Density      : 35%
# Layer       M8 - Window size      : 33.0um X 31.5um
# Layer       M8 - Window step      : 33.0um X 31.5um
# Layer       M8 - Min Density      : 30%
# Layer       M8 - Pref Density     : 50%
# Layer       M8 - Max Density      : 70%
# Layer       M8 - Ext Density      : 35%
# Layer       M9 - Window size      : 33.0um X 31.5um
# Layer       M9 - Window step      : 33.0um X 31.5um
# Layer       M9 - Min Density      : 30%
# Layer       M9 - Pref Density     : 50%
# Layer       M9 - Max Density      : 70%
# Layer       M9 - Ext Density      : 35%
###############################################################


    Layer    Density(%)          Window  
***************************************************

      M9        9.68    (0 0) (32.976 31.536)

      M8        9.55    (0 0) (32.976 31.536)

      M7        8.43    (0 0) (32.976 31.536)

      M6        5.17    (0 0) (32.976 31.536)

      M5        0.47    (0 0) (32.976 31.536)

      M4        0.64    (0 0) (32.976 31.536)

      M3        4.46    (0 0) (32.976 31.536)

      M2        9.10    (0 0) (32.976 31.536)

      M1       14.25    (0 0) (32.976 31.536)


A total of 9 density violation(s).
Windows < Min. Density = 9
Windows > Max. Density = 0
Windows < Min. Union. Density = 0
Windows > Max. Union. Density = 0
