============================================================
  Generated by:           Genus(TM) Synthesis Solution 22.17-s071_1
  Generated on:           Apr 09 2026  11:48:01 am
  Module:                 Multiplier32
  Operating conditions:   PVT_0P7V_25C (balanced_tree)
  Wireload mode:          enclosed
  Area mode:              timing library
============================================================

Timing
--------

Analysis view Clock Period 
---------------------------
tt            CLK   1000.0 


Analysis   Cost   Critical        Violating 
  View    Group  Path Slack  TNS    Paths   
--------------------------------------------
tt           C2C        0.1  0.0          0 
             C2O      509.0  0.0          0 
             CLK   No paths  0.0          0 
         default   No paths  0.0          0 
             I2C      610.8  0.0          0 
             I2O   No paths  0.0          0 
--------------------------------------------
Total                       -0.0          0 
                                            

Instance Count
--------------
Leaf Instance Count             3421 
Physical Instance count            0 
Sequential Instance Count        192 
Combinational Instance Count    3229 
Hierarchical Instance Count        0 

Area
----
Cell Area                          390.744
Physical Cell Area                 0.000
Total Cell Area (Cell+Physical)    390.744
Net Area                           0.000
Total Area (Cell+Physical+Net)     390.744

Max Fanout                         192 (iClk)
Min Fanout                         0 (n_206)
Average Fanout                     2.6
Terms to net ratio                 3.7563
Terms to instance ratio            3.8880
Runtime                            175.4225799999982 seconds
Elapsed Runtime                    171 seconds
Genus peak memory usage            4172.15 
Innovus peak memory usage          no_value 
Hostname                           vlsiktmt.tailff29c4.ts.net
