============================================================
  Generated by:           Genus(TM) Synthesis Solution 22.17-s071_1
  Generated on:           Apr 09 2026  11:48:01 am
  Module:                 Multiplier32
  Operating conditions:   PVT_0P7V_25C (balanced_tree)
  Wireload mode:          enclosed
  Area mode:              timing library
============================================================

                                             
          Gate            Instances   Area                    Library                 
--------------------------------------------------------------------------------------
A2O1A1Ixp33_ASAP7_75t_SL          4    0.350    asap7sc7p5t_AO_SLVT_TT_ccs_211120     
AND2x2_ASAP7_75t_SL              16    1.400    asap7sc7p5t_SIMPLE_SLVT_TT_ccs_211120 
AO21x1_ASAP7_75t_SL               5    0.437    asap7sc7p5t_AO_SLVT_TT_ccs_211120     
AO22x1_ASAP7_75t_SL              42    5.511    asap7sc7p5t_AO_SLVT_TT_ccs_211120     
AOI21xp33_ASAP7_75t_SL            6    0.437    asap7sc7p5t_AO_SLVT_TT_ccs_211120     
AOI21xp5_ASAP7_75t_L             25    1.823    asap7sc7p5t_AO_LVT_TT_ccs_211120      
AOI21xp5_ASAP7_75t_SL            14    1.021    asap7sc7p5t_AO_SLVT_TT_ccs_211120     
AOI22xp33_ASAP7_75t_SL           11    0.962    asap7sc7p5t_AO_SLVT_TT_ccs_211120     
AOI22xp5_ASAP7_75t_L             80    6.998    asap7sc7p5t_AO_LVT_TT_ccs_211120      
AOI22xp5_ASAP7_75t_SL           358   31.318    asap7sc7p5t_AO_SLVT_TT_ccs_211120     
AOI31xp33_ASAP7_75t_SL            1    0.087    asap7sc7p5t_AO_SLVT_TT_ccs_211120     
AOI321xp33_ASAP7_75t_SL           1    0.117    asap7sc7p5t_AO_SLVT_TT_ccs_211120     
BUFx2_ASAP7_75t_L                 2    0.146    asap7sc7p5t_INVBUF_LVT_TT_ccs_211120  
BUFx3_ASAP7_75t_SL                6    0.525    asap7sc7p5t_INVBUF_SLVT_TT_ccs_211120 
BUFx4_ASAP7_75t_SL                1    0.102    asap7sc7p5t_INVBUF_SLVT_TT_ccs_211120 
BUFx4f_ASAP7_75t_SL               1    0.117    asap7sc7p5t_INVBUF_SLVT_TT_ccs_211120 
DFFASRHQNx1_ASAP7_75t_L          35   13.268    asap7sc7p5t_SEQ_LVT_TT_ccs_220123     
DFFASRHQNx1_ASAP7_75t_R           1    0.379    asap7sc7p5t_SEQ_RVT_TT_ccs_220123     
DFFASRHQNx1_ASAP7_75t_SL        156   59.136    asap7sc7p5t_SEQ_SLVT_TT_ccs_220123    
FAx1_ASAP7_75t_SL               266   54.296    asap7sc7p5t_SIMPLE_SLVT_TT_ccs_211120 
HAxp5_ASAP7_75t_SL               25    3.280    asap7sc7p5t_SIMPLE_SLVT_TT_ccs_211120 
INVx1_ASAP7_75t_SL              275   12.029    asap7sc7p5t_INVBUF_SLVT_TT_ccs_211120 
INVx2_ASAP7_75t_SL                9    0.525    asap7sc7p5t_INVBUF_SLVT_TT_ccs_211120 
INVx3_ASAP7_75t_SL                4    0.292    asap7sc7p5t_INVBUF_SLVT_TT_ccs_211120 
INVxp33_ASAP7_75t_SL             19    0.831    asap7sc7p5t_INVBUF_SLVT_TT_ccs_211120 
INVxp33_ASAP7_75t_SRAM           31    1.356    asap7sc7p5t_INVBUF_SRAM_TT_ccs_211120 
INVxp67_ASAP7_75t_SL            206    9.010    asap7sc7p5t_INVBUF_SLVT_TT_ccs_211120 
MAJIxp5_ASAP7_75t_L               6    0.612    asap7sc7p5t_SIMPLE_LVT_TT_ccs_211120  
MAJIxp5_ASAP7_75t_SL            338   34.496    asap7sc7p5t_SIMPLE_SLVT_TT_ccs_211120 
MAJx2_ASAP7_75t_L                 3    0.394    asap7sc7p5t_SIMPLE_LVT_TT_ccs_211120  
MAJx2_ASAP7_75t_SL              117   15.353    asap7sc7p5t_SIMPLE_SLVT_TT_ccs_211120 
NAND2xp33_ASAP7_75t_L             9    0.525    asap7sc7p5t_SIMPLE_LVT_TT_ccs_211120  
NAND2xp33_ASAP7_75t_SL            9    0.525    asap7sc7p5t_SIMPLE_SLVT_TT_ccs_211120 
NAND2xp5_ASAP7_75t_L             31    1.808    asap7sc7p5t_SIMPLE_LVT_TT_ccs_211120  
NAND2xp5_ASAP7_75t_SL            74    4.316    asap7sc7p5t_SIMPLE_SLVT_TT_ccs_211120 
NAND3xp33_ASAP7_75t_SL            2    0.146    asap7sc7p5t_SIMPLE_SLVT_TT_ccs_211120 
NAND4xp25_ASAP7_75t_SL            1    0.087    asap7sc7p5t_SIMPLE_SLVT_TT_ccs_211120 
NOR2xp33_ASAP7_75t_SL           108    6.299    asap7sc7p5t_SIMPLE_SLVT_TT_ccs_211120 
NOR3xp33_ASAP7_75t_SL             1    0.073    asap7sc7p5t_SIMPLE_SLVT_TT_ccs_211120 
NOR4xp25_ASAP7_75t_SL             1    0.087    asap7sc7p5t_SIMPLE_SLVT_TT_ccs_211120 
O2A1O1Ixp33_ASAP7_75t_SL          8    0.700    asap7sc7p5t_OA_SLVT_TT_ccs_211120     
OA21x2_ASAP7_75t_SL               7    0.714    asap7sc7p5t_OA_SLVT_TT_ccs_211120     
OA22x2_ASAP7_75t_SL               1    0.146    asap7sc7p5t_OA_SLVT_TT_ccs_211120     
OAI21xp33_ASAP7_75t_SL            3    0.219    asap7sc7p5t_OA_SLVT_TT_ccs_211120     
OAI21xp5_ASAP7_75t_SL            43    3.135    asap7sc7p5t_OA_SLVT_TT_ccs_211120     
OAI221xp5_ASAP7_75t_SL            1    0.102    asap7sc7p5t_OA_SLVT_TT_ccs_211120     
OAI22xp33_ASAP7_75t_L             1    0.087    asap7sc7p5t_OA_LVT_TT_ccs_211120      
OAI22xp33_ASAP7_75t_SL            4    0.350    asap7sc7p5t_OA_SLVT_TT_ccs_211120     
OAI22xp5_ASAP7_75t_L             22    1.925    asap7sc7p5t_OA_LVT_TT_ccs_211120      
OAI22xp5_ASAP7_75t_SL           492   43.040    asap7sc7p5t_OA_SLVT_TT_ccs_211120     
OAI311xp33_ASAP7_75t_SL           1    0.102    asap7sc7p5t_OA_SLVT_TT_ccs_211120     
OAI321xp33_ASAP7_75t_SL           4    0.467    asap7sc7p5t_OA_SLVT_TT_ccs_211120     
OR2x2_ASAP7_75t_SL               19    1.662    asap7sc7p5t_SIMPLE_SLVT_TT_ccs_211120 
OR3x1_ASAP7_75t_SL                1    0.087    asap7sc7p5t_SIMPLE_SLVT_TT_ccs_211120 
OR4x1_ASAP7_75t_SL                1    0.102    asap7sc7p5t_SIMPLE_SLVT_TT_ccs_211120 
XNOR2xp5_ASAP7_75t_SL           299   39.235    asap7sc7p5t_SIMPLE_SLVT_TT_ccs_211120 
XOR2x2_ASAP7_75t_SL               4    0.642    asap7sc7p5t_SIMPLE_SLVT_TT_ccs_211120 
XOR2xp5_ASAP7_75t_SL            210   27.556    asap7sc7p5t_SIMPLE_SLVT_TT_ccs_211120 
--------------------------------------------------------------------------------------
total                          3421  390.744                                          


               Library                Instances   Area  Instances % 
--------------------------------------------------------------------
asap7sc7p5t_AO_LVT_TT_ccs_211120            105   8.821         3.1 
asap7sc7p5t_AO_SLVT_TT_ccs_211120           442  40.241        12.9 
asap7sc7p5t_INVBUF_LVT_TT_ccs_211120          2   0.146         0.1 
asap7sc7p5t_INVBUF_SLVT_TT_ccs_211120       521  23.430        15.2 
asap7sc7p5t_INVBUF_SRAM_TT_ccs_211120        31   1.356         0.9 
asap7sc7p5t_OA_LVT_TT_ccs_211120             23   2.012         0.7 
asap7sc7p5t_OA_SLVT_TT_ccs_211120           564  48.974        16.5 
asap7sc7p5t_SEQ_LVT_TT_ccs_220123            35  13.268         1.0 
asap7sc7p5t_SEQ_RVT_TT_ccs_220123             1   0.379         0.0 
asap7sc7p5t_SEQ_SLVT_TT_ccs_220123          156  59.136         4.6 
asap7sc7p5t_SIMPLE_LVT_TT_ccs_211120         49   3.339         1.4 
asap7sc7p5t_SIMPLE_SLVT_TT_ccs_211120      1492 189.642        43.6 

                                        
     Type      Instances   Area  Area % 
----------------------------------------
sequential           192  72.783   18.6 
inverter             544  24.042    6.2 
buffer                10   0.889    0.2 
logic               2675 293.029   75.0 
physical_cells         0   0.000    0.0 
----------------------------------------
total               3421 390.744  100.0 

