============================================================
  Generated by:           Genus(TM) Synthesis Solution 22.17-s071_1
  Generated on:           Apr 08 2026  10:13:29 pm
  Module:                 Multiplier32
  Operating conditions:   PVT_0P7V_25C (balanced_tree)
  Wireload mode:          enclosed
  Area mode:              timing library
============================================================

No paths found


============================================================
  Generated by:           Genus(TM) Synthesis Solution 22.17-s071_1
  Generated on:           Apr 08 2026  10:13:29 pm
  Module:                 Multiplier32
  Operating conditions:   PVT_0P7V_25C (balanced_tree)
  Wireload mode:          enclosed
  Area mode:              timing library
============================================================

No paths found


============================================================
  Generated by:           Genus(TM) Synthesis Solution 22.17-s071_1
  Generated on:           Apr 08 2026  10:13:29 pm
  Module:                 Multiplier32
  Operating conditions:   PVT_0P7V_25C (balanced_tree)
  Wireload mode:          enclosed
  Area mode:              timing library
============================================================


Path 1: MET (0 ps) Setup Check with Pin b_reg_reg[31]/clk->d
           View: tt
          Group: I2C
     Startpoint: (R) b[31]
          Clock: (R) CLK
       Endpoint: (R) b_reg_reg[31]/d
          Clock: (R) CLK

                     Capture       Launch     
        Clock Edge:+      10            0     
        Drv Adjust:+       0            0     
       Src Latency:+       0            0     
       Net Latency:+       2 (I)        2 (I) 
           Arrival:=      12            2     
                                              
             Setup:-       9                  
       Uncertainty:-       0                  
     Required Time:=       3                  
      Launch Clock:-       2                  
       Input Delay:-       1                  
         Data Path:-       0                  
             Slack:=       0                  

Exceptions/Constraints:
  input_delay              1              constraint.sdc_line_34_96_1 

#----------------------------------------------------------------------------------------------
#  Timing Point   Flags   Arc   Edge      Cell        Fanout Load Trans Delay Arrival Instance 
#                                                            (fF)  (ps)  (ps)   (ps)  Location 
#----------------------------------------------------------------------------------------------
  b[31]           (u)     -     R     (arrival)            1  1.0     1     0       3    (-,-) 
  b_reg_reg[31]/d -       -     R     unmapped_d_flop      1    -     -     0       3    (-,-) 
#----------------------------------------------------------------------------------------------

(u) : Net has unmapped pin(s).


============================================================
  Generated by:           Genus(TM) Synthesis Solution 22.17-s071_1
  Generated on:           Apr 08 2026  10:13:29 pm
  Module:                 Multiplier32
  Operating conditions:   PVT_0P7V_25C (balanced_tree)
  Wireload mode:          enclosed
  Area mode:              timing library
============================================================


Path 1: VIOLATED (-44 ps) Late External Delay Assertion at pin p[0]
           View: tt
          Group: C2O
     Startpoint: (R) p_reg[0]/clk
          Clock: (R) CLK
       Endpoint: (R) p[0]
          Clock: (R) CLK

                     Capture       Launch     
        Clock Edge:+      10            0     
       Src Latency:+       0            0     
       Net Latency:+       2 (I)        2 (I) 
           Arrival:=      12            2     
                                              
      Output Delay:-       4                  
       Uncertainty:-       0                  
     Required Time:=       7                  
      Launch Clock:-       2                  
         Data Path:-      49                  
             Slack:=     -44                  

Exceptions/Constraints:
  output_delay              4              constraint.sdc_line_53_377_1 

#----------------------------------------------------------------------------------------------
# Timing Point   Flags    Arc   Edge      Cell        Fanout Load Trans Delay Arrival Instance 
#                                                            (fF)  (ps)  (ps)   (ps)  Location 
#----------------------------------------------------------------------------------------------
  p_reg[0]/clk   -       -      R     (arrival)          192    -     1     0       2    (-,-) 
  p_reg[0]/q     (u)     clk->q R     unmapped_d_flop      1  0.2     0    49      51    (-,-) 
  p[0]           -       -      R     (port)               -    -     -     0      51    (-,-) 
#----------------------------------------------------------------------------------------------

(u) : Net has unmapped pin(s).


============================================================
  Generated by:           Genus(TM) Synthesis Solution 22.17-s071_1
  Generated on:           Apr 08 2026  10:13:29 pm
  Module:                 Multiplier32
  Operating conditions:   PVT_0P7V_25C (balanced_tree)
  Wireload mode:          enclosed
  Area mode:              timing library
============================================================


Path 1: VIOLATED (-482 ps) Setup Check with Pin mult_reg_reg[63]/clk->d
           View: tt
          Group: C2C
     Startpoint: (R) b_reg_reg[23]/clk
          Clock: (R) CLK
       Endpoint: (R) mult_reg_reg[63]/d
          Clock: (R) CLK

                     Capture       Launch     
        Clock Edge:+      10            0     
       Src Latency:+       0            0     
       Net Latency:+       2 (I)        2 (I) 
           Arrival:=      12            2     
                                              
             Setup:-       9                  
       Uncertainty:-       0                  
     Required Time:=       3                  
      Launch Clock:-       2                  
         Data Path:-     483                  
             Slack:=    -482                  

#---------------------------------------------------------------------------------------------------
#   Timing Point     Flags    Arc    Edge      Cell        Fanout Load Trans Delay Arrival Instance 
#                                                                 (fF)  (ps)  (ps)   (ps)  Location 
#---------------------------------------------------------------------------------------------------
  b_reg_reg[23]/clk  -       -       R     (arrival)          192    -     1     0       2    (-,-) 
  b_reg_reg[23]/q    (u)     clk->q  R     unmapped_d_flop     39 39.0     0    76      78    (-,-) 
  mul_24_31/g1789/z  (u)     in_1->z F     unmapped_xor2       34 34.0     0    37     114    (-,-) 
  mul_24_31/g1791/z  (u)     in_0->z R     unmapped_not         1  1.0     0     5     120    (-,-) 
  mul_24_31/g1792/z  (u)     in_0->z R     unmapped_and2       33 33.0     0    31     150    (-,-) 
  mul_24_31/g1831/z  (u)     in_1->z F     unmapped_nand2       1  1.0     0     8     158    (-,-) 
  mul_24_31/g1832/z  (u)     in_1->z R     unmapped_nand2       3  3.0     0    13     170    (-,-) 
  mul_24_31/g4350/z  (u)     in_1->z R     unmapped_xor2        1  1.0     0    14     184    (-,-) 
  mul_24_31/g4351/z  (u)     in_0->z R     unmapped_xor2        3  3.0     0    19     203    (-,-) 
  mul_24_31/g4378/z  (u)     in_1->z F     unmapped_nand2       1  1.0     0     8     210    (-,-) 
  mul_24_31/g4379/z  (u)     in_2->z R     unmapped_nand3       3  3.0     0    17     227    (-,-) 
  mul_24_31/g4486/z  (u)     in_1->z F     unmapped_nand2       1  1.0     0     8     234    (-,-) 
  mul_24_31/g4487/z  (u)     in_2->z R     unmapped_nand3       3  3.0     0    17     251    (-,-) 
  mul_24_31/g4584/z  (u)     in_1->z F     unmapped_nand2       1  1.0     0     8     258    (-,-) 
  mul_24_31/g4585/z  (u)     in_2->z R     unmapped_nand3       3  3.0     0    17     275    (-,-) 
  mul_24_31/g4682/z  (u)     in_1->z R     unmapped_xor2        1  1.0     0    14     289    (-,-) 
  mul_24_31/g4683/z  (u)     in_0->z R     unmapped_xor2        3  3.0     0    19     308    (-,-) 
  mul_24_31/g4688/z  (u)     in_1->z R     unmapped_xor2        1  1.0     0    14     321    (-,-) 
  mul_24_31/g4689/z  (u)     in_0->z R     unmapped_xor2        2  2.0     0    16     338    (-,-) 
  mul_24_31/g6096/z  (u)     in_1->z F     unmapped_nor2        3  3.0     0    13     350    (-,-) 
  mul_24_31/g6216/z  (u)     in_1->z R     unmapped_nor2        2  2.0     0    10     361    (-,-) 
  mul_24_31/g6342/z  (u)     in_0->z F     unmapped_not         1  1.0     0     5     366    (-,-) 
  mul_24_31/g6343/z  (u)     in_1->z R     unmapped_nor2        1  1.0     0     8     373    (-,-) 
  mul_24_31/g6345/z  (u)     in_0->z F     unmapped_nor2        5  5.0     0    16     389    (-,-) 
  mul_24_31/g6480/z  (u)     in_1->z R     unmapped_nor2        1  1.0     0     8     396    (-,-) 
  mul_24_31/g6482/z  (u)     in_0->z F     unmapped_nor2        9  9.0     0    20     416    (-,-) 
  mul_24_31/g6619/z  (u)     in_0->z R     unmapped_nor2        1  1.0     0     8     424    (-,-) 
  mul_24_31/g6621/z  (u)     in_0->z F     unmapped_nor2       16 16.0     0    25     449    (-,-) 
  mul_24_31/g6755/z  (u)     in_1->z R     unmapped_nor2        1  1.0     0     8     456    (-,-) 
  mul_24_31/g6757/z  (u)     in_0->z F     unmapped_nor2        1  1.0     0     8     464    (-,-) 
  mul_24_31/g6831/z  (u)     in_0->z R     unmapped_nand2       1  1.0     0     8     471    (-,-) 
  mul_24_31/g6985/z  (u)     in_0->z R     unmapped_xnor2       1  1.0     0    14     485    (-,-) 
  mult_reg_reg[63]/d -       -       R     unmapped_d_flop      1    -     -     0     485    (-,-) 
#---------------------------------------------------------------------------------------------------

(u) : Net has unmapped pin(s).


============================================================
  Generated by:           Genus(TM) Synthesis Solution 22.17-s071_1
  Generated on:           Apr 08 2026  10:13:29 pm
  Module:                 Multiplier32
  Operating conditions:   PVT_0P7V_25C (balanced_tree)
  Wireload mode:          enclosed
  Area mode:              timing library
============================================================

No paths found


============================================================
  Generated by:           Genus(TM) Synthesis Solution 22.17-s071_1
  Generated on:           Apr 08 2026  11:13:32 pm
  Module:                 Multiplier32
  Operating conditions:   PVT_0P7V_25C (balanced_tree)
  Wireload mode:          enclosed
  Area mode:              timing library
============================================================

No paths found


============================================================
  Generated by:           Genus(TM) Synthesis Solution 22.17-s071_1
  Generated on:           Apr 08 2026  11:13:32 pm
  Module:                 Multiplier32
  Operating conditions:   PVT_0P7V_25C (balanced_tree)
  Wireload mode:          enclosed
  Area mode:              timing library
============================================================

No paths found


============================================================
  Generated by:           Genus(TM) Synthesis Solution 22.17-s071_1
  Generated on:           Apr 08 2026  11:13:32 pm
  Module:                 Multiplier32
  Operating conditions:   PVT_0P7V_25C (balanced_tree)
  Wireload mode:          enclosed
  Area mode:              timing library
============================================================


Path 1: MET (0 ps) Setup Check with Pin b_reg_reg[31]/clk->d
           View: tt
          Group: I2C
     Startpoint: (R) b[31]
          Clock: (R) CLK
       Endpoint: (R) b_reg_reg[31]/d
          Clock: (R) CLK

                     Capture       Launch     
        Clock Edge:+      10            0     
        Drv Adjust:+       0            0     
       Src Latency:+       0            0     
       Net Latency:+       2 (I)        2 (I) 
           Arrival:=      12            2     
                                              
             Setup:-       9                  
       Uncertainty:-       0                  
     Required Time:=       3                  
      Launch Clock:-       2                  
       Input Delay:-       1                  
         Data Path:-       0                  
             Slack:=       0                  

Exceptions/Constraints:
  input_delay              1              constraint.sdc_line_34_96_1 

#----------------------------------------------------------------------------------------------
#  Timing Point   Flags   Arc   Edge      Cell        Fanout Load Trans Delay Arrival Instance 
#                                                            (fF)  (ps)  (ps)   (ps)  Location 
#----------------------------------------------------------------------------------------------
  b[31]           (u)     -     R     (arrival)            1  1.0     1     0       3    (-,-) 
  b_reg_reg[31]/d -       -     R     unmapped_d_flop      1    -     -     0       3    (-,-) 
#----------------------------------------------------------------------------------------------

(u) : Net has unmapped pin(s).


============================================================
  Generated by:           Genus(TM) Synthesis Solution 22.17-s071_1
  Generated on:           Apr 08 2026  11:13:32 pm
  Module:                 Multiplier32
  Operating conditions:   PVT_0P7V_25C (balanced_tree)
  Wireload mode:          enclosed
  Area mode:              timing library
============================================================


Path 1: VIOLATED (-44 ps) Late External Delay Assertion at pin p[0]
           View: tt
          Group: C2O
     Startpoint: (R) p_reg[0]/clk
          Clock: (R) CLK
       Endpoint: (R) p[0]
          Clock: (R) CLK

                     Capture       Launch     
        Clock Edge:+      10            0     
       Src Latency:+       0            0     
       Net Latency:+       2 (I)        2 (I) 
           Arrival:=      12            2     
                                              
      Output Delay:-       4                  
       Uncertainty:-       0                  
     Required Time:=       7                  
      Launch Clock:-       2                  
         Data Path:-      49                  
             Slack:=     -44                  

Exceptions/Constraints:
  output_delay              4              constraint.sdc_line_53_377_1 

#----------------------------------------------------------------------------------------------
# Timing Point   Flags    Arc   Edge      Cell        Fanout Load Trans Delay Arrival Instance 
#                                                            (fF)  (ps)  (ps)   (ps)  Location 
#----------------------------------------------------------------------------------------------
  p_reg[0]/clk   -       -      R     (arrival)          192    -     1     0       2    (-,-) 
  p_reg[0]/q     (u)     clk->q R     unmapped_d_flop      1  0.2     0    49      51    (-,-) 
  p[0]           -       -      R     (port)               -    -     -     0      51    (-,-) 
#----------------------------------------------------------------------------------------------

(u) : Net has unmapped pin(s).


============================================================
  Generated by:           Genus(TM) Synthesis Solution 22.17-s071_1
  Generated on:           Apr 08 2026  11:13:32 pm
  Module:                 Multiplier32
  Operating conditions:   PVT_0P7V_25C (balanced_tree)
  Wireload mode:          enclosed
  Area mode:              timing library
============================================================


Path 1: VIOLATED (-482 ps) Setup Check with Pin mult_reg_reg[63]/clk->d
           View: tt
          Group: C2C
     Startpoint: (R) b_reg_reg[23]/clk
          Clock: (R) CLK
       Endpoint: (R) mult_reg_reg[63]/d
          Clock: (R) CLK

                     Capture       Launch     
        Clock Edge:+      10            0     
       Src Latency:+       0            0     
       Net Latency:+       2 (I)        2 (I) 
           Arrival:=      12            2     
                                              
             Setup:-       9                  
       Uncertainty:-       0                  
     Required Time:=       3                  
      Launch Clock:-       2                  
         Data Path:-     483                  
             Slack:=    -482                  

#---------------------------------------------------------------------------------------------------
#   Timing Point     Flags    Arc    Edge      Cell        Fanout Load Trans Delay Arrival Instance 
#                                                                 (fF)  (ps)  (ps)   (ps)  Location 
#---------------------------------------------------------------------------------------------------
  b_reg_reg[23]/clk  -       -       R     (arrival)          192    -     1     0       2    (-,-) 
  b_reg_reg[23]/q    (u)     clk->q  R     unmapped_d_flop     39 39.0     0    76      78    (-,-) 
  mul_24_31/g1789/z  (u)     in_1->z F     unmapped_xor2       34 34.0     0    37     114    (-,-) 
  mul_24_31/g1791/z  (u)     in_0->z R     unmapped_not         1  1.0     0     5     120    (-,-) 
  mul_24_31/g1792/z  (u)     in_0->z R     unmapped_and2       33 33.0     0    31     150    (-,-) 
  mul_24_31/g1831/z  (u)     in_1->z F     unmapped_nand2       1  1.0     0     8     158    (-,-) 
  mul_24_31/g1832/z  (u)     in_1->z R     unmapped_nand2       3  3.0     0    13     170    (-,-) 
  mul_24_31/g4350/z  (u)     in_1->z R     unmapped_xor2        1  1.0     0    14     184    (-,-) 
  mul_24_31/g4351/z  (u)     in_0->z R     unmapped_xor2        3  3.0     0    19     203    (-,-) 
  mul_24_31/g4378/z  (u)     in_1->z F     unmapped_nand2       1  1.0     0     8     210    (-,-) 
  mul_24_31/g4379/z  (u)     in_2->z R     unmapped_nand3       3  3.0     0    17     227    (-,-) 
  mul_24_31/g4486/z  (u)     in_1->z F     unmapped_nand2       1  1.0     0     8     234    (-,-) 
  mul_24_31/g4487/z  (u)     in_2->z R     unmapped_nand3       3  3.0     0    17     251    (-,-) 
  mul_24_31/g4584/z  (u)     in_1->z F     unmapped_nand2       1  1.0     0     8     258    (-,-) 
  mul_24_31/g4585/z  (u)     in_2->z R     unmapped_nand3       3  3.0     0    17     275    (-,-) 
  mul_24_31/g4682/z  (u)     in_1->z R     unmapped_xor2        1  1.0     0    14     289    (-,-) 
  mul_24_31/g4683/z  (u)     in_0->z R     unmapped_xor2        3  3.0     0    19     308    (-,-) 
  mul_24_31/g4688/z  (u)     in_1->z R     unmapped_xor2        1  1.0     0    14     321    (-,-) 
  mul_24_31/g4689/z  (u)     in_0->z R     unmapped_xor2        2  2.0     0    16     338    (-,-) 
  mul_24_31/g6096/z  (u)     in_1->z F     unmapped_nor2        3  3.0     0    13     350    (-,-) 
  mul_24_31/g6216/z  (u)     in_1->z R     unmapped_nor2        2  2.0     0    10     361    (-,-) 
  mul_24_31/g6342/z  (u)     in_0->z F     unmapped_not         1  1.0     0     5     366    (-,-) 
  mul_24_31/g6343/z  (u)     in_1->z R     unmapped_nor2        1  1.0     0     8     373    (-,-) 
  mul_24_31/g6345/z  (u)     in_0->z F     unmapped_nor2        5  5.0     0    16     389    (-,-) 
  mul_24_31/g6480/z  (u)     in_1->z R     unmapped_nor2        1  1.0     0     8     396    (-,-) 
  mul_24_31/g6482/z  (u)     in_0->z F     unmapped_nor2        9  9.0     0    20     416    (-,-) 
  mul_24_31/g6619/z  (u)     in_0->z R     unmapped_nor2        1  1.0     0     8     424    (-,-) 
  mul_24_31/g6621/z  (u)     in_0->z F     unmapped_nor2       16 16.0     0    25     449    (-,-) 
  mul_24_31/g6755/z  (u)     in_1->z R     unmapped_nor2        1  1.0     0     8     456    (-,-) 
  mul_24_31/g6757/z  (u)     in_0->z F     unmapped_nor2        1  1.0     0     8     464    (-,-) 
  mul_24_31/g6831/z  (u)     in_0->z R     unmapped_nand2       1  1.0     0     8     471    (-,-) 
  mul_24_31/g6985/z  (u)     in_0->z R     unmapped_xnor2       1  1.0     0    14     485    (-,-) 
  mult_reg_reg[63]/d -       -       R     unmapped_d_flop      1    -     -     0     485    (-,-) 
#---------------------------------------------------------------------------------------------------

(u) : Net has unmapped pin(s).


============================================================
  Generated by:           Genus(TM) Synthesis Solution 22.17-s071_1
  Generated on:           Apr 08 2026  11:13:32 pm
  Module:                 Multiplier32
  Operating conditions:   PVT_0P7V_25C (balanced_tree)
  Wireload mode:          enclosed
  Area mode:              timing library
============================================================

No paths found


============================================================
  Generated by:           Genus(TM) Synthesis Solution 22.17-s071_1
  Generated on:           Apr 08 2026  11:24:09 pm
  Module:                 Multiplier32
  Operating conditions:   PVT_0P7V_25C (balanced_tree)
  Wireload mode:          enclosed
  Area mode:              timing library
============================================================

No paths found


============================================================
  Generated by:           Genus(TM) Synthesis Solution 22.17-s071_1
  Generated on:           Apr 08 2026  11:24:10 pm
  Module:                 Multiplier32
  Operating conditions:   PVT_0P7V_25C (balanced_tree)
  Wireload mode:          enclosed
  Area mode:              timing library
============================================================

No paths found


============================================================
  Generated by:           Genus(TM) Synthesis Solution 22.17-s071_1
  Generated on:           Apr 08 2026  11:24:10 pm
  Module:                 Multiplier32
  Operating conditions:   PVT_0P7V_25C (balanced_tree)
  Wireload mode:          enclosed
  Area mode:              timing library
============================================================


Path 1: MET (0 ps) Setup Check with Pin b_reg_reg[31]/clk->d
           View: tt
          Group: I2C
     Startpoint: (R) b[31]
          Clock: (R) CLK
       Endpoint: (R) b_reg_reg[31]/d
          Clock: (R) CLK

                     Capture       Launch     
        Clock Edge:+      10            0     
        Drv Adjust:+       0            0     
       Src Latency:+       0            0     
       Net Latency:+       2 (I)        2 (I) 
           Arrival:=      12            2     
                                              
             Setup:-       9                  
       Uncertainty:-       0                  
     Required Time:=       3                  
      Launch Clock:-       2                  
       Input Delay:-       1                  
         Data Path:-       0                  
             Slack:=       0                  

Exceptions/Constraints:
  input_delay              1              constraint.sdc_line_34_96_1 

#----------------------------------------------------------------------------------------------
#  Timing Point   Flags   Arc   Edge      Cell        Fanout Load Trans Delay Arrival Instance 
#                                                            (fF)  (ps)  (ps)   (ps)  Location 
#----------------------------------------------------------------------------------------------
  b[31]           (u)     -     R     (arrival)            1  1.0     1     0       3    (-,-) 
  b_reg_reg[31]/d -       -     R     unmapped_d_flop      1    -     -     0       3    (-,-) 
#----------------------------------------------------------------------------------------------

(u) : Net has unmapped pin(s).


============================================================
  Generated by:           Genus(TM) Synthesis Solution 22.17-s071_1
  Generated on:           Apr 08 2026  11:24:10 pm
  Module:                 Multiplier32
  Operating conditions:   PVT_0P7V_25C (balanced_tree)
  Wireload mode:          enclosed
  Area mode:              timing library
============================================================


Path 1: VIOLATED (-44 ps) Late External Delay Assertion at pin p[0]
           View: tt
          Group: C2O
     Startpoint: (R) p_reg[0]/clk
          Clock: (R) CLK
       Endpoint: (R) p[0]
          Clock: (R) CLK

                     Capture       Launch     
        Clock Edge:+      10            0     
       Src Latency:+       0            0     
       Net Latency:+       2 (I)        2 (I) 
           Arrival:=      12            2     
                                              
      Output Delay:-       4                  
       Uncertainty:-       0                  
     Required Time:=       7                  
      Launch Clock:-       2                  
         Data Path:-      49                  
             Slack:=     -44                  

Exceptions/Constraints:
  output_delay              4              constraint.sdc_line_53_377_1 

#----------------------------------------------------------------------------------------------
# Timing Point   Flags    Arc   Edge      Cell        Fanout Load Trans Delay Arrival Instance 
#                                                            (fF)  (ps)  (ps)   (ps)  Location 
#----------------------------------------------------------------------------------------------
  p_reg[0]/clk   -       -      R     (arrival)          192    -     1     0       2    (-,-) 
  p_reg[0]/q     (u)     clk->q R     unmapped_d_flop      1  0.2     0    49      51    (-,-) 
  p[0]           -       -      R     (port)               -    -     -     0      51    (-,-) 
#----------------------------------------------------------------------------------------------

(u) : Net has unmapped pin(s).


============================================================
  Generated by:           Genus(TM) Synthesis Solution 22.17-s071_1
  Generated on:           Apr 08 2026  11:24:10 pm
  Module:                 Multiplier32
  Operating conditions:   PVT_0P7V_25C (balanced_tree)
  Wireload mode:          enclosed
  Area mode:              timing library
============================================================


Path 1: VIOLATED (-482 ps) Setup Check with Pin mult_reg_reg[63]/clk->d
           View: tt
          Group: C2C
     Startpoint: (R) b_reg_reg[23]/clk
          Clock: (R) CLK
       Endpoint: (R) mult_reg_reg[63]/d
          Clock: (R) CLK

                     Capture       Launch     
        Clock Edge:+      10            0     
       Src Latency:+       0            0     
       Net Latency:+       2 (I)        2 (I) 
           Arrival:=      12            2     
                                              
             Setup:-       9                  
       Uncertainty:-       0                  
     Required Time:=       3                  
      Launch Clock:-       2                  
         Data Path:-     483                  
             Slack:=    -482                  

#---------------------------------------------------------------------------------------------------
#   Timing Point     Flags    Arc    Edge      Cell        Fanout Load Trans Delay Arrival Instance 
#                                                                 (fF)  (ps)  (ps)   (ps)  Location 
#---------------------------------------------------------------------------------------------------
  b_reg_reg[23]/clk  -       -       R     (arrival)          192    -     1     0       2    (-,-) 
  b_reg_reg[23]/q    (u)     clk->q  R     unmapped_d_flop     39 39.0     0    76      78    (-,-) 
  mul_24_31/g1789/z  (u)     in_1->z F     unmapped_xor2       34 34.0     0    37     114    (-,-) 
  mul_24_31/g1791/z  (u)     in_0->z R     unmapped_not         1  1.0     0     5     120    (-,-) 
  mul_24_31/g1792/z  (u)     in_0->z R     unmapped_and2       33 33.0     0    31     150    (-,-) 
  mul_24_31/g1831/z  (u)     in_1->z F     unmapped_nand2       1  1.0     0     8     158    (-,-) 
  mul_24_31/g1832/z  (u)     in_1->z R     unmapped_nand2       3  3.0     0    13     170    (-,-) 
  mul_24_31/g4350/z  (u)     in_1->z R     unmapped_xor2        1  1.0     0    14     184    (-,-) 
  mul_24_31/g4351/z  (u)     in_0->z R     unmapped_xor2        3  3.0     0    19     203    (-,-) 
  mul_24_31/g4378/z  (u)     in_1->z F     unmapped_nand2       1  1.0     0     8     210    (-,-) 
  mul_24_31/g4379/z  (u)     in_2->z R     unmapped_nand3       3  3.0     0    17     227    (-,-) 
  mul_24_31/g4486/z  (u)     in_1->z F     unmapped_nand2       1  1.0     0     8     234    (-,-) 
  mul_24_31/g4487/z  (u)     in_2->z R     unmapped_nand3       3  3.0     0    17     251    (-,-) 
  mul_24_31/g4584/z  (u)     in_1->z F     unmapped_nand2       1  1.0     0     8     258    (-,-) 
  mul_24_31/g4585/z  (u)     in_2->z R     unmapped_nand3       3  3.0     0    17     275    (-,-) 
  mul_24_31/g4682/z  (u)     in_1->z R     unmapped_xor2        1  1.0     0    14     289    (-,-) 
  mul_24_31/g4683/z  (u)     in_0->z R     unmapped_xor2        3  3.0     0    19     308    (-,-) 
  mul_24_31/g4688/z  (u)     in_1->z R     unmapped_xor2        1  1.0     0    14     321    (-,-) 
  mul_24_31/g4689/z  (u)     in_0->z R     unmapped_xor2        2  2.0     0    16     338    (-,-) 
  mul_24_31/g6096/z  (u)     in_1->z F     unmapped_nor2        3  3.0     0    13     350    (-,-) 
  mul_24_31/g6216/z  (u)     in_1->z R     unmapped_nor2        2  2.0     0    10     361    (-,-) 
  mul_24_31/g6342/z  (u)     in_0->z F     unmapped_not         1  1.0     0     5     366    (-,-) 
  mul_24_31/g6343/z  (u)     in_1->z R     unmapped_nor2        1  1.0     0     8     373    (-,-) 
  mul_24_31/g6345/z  (u)     in_0->z F     unmapped_nor2        5  5.0     0    16     389    (-,-) 
  mul_24_31/g6480/z  (u)     in_1->z R     unmapped_nor2        1  1.0     0     8     396    (-,-) 
  mul_24_31/g6482/z  (u)     in_0->z F     unmapped_nor2        9  9.0     0    20     416    (-,-) 
  mul_24_31/g6619/z  (u)     in_0->z R     unmapped_nor2        1  1.0     0     8     424    (-,-) 
  mul_24_31/g6621/z  (u)     in_0->z F     unmapped_nor2       16 16.0     0    25     449    (-,-) 
  mul_24_31/g6755/z  (u)     in_1->z R     unmapped_nor2        1  1.0     0     8     456    (-,-) 
  mul_24_31/g6757/z  (u)     in_0->z F     unmapped_nor2        1  1.0     0     8     464    (-,-) 
  mul_24_31/g6831/z  (u)     in_0->z R     unmapped_nand2       1  1.0     0     8     471    (-,-) 
  mul_24_31/g6985/z  (u)     in_0->z R     unmapped_xnor2       1  1.0     0    14     485    (-,-) 
  mult_reg_reg[63]/d -       -       R     unmapped_d_flop      1    -     -     0     485    (-,-) 
#---------------------------------------------------------------------------------------------------

(u) : Net has unmapped pin(s).


============================================================
  Generated by:           Genus(TM) Synthesis Solution 22.17-s071_1
  Generated on:           Apr 08 2026  11:24:10 pm
  Module:                 Multiplier32
  Operating conditions:   PVT_0P7V_25C (balanced_tree)
  Wireload mode:          enclosed
  Area mode:              timing library
============================================================

No paths found


============================================================
  Generated by:           Genus(TM) Synthesis Solution 22.17-s071_1
  Generated on:           Apr 09 2026  11:46:10 am
  Module:                 Multiplier32
  Operating conditions:   PVT_0P7V_25C (balanced_tree)
  Wireload mode:          enclosed
  Area mode:              timing library
============================================================

No paths found


============================================================
  Generated by:           Genus(TM) Synthesis Solution 22.17-s071_1
  Generated on:           Apr 09 2026  11:46:10 am
  Module:                 Multiplier32
  Operating conditions:   PVT_0P7V_25C (balanced_tree)
  Wireload mode:          enclosed
  Area mode:              timing library
============================================================

No paths found


============================================================
  Generated by:           Genus(TM) Synthesis Solution 22.17-s071_1
  Generated on:           Apr 09 2026  11:46:10 am
  Module:                 Multiplier32
  Operating conditions:   PVT_0P7V_25C (balanced_tree)
  Wireload mode:          enclosed
  Area mode:              timing library
============================================================


Path 1: MET (621 ps) Setup Check with Pin b_reg_reg[31]/clk->d
           View: tt
          Group: I2C
     Startpoint: (R) b[31]
          Clock: (R) CLK
       Endpoint: (R) b_reg_reg[31]/d
          Clock: (R) CLK

                     Capture       Launch     
        Clock Edge:+    1000            0     
        Drv Adjust:+       0            0     
       Src Latency:+       0            0     
       Net Latency:+     150 (I)      150 (I) 
           Arrival:=    1150          150     
                                              
             Setup:-       9                  
       Uncertainty:-      50                  
     Required Time:=    1091                  
      Launch Clock:-     150                  
       Input Delay:-     320                  
         Data Path:-       0                  
             Slack:=     621                  

Exceptions/Constraints:
  input_delay             320             constraint.sdc_line_28_96_1 

#----------------------------------------------------------------------------------------------
#  Timing Point   Flags   Arc   Edge      Cell        Fanout Load Trans Delay Arrival Instance 
#                                                            (fF)  (ps)  (ps)   (ps)  Location 
#----------------------------------------------------------------------------------------------
  b[31]           (u)     -     R     (arrival)            1  6.0    40     0     470    (-,-) 
  b_reg_reg[31]/d -       -     R     unmapped_d_flop      1    -     -     0     470    (-,-) 
#----------------------------------------------------------------------------------------------

(u) : Net has unmapped pin(s).


============================================================
  Generated by:           Genus(TM) Synthesis Solution 22.17-s071_1
  Generated on:           Apr 09 2026  11:46:10 am
  Module:                 Multiplier32
  Operating conditions:   PVT_0P7V_25C (balanced_tree)
  Wireload mode:          enclosed
  Area mode:              timing library
============================================================


Path 1: MET (515 ps) Late External Delay Assertion at pin p[0]
           View: tt
          Group: C2O
     Startpoint: (R) p_reg[0]/clk
          Clock: (R) CLK
       Endpoint: (R) p[0]
          Clock: (R) CLK

                     Capture       Launch     
        Clock Edge:+    1000            0     
       Src Latency:+       0            0     
       Net Latency:+     150 (I)      150 (I) 
           Arrival:=    1150          150     
                                              
      Output Delay:-     370                  
       Uncertainty:-      50                  
     Required Time:=     730                  
      Launch Clock:-     150                  
         Data Path:-      65                  
             Slack:=     515                  

Exceptions/Constraints:
  output_delay             370             constraint.sdc_line_41_377_1 

#----------------------------------------------------------------------------------------------
# Timing Point   Flags    Arc   Edge      Cell        Fanout Load Trans Delay Arrival Instance 
#                                                            (fF)  (ps)  (ps)   (ps)  Location 
#----------------------------------------------------------------------------------------------
  p_reg[0]/clk   -       -      R     (arrival)          192    -    40     0     150    (-,-) 
  p_reg[0]/q     (u)     clk->q R     unmapped_d_flop      1 10.0     0    65     215    (-,-) 
  p[0]           -       -      R     (port)               -    -     -     0     215    (-,-) 
#----------------------------------------------------------------------------------------------

(u) : Net has unmapped pin(s).


============================================================
  Generated by:           Genus(TM) Synthesis Solution 22.17-s071_1
  Generated on:           Apr 09 2026  11:46:10 am
  Module:                 Multiplier32
  Operating conditions:   PVT_0P7V_25C (balanced_tree)
  Wireload mode:          enclosed
  Area mode:              timing library
============================================================


Path 1: MET (458 ps) Setup Check with Pin mult_reg_reg[63]/clk->d
           View: tt
          Group: C2C
     Startpoint: (R) b_reg_reg[23]/clk
          Clock: (R) CLK
       Endpoint: (R) mult_reg_reg[63]/d
          Clock: (R) CLK

                     Capture       Launch     
        Clock Edge:+    1000            0     
       Src Latency:+       0            0     
       Net Latency:+     150 (I)      150 (I) 
           Arrival:=    1150          150     
                                              
             Setup:-       9                  
       Uncertainty:-      50                  
     Required Time:=    1091                  
      Launch Clock:-     150                  
         Data Path:-     483                  
             Slack:=     458                  

#---------------------------------------------------------------------------------------------------
#   Timing Point     Flags    Arc    Edge      Cell        Fanout Load Trans Delay Arrival Instance 
#                                                                 (fF)  (ps)  (ps)   (ps)  Location 
#---------------------------------------------------------------------------------------------------
  b_reg_reg[23]/clk  -       -       R     (arrival)          192    -    40     0     150    (-,-) 
  b_reg_reg[23]/q    (u)     clk->q  R     unmapped_d_flop     39 39.0     0    76     226    (-,-) 
  mul_24_31/g1789/z  (u)     in_1->z F     unmapped_xor2       34 34.0     0    37     262    (-,-) 
  mul_24_31/g1791/z  (u)     in_0->z R     unmapped_not         1  1.0     0     5     268    (-,-) 
  mul_24_31/g1792/z  (u)     in_0->z R     unmapped_and2       33 33.0     0    31     298    (-,-) 
  mul_24_31/g1831/z  (u)     in_1->z F     unmapped_nand2       1  1.0     0     8     306    (-,-) 
  mul_24_31/g1832/z  (u)     in_1->z R     unmapped_nand2       3  3.0     0    13     318    (-,-) 
  mul_24_31/g4350/z  (u)     in_1->z R     unmapped_xor2        1  1.0     0    14     332    (-,-) 
  mul_24_31/g4351/z  (u)     in_0->z R     unmapped_xor2        3  3.0     0    19     351    (-,-) 
  mul_24_31/g4378/z  (u)     in_1->z F     unmapped_nand2       1  1.0     0     8     358    (-,-) 
  mul_24_31/g4379/z  (u)     in_2->z R     unmapped_nand3       3  3.0     0    17     375    (-,-) 
  mul_24_31/g4486/z  (u)     in_1->z F     unmapped_nand2       1  1.0     0     8     382    (-,-) 
  mul_24_31/g4487/z  (u)     in_2->z R     unmapped_nand3       3  3.0     0    17     399    (-,-) 
  mul_24_31/g4584/z  (u)     in_1->z F     unmapped_nand2       1  1.0     0     8     406    (-,-) 
  mul_24_31/g4585/z  (u)     in_2->z R     unmapped_nand3       3  3.0     0    17     423    (-,-) 
  mul_24_31/g4682/z  (u)     in_1->z R     unmapped_xor2        1  1.0     0    14     437    (-,-) 
  mul_24_31/g4683/z  (u)     in_0->z R     unmapped_xor2        3  3.0     0    19     456    (-,-) 
  mul_24_31/g4688/z  (u)     in_1->z R     unmapped_xor2        1  1.0     0    14     469    (-,-) 
  mul_24_31/g4689/z  (u)     in_0->z R     unmapped_xor2        2  2.0     0    16     486    (-,-) 
  mul_24_31/g6096/z  (u)     in_1->z F     unmapped_nor2        3  3.0     0    13     498    (-,-) 
  mul_24_31/g6216/z  (u)     in_1->z R     unmapped_nor2        2  2.0     0    10     509    (-,-) 
  mul_24_31/g6342/z  (u)     in_0->z F     unmapped_not         1  1.0     0     5     514    (-,-) 
  mul_24_31/g6343/z  (u)     in_1->z R     unmapped_nor2        1  1.0     0     8     521    (-,-) 
  mul_24_31/g6345/z  (u)     in_0->z F     unmapped_nor2        5  5.0     0    16     537    (-,-) 
  mul_24_31/g6480/z  (u)     in_1->z R     unmapped_nor2        1  1.0     0     8     544    (-,-) 
  mul_24_31/g6482/z  (u)     in_0->z F     unmapped_nor2        9  9.0     0    20     564    (-,-) 
  mul_24_31/g6619/z  (u)     in_0->z R     unmapped_nor2        1  1.0     0     8     572    (-,-) 
  mul_24_31/g6621/z  (u)     in_0->z F     unmapped_nor2       16 16.0     0    25     597    (-,-) 
  mul_24_31/g6755/z  (u)     in_1->z R     unmapped_nor2        1  1.0     0     8     604    (-,-) 
  mul_24_31/g6757/z  (u)     in_0->z F     unmapped_nor2        1  1.0     0     8     612    (-,-) 
  mul_24_31/g6831/z  (u)     in_0->z R     unmapped_nand2       1  1.0     0     8     619    (-,-) 
  mul_24_31/g6985/z  (u)     in_0->z R     unmapped_xnor2       1  1.0     0    14     633    (-,-) 
  mult_reg_reg[63]/d -       -       R     unmapped_d_flop      1    -     -     0     633    (-,-) 
#---------------------------------------------------------------------------------------------------

(u) : Net has unmapped pin(s).


============================================================
  Generated by:           Genus(TM) Synthesis Solution 22.17-s071_1
  Generated on:           Apr 09 2026  11:46:10 am
  Module:                 Multiplier32
  Operating conditions:   PVT_0P7V_25C (balanced_tree)
  Wireload mode:          enclosed
  Area mode:              timing library
============================================================

No paths found


