============================================================
  Generated by:           Genus(TM) Synthesis Solution 22.17-s071_1
  Generated on:           Apr 09 2026  11:48:02 am
  Module:                 Multiplier32
  Operating conditions:   PVT_0P7V_25C (balanced_tree)
  Wireload mode:          enclosed
  Area mode:              timing library
============================================================


Path 1: MET (0 ps) Setup Check with Pin mult_reg_reg[63]/CLK->D
           View: tt
          Group: C2C
     Startpoint: (R) b_reg_reg[21]/CLK
          Clock: (R) CLK
       Endpoint: (R) mult_reg_reg[63]/D
          Clock: (R) CLK

                     Capture       Launch     
        Clock Edge:+    1000            0     
       Src Latency:+       0            0     
       Net Latency:+     150 (I)      150 (I) 
           Arrival:=    1150          150     
                                              
             Setup:-      11                  
       Uncertainty:-      50                  
     Required Time:=    1089                  
      Launch Clock:-     150                  
         Data Path:-     939                  
             Slack:=       0                  

#------------------------------------------------------------------------------------------------------------------
#      Timing Point        Flags    Arc    Edge           Cell            Fanout Load Trans Delay Arrival Instance 
#                                                                                (fF)  (ps)  (ps)   (ps)  Location 
#------------------------------------------------------------------------------------------------------------------
  b_reg_reg[21]/CLK        -       -       R     (arrival)                   192    -    40     0     150    (-,-) 
  b_reg_reg[21]/QN         -       CLK->QN R     DFFASRHQNx1_ASAP7_75t_SL     38 23.2   160   110     260    (-,-) 
  mul_24_31_g28112/SN      -       B->SN   R     HAxp5_ASAP7_75t_SL           18 10.7   160   133     393    (-,-) 
  mul_24_31_g27321/Y       -       A->Y    F     INVx1_ASAP7_75t_SL           18 10.8    94    53     446    (-,-) 
  mul_24_31_g26812/Y       -       B1->Y   R     AOI22xp5_ASAP7_75t_SL         2  2.3    58    37     483    (-,-) 
  mul_24_31_g26312/Y       -       B->Y    R     MAJx2_ASAP7_75t_SL            2  2.3    14    26     509    (-,-) 
  mul_24_31_g25967/Y       -       B->Y    R     XOR2xp5_ASAP7_75t_SL          1  1.1    23    18     527    (-,-) 
  mul_24_31_g25703__7410/Y -       A->Y    R     XOR2xp5_ASAP7_75t_SL          2  1.5    32    22     549    (-,-) 
  mul_24_31_g25483__4733/Y -       B->Y    R     XNOR2xp5_ASAP7_75t_SL         1  1.1    28    15     564    (-,-) 
  mul_24_31_g25333__9315/Y -       B->Y    R     XOR2xp5_ASAP7_75t_SL          2  2.6    45    27     591    (-,-) 
  g28204/SN                -       A->SN   F     FAx1_ASAP7_75t_SL             2  1.6    40    40     631    (-,-) 
  mul_24_31_g24992__8428/Y -       B->Y    R     XNOR2xp5_ASAP7_75t_SL         3  1.3    32    20     652    (-,-) 
  mul_24_31_g24944__9945/Y -       B->Y    F     NOR2xp33_ASAP7_75t_SL         3  1.6    36    22     673    (-,-) 
  mul_24_31_g24838__4733/Y -       A1->Y   R     OAI21xp5_ASAP7_75t_SL         2  1.3    27    16     689    (-,-) 
  mul_24_31_g24827/Y       -       A->Y    F     INVx1_ASAP7_75t_SL            1  0.6    10     6     694    (-,-) 
  mul_24_31_g24790__3680/Y -       A2->Y   F     OA21x2_ASAP7_75t_SL           1  0.6     9    15     710    (-,-) 
  mul_24_31_g24753__5107/Y -       B2->Y   R     OAI321xp33_ASAP7_75t_SL       4  2.3    63    28     737    (-,-) 
  mul_24_31_g24746__2346/Y -       A->Y    F     NAND2xp33_ASAP7_75t_L         1  0.6    22    12     749    (-,-) 
  mul_24_31_g24740__7482/Y -       A1->Y   R     OAI321xp33_ASAP7_75t_SL       2  1.2    46    23     772    (-,-) 
  mul_24_31_g24739/Y       -       A->Y    F     INVx1_ASAP7_75t_SL            3  2.2    23    13     786    (-,-) 
  mul_24_31_g24732__1705/Y -       A1->Y   R     OAI321xp33_ASAP7_75t_SL       3  2.1    59    31     816    (-,-) 
  mul_24_31_g24731/Y       -       A->Y    F     INVx1_ASAP7_75t_SL            2  1.2    20     9     825    (-,-) 
  mul_24_31_g24720__5477/Y -       A1->Y   R     OAI311xp33_ASAP7_75t_SL       2  1.6    45    25     850    (-,-) 
  mul_24_31_g24715__2883/Y -       A->Y    F     NAND2xp5_ASAP7_75t_L          3  1.7    26    16     866    (-,-) 
  mul_24_31_g24710__7482/Y -       A->Y    R     NOR4xp25_ASAP7_75t_SL         1  0.6    37    18     884    (-,-) 
  mul_24_31_g24704__5122/Y -       A->Y    F     NOR3xp33_ASAP7_75t_SL         3  1.7    24    15     900    (-,-) 
  mul_24_31_g24693__5107/Y -       A1->Y   R     OAI321xp33_ASAP7_75t_SL       3  1.9    54    29     929    (-,-) 
  mul_24_31_g24692__2398/Y -       A->Y    F     NAND2xp5_ASAP7_75t_L          2  1.0    21    12     941    (-,-) 
  mul_24_31_g24684__9315/Y -       A1->Y   R     OAI221xp5_ASAP7_75t_SL        3  2.0    54    30     971    (-,-) 
  mul_24_31_g24679__1881/Y -       A1->Y   F     AOI321xp33_ASAP7_75t_SL       2  1.6    46    25     996    (-,-) 
  mul_24_31_g24673__2802/Y -       A2->Y   R     OAI21xp5_ASAP7_75t_SL         2  1.5    33    21    1017    (-,-) 
  mul_24_31_g24671__3680/Y -       A2->Y   R     AO21x1_ASAP7_75t_SL           2  1.4    14    17    1034    (-,-) 
  mul_24_31_g24669__5526/Y -       A2->Y   F     AOI21xp5_ASAP7_75t_L          2  1.6    24    13    1047    (-,-) 
  mul_24_31_g24667__4319/Y -       A2->Y   R     OAI21xp5_ASAP7_75t_SL         2  1.6    28    18    1065    (-,-) 
  mul_24_31_g24665__5107/Y -       A2->Y   F     AOI21xp5_ASAP7_75t_L          1  1.0    20    12    1077    (-,-) 
  g28126/Y                 -       B->Y    R     XNOR2xp5_ASAP7_75t_SL         1  0.6    27    12    1089    (-,-) 
  mult_reg_reg[63]/D       <<<     -       R     DFFASRHQNx1_ASAP7_75t_SL      1    -     -     0    1089    (-,-) 
#------------------------------------------------------------------------------------------------------------------


