###############################################################
#  Generated by:      Cadence Innovus 22.17-s086_1
#  OS:                Linux x86_64(Host ID vlsiktmt)
#  Generated on:      Sat Apr  4 15:38:32 2026
#  Design:            Adder32
#  Command:           verifyConnectivity -type all -error 1000 -warning 50 -report ./verify_rpt/connectivity.rpt
###############################################################
Verify Connectivity Report is created on Sat Apr  4 15:38:32 2026



Net VDD, Pin Pin: oS_reg[15]/VDD; Direction: INOUT; Use: POWER;: has an unconnected terminal at (28.944, 12.060) (34.344, 12.132)
Net VDD, Pin Pin: g902/VDD; Direction: INOUT; Use: POWER;: has an unconnected terminal at (23.760, 33.660) (26.784, 33.732)
Net VDD: has special routes with opens at (8.800, 8.800) (37.712, 36.992)
Net VDD: has regular routing with opens at (16.200, 31.500) (34.344, 31.572)
Net VDD: has regular routing with opens at (12.096, 31.500) (15.984, 31.572)
Net VDD: has regular routing with opens at (12.096, 27.180) (34.344, 27.252)
Net VDD: has regular routing with opens at (12.096, 29.340) (34.128, 29.412)
Net VDD: has regular routing with opens at (24.408, 25.020) (34.344, 25.092)
Net VDD: has regular routing with opens at (12.096, 22.860) (34.344, 22.932)
Net VDD: has regular routing with opens at (12.096, 20.700) (34.344, 20.772)
Net VDD: has regular routing with opens at (12.096, 16.380) (34.344, 16.452)
Net VDD: has regular routing with opens at (12.096, 18.540) (34.344, 18.612)
Net VDD: has regular routing with opens at (12.096, 14.220) (34.344, 14.292)
Net VDD: has regular routing with opens at (27.000, 33.660) (33.912, 33.732)
Net VDD: has regular routing with opens at (12.744, 25.020) (18.144, 25.092)
Net VDD: has regular routing with opens at (12.528, 33.660) (19.224, 33.732)
Net VDD: has regular routing with opens at (18.360, 25.020) (24.192, 25.092)
Net VDD: has regular routing with opens at (12.096, 12.060) (28.728, 12.132)
Net VDD: has regular routing with opens at (19.440, 33.660) (23.544, 33.732)
Net VSS: has special routes with opens at (0.000, 0.000) (46.512, 45.792)
Net VSS: has regular routing with opens at (12.096, 30.420) (34.344, 30.492)
Net VSS: has regular routing with opens at (12.096, 32.580) (33.912, 32.652)
Net VSS: has regular routing with opens at (12.096, 26.100) (34.344, 26.172)
Net VSS: has regular routing with opens at (12.096, 28.260) (34.344, 28.332)
Net VSS: has regular routing with opens at (12.528, 23.940) (34.344, 24.012)
Net VSS: has regular routing with opens at (12.096, 19.620) (34.344, 19.692)
Net VSS: has regular routing with opens at (12.096, 15.300) (34.344, 15.372)
Net VSS: has regular routing with opens at (12.096, 21.780) (34.344, 21.852)
Net VSS: has regular routing with opens at (12.096, 17.460) (32.832, 17.532)
Net VSS: has regular routing with opens at (12.096, 13.140) (34.344, 13.212)
Net VSS: has regular routing with opens at (33.480, 17.460) (34.128, 17.532)

Begin Summary
    2 Problem(s) (IMPVFC-96): Terminal(s) are not connected.
    2 Problem(s) (IMPVFC-200): Special Wires: Pieces of the net are not connected together.
    27 Problem(s) (IMPVFC-92): Pieces of the net are not connected together.
    31 total info(s) created.
End Summary
