###############################################################
#  Generated by:      Cadence Innovus 22.17-s086_1
#  OS:                Linux x86_64(Host ID vlsiktmt)
#  Generated on:      Sat Apr  4 15:38:32 2026
#  Design:            Adder32
#  Command:           verify_drc -report ./verify_rpt/drc.rpt
###############################################################

OFFGRID: ( Off Grid or Wrong Way ) Regular Wire of Net oS[1]  ( M4 )
Bounds : ( 38.712, 45.456 ) ( 39.360, 45.792 )


OFFGRID: ( Off Grid or Wrong Way ) Regular Wire of Net oS[0]  ( M4 )
Bounds : ( 39.864, 45.456 ) ( 40.512, 45.792 )


WIDTH: ( WidthTable ) Regular Wire of Net oS[1]  ( M4 )
Bounds : ( 38.712, 45.456 ) ( 39.360, 45.792 )


WIDTH: ( WidthTable ) Regular Wire of Net oS[0]  ( M4 )
Bounds : ( 39.864, 45.456 ) ( 40.512, 45.792 )


OFFGRID: ( Off Grid or Wrong Way ) Regular Wire of Net oS[4]  ( M4 )
Bounds : ( 35.256, 45.456 ) ( 35.904, 45.792 )


OFFGRID: ( Off Grid or Wrong Way ) Regular Wire of Net oS[3]  ( M4 )
Bounds : ( 36.696, 45.456 ) ( 37.056, 45.792 )


VIAENCLOSURE: ( Enclosure ) Regular Wire of Net oS[4]  ( V3 )
Bounds : ( 34.956, 44.124 ) ( 35.028, 44.220 )


WIDTH: ( WidthTable ) Regular Wire of Net oS[4]  ( M4 )
Bounds : ( 35.256, 45.456 ) ( 35.904, 45.792 )


WIDTH: ( WidthTable ) Regular Wire of Net oS[3]  ( M4 )
Bounds : ( 36.696, 45.456 ) ( 37.056, 45.792 )


OFFGRID: ( Off Grid or Wrong Way ) Regular Wire of Net oS[2]  ( M4 )
Bounds : ( 37.560, 45.456 ) ( 38.208, 45.792 )


WIDTH: ( WidthTable ) Regular Wire of Net oS[2]  ( M4 )
Bounds : ( 37.560, 45.456 ) ( 38.208, 45.792 )


OFFGRID: ( Off Grid or Wrong Way ) Regular Wire of Net iB[4]  ( M3 )
Bounds : ( 46.292, 34.880 ) ( 46.512, 35.172 )


OFFGRID: ( Off Grid or Wrong Way ) Regular Wire of Net iB[3]  ( M3 )
Bounds : ( 46.292, 36.252 ) ( 46.512, 36.544 )


OFFGRID: ( Off Grid or Wrong Way ) Regular Wire of Net iB[2]  ( M3 )
Bounds : ( 46.292, 37.260 ) ( 46.512, 37.624 )


OFFGRID: ( Off Grid or Wrong Way ) Regular Wire of Net iB[1]  ( M3 )
Bounds : ( 46.292, 38.120 ) ( 46.512, 38.484 )


OFFGRID: ( Off Grid or Wrong Way ) Regular Wire of Net iB[0]  ( M3 )
Bounds : ( 46.292, 39.344 ) ( 46.512, 39.636 )


WIDTH: ( WidthTable ) Regular Wire of Net iB[4]  ( M3 )
Bounds : ( 46.292, 34.880 ) ( 46.512, 35.172 )


WIDTH: ( WidthTable ) Regular Wire of Net iB[3]  ( M3 )
Bounds : ( 46.292, 36.252 ) ( 46.512, 36.544 )


WIDTH: ( WidthTable ) Regular Wire of Net iB[2]  ( M3 )
Bounds : ( 46.292, 37.260 ) ( 46.512, 37.624 )


WIDTH: ( WidthTable ) Regular Wire of Net iB[1]  ( M3 )
Bounds : ( 46.292, 38.120 ) ( 46.512, 38.484 )


WIDTH: ( WidthTable ) Regular Wire of Net iB[0]  ( M3 )
Bounds : ( 46.292, 39.344 ) ( 46.512, 39.636 )


OFFGRID: ( Off Grid or Wrong Way ) Regular Wire of Net oS[7]  ( M4 )
Bounds : ( 32.088, 45.456 ) ( 32.448, 45.792 )


OFFGRID: ( Off Grid or Wrong Way ) Regular Wire of Net oS[6]  ( M4 )
Bounds : ( 33.240, 45.456 ) ( 33.600, 45.792 )


OFFGRID: ( Off Grid or Wrong Way ) Regular Wire of Net oS[5]  ( M4 )
Bounds : ( 34.176, 45.348 ) ( 34.752, 45.792 )


WIDTH: ( WidthTable ) Regular Wire of Net oS[7]  ( M4 )
Bounds : ( 32.088, 45.456 ) ( 32.448, 45.792 )


WIDTH: ( WidthTable ) Regular Wire of Net oS[6]  ( M4 )
Bounds : ( 33.240, 45.456 ) ( 33.600, 45.792 )


WIDTH: ( WidthTable ) Regular Wire of Net oS[5]  ( M4 )
Bounds : ( 34.176, 45.348 ) ( 34.752, 45.792 )


SPACING: ( ParallelRunLength Spacing ) Regular Wire of Net oS[5]  ( M4 )
Bounds : ( 34.252, 45.180 ) ( 34.752, 45.348 )


OFFGRID: ( Off Grid or Wrong Way ) Regular Wire of Net oS[9]  ( M4 )
Bounds : ( 30.192, 45.456 ) ( 30.840, 45.792 )


WIDTH: ( WidthTable ) Regular Wire of Net oS[9]  ( M4 )
Bounds : ( 30.192, 45.456 ) ( 30.840, 45.792 )


WIDTH: ( WidthTable ) Regular Wire of Net oS[8]  ( M4 )
Bounds : ( 31.200, 45.348 ) ( 31.488, 45.792 )


OFFGRID: ( Off Grid or Wrong Way ) Regular Wire of Net oS[12]  ( M4 )
Bounds : ( 26.472, 45.456 ) ( 26.832, 45.792 )


OFFGRID: ( Off Grid or Wrong Way ) Regular Wire of Net oS[11]  ( M4 )
Bounds : ( 27.336, 45.456 ) ( 27.984, 45.792 )


VIAENCLOSURE: ( Enclosure ) Regular Wire of Net oS[12]  ( V3 )
Bounds : ( 26.748, 43.548 ) ( 26.820, 43.644 )


WIDTH: ( WidthTable ) Regular Wire of Net oS[12]  ( M4 )
Bounds : ( 26.472, 45.456 ) ( 26.832, 45.792 )


WIDTH: ( WidthTable ) Regular Wire of Net oS[11]  ( M4 )
Bounds : ( 27.336, 45.456 ) ( 27.984, 45.792 )


SPACING: ( ParallelRunLength Spacing ) Regular Wire of Net oS[13] & Regular Wire of Net oS[12]  ( M4 )
Bounds : ( 26.232, 45.456 ) ( 26.472, 45.792 )


SPACING: ( ParallelRunLength Spacing ) Regular Wire of Net oS[10]  ( M4 )
Bounds : ( 28.776, 45.180 ) ( 29.036, 45.348 )


OFFGRID: ( Off Grid or Wrong Way ) Regular Wire of Net oS[15]  ( M4 )
Bounds : ( 23.280, 45.348 ) ( 23.928, 45.792 )


OFFGRID: ( Off Grid or Wrong Way ) Regular Wire of Net oS[14]  ( M4 )
Bounds : ( 24.432, 45.348 ) ( 25.008, 45.792 )


WIDTH: ( WidthTable ) Regular Wire of Net oS[15]  ( M4 )
Bounds : ( 23.280, 45.348 ) ( 23.928, 45.792 )


WIDTH: ( WidthTable ) Regular Wire of Net oS[14]  ( M4 )
Bounds : ( 24.432, 45.348 ) ( 25.008, 45.792 )


SPACING: ( ParallelRunLength Spacing ) Regular Wire of Net oS[14]  ( M4 )
Bounds : ( 24.432, 45.180 ) ( 24.932, 45.348 )


OFFGRID: ( Off Grid or Wrong Way ) Regular Wire of Net oS[13]  ( M4 )
Bounds : ( 25.584, 45.456 ) ( 26.232, 45.792 )


WIDTH: ( WidthTable ) Regular Wire of Net oS[13]  ( M4 )
Bounds : ( 25.584, 45.456 ) ( 26.232, 45.792 )


WIDTH: ( WidthTable ) Regular Wire of Net oS[10]  ( M4 )
Bounds : ( 28.776, 45.348 ) ( 29.136, 45.792 )


VIAENCLOSURE: ( Enclosure ) Regular Wire of Net oS[16]  ( V3 )
Bounds : ( 23.292, 39.516 ) ( 23.364, 39.612 )


VIAENCLOSURE: ( Enclosure ) Regular Wire of Net oS[5]  ( V3 )
Bounds : ( 34.380, 35.484 ) ( 34.452, 35.580 )


OFFGRID: ( Off Grid or Wrong Way ) Regular Wire of Net iB[9]  ( M3 )
Bounds : ( 46.292, 29.484 ) ( 46.512, 29.776 )


OFFGRID: ( Off Grid or Wrong Way ) Regular Wire of Net iB[8]  ( M3 )
Bounds : ( 46.292, 30.636 ) ( 46.512, 31.000 )


OFFGRID: ( Off Grid or Wrong Way ) Regular Wire of Net iB[7]  ( M3 )
Bounds : ( 46.292, 31.788 ) ( 46.512, 32.080 )


OFFGRID: ( Off Grid or Wrong Way ) Regular Wire of Net iB[6]  ( M3 )
Bounds : ( 46.292, 32.540 ) ( 46.512, 32.868 )


OFFGRID: ( Off Grid or Wrong Way ) Regular Wire of Net iB[5]  ( M3 )
Bounds : ( 46.292, 33.620 ) ( 46.512, 34.020 )


VIAENCLOSURE: ( Enclosure ) Regular Wire of Net iB[7]  ( V3 )
Bounds : ( 36.252, 30.876 ) ( 36.324, 30.972 )


VIAENCLOSURE: ( Enclosure ) Regular Wire of Net iB[6]  ( V3 )
Bounds : ( 44.892, 33.180 ) ( 44.964, 33.276 )


WIDTH: ( WidthTable ) Regular Wire of Net iB[9]  ( M3 )
Bounds : ( 46.292, 29.484 ) ( 46.512, 29.776 )


WIDTH: ( WidthTable ) Regular Wire of Net iB[8]  ( M3 )
Bounds : ( 46.292, 30.636 ) ( 46.512, 31.000 )


WIDTH: ( WidthTable ) Regular Wire of Net iB[7]  ( M3 )
Bounds : ( 46.292, 31.788 ) ( 46.512, 32.080 )


WIDTH: ( WidthTable ) Regular Wire of Net iB[6]  ( M3 )
Bounds : ( 46.292, 32.540 ) ( 46.512, 32.868 )


WIDTH: ( WidthTable ) Regular Wire of Net iB[5]  ( M3 )
Bounds : ( 46.292, 33.620 ) ( 46.512, 34.020 )


OFFGRID: ( Off Grid or Wrong Way ) Regular Wire of Net iB[11]  ( M3 )
Bounds : ( 46.292, 27.324 ) ( 46.512, 27.760 )


OFFGRID: ( Off Grid or Wrong Way ) Regular Wire of Net iB[12]  ( M3 )
Bounds : ( 46.292, 26.172 ) ( 46.512, 26.536 )


OFFGRID: ( Off Grid or Wrong Way ) Regular Wire of Net iB[13]  ( M3 )
Bounds : ( 46.292, 25.020 ) ( 46.512, 25.456 )


OFFGRID: ( Off Grid or Wrong Way ) Regular Wire of Net iB[14]  ( M3 )
Bounds : ( 46.292, 23.868 ) ( 46.512, 24.232 )


OFFGRID: ( Off Grid or Wrong Way ) Regular Wire of Net iB[10]  ( M3 )
Bounds : ( 46.292, 28.040 ) ( 46.512, 28.404 )


WIDTH: ( WidthTable ) Regular Wire of Net iB[14]  ( M3 )
Bounds : ( 46.292, 23.868 ) ( 46.512, 24.232 )


WIDTH: ( WidthTable ) Regular Wire of Net iB[13]  ( M3 )
Bounds : ( 46.292, 25.020 ) ( 46.512, 25.456 )


WIDTH: ( WidthTable ) Regular Wire of Net iB[12]  ( M3 )
Bounds : ( 46.292, 26.172 ) ( 46.512, 26.536 )


WIDTH: ( WidthTable ) Regular Wire of Net iB[11]  ( M3 )
Bounds : ( 46.292, 27.324 ) ( 46.512, 27.760 )


WIDTH: ( WidthTable ) Regular Wire of Net iB[10]  ( M3 )
Bounds : ( 46.292, 28.040 ) ( 46.512, 28.404 )


VIAENCLOSURE: ( Enclosure ) Regular Wire of Net iB[6]  ( V3 )
Bounds : ( 23.724, 28.572 ) ( 23.796, 28.668 )


VIAENCLOSURE: ( Enclosure ) Regular Wire of Net iA[9]  ( V3 )
Bounds : ( 24.588, 28.572 ) ( 24.660, 28.668 )


VIAENCLOSURE: ( Enclosure ) Regular Wire of Net iB[7]  ( V3 )
Bounds : ( 25.452, 29.148 ) ( 25.524, 29.244 )


VIAENCLOSURE: ( Enclosure ) Regular Wire of Net iA[12]  ( V3 )
Bounds : ( 27.612, 24.348 ) ( 27.684, 24.444 )


VIAENCLOSURE: ( Enclosure ) Regular Wire of Net oS[10]  ( V3 )
Bounds : ( 28.476, 28.380 ) ( 28.548, 28.476 )


VIAENCLOSURE: ( Enclosure ) Regular Wire of Net oS[8]  ( V3 )
Bounds : ( 31.356, 29.148 ) ( 31.428, 29.244 )


OFFGRID: ( Off Grid or Wrong Way ) Regular Wire of Net oS[17]  ( M4 )
Bounds : ( 20.976, 45.456 ) ( 21.624, 45.792 )


OFFGRID: ( Off Grid or Wrong Way ) Regular Wire of Net oS[16]  ( M4 )
Bounds : ( 22.128, 45.456 ) ( 23.064, 45.792 )


VIAENCLOSURE: ( Enclosure ) Regular Wire of Net oS[18]  ( V3 )
Bounds : ( 20.700, 44.124 ) ( 20.772, 44.220 )


WIDTH: ( WidthTable ) Regular Wire of Net oS[17]  ( M4 )
Bounds : ( 20.976, 45.456 ) ( 21.624, 45.792 )


WIDTH: ( WidthTable ) Regular Wire of Net oS[16]  ( M4 )
Bounds : ( 22.128, 45.456 ) ( 23.064, 45.792 )


OFFGRID: ( Off Grid or Wrong Way ) Regular Wire of Net oS[19]  ( M4 )
Bounds : ( 18.672, 45.456 ) ( 19.032, 45.792 )


WIDTH: ( WidthTable ) Regular Wire of Net oS[19]  ( M4 )
Bounds : ( 18.672, 45.456 ) ( 19.032, 45.792 )


OFFGRID: ( Off Grid or Wrong Way ) Regular Wire of Net oS[18]  ( M4 )
Bounds : ( 19.824, 45.456 ) ( 20.472, 45.792 )


WIDTH: ( WidthTable ) Regular Wire of Net oS[18]  ( M4 )
Bounds : ( 19.824, 45.456 ) ( 20.472, 45.792 )


OFFGRID: ( Off Grid or Wrong Way ) Regular Wire of Net oS[22]  ( M4 )
Bounds : ( 15.360, 45.456 ) ( 16.008, 45.792 )


OFFGRID: ( Off Grid or Wrong Way ) Regular Wire of Net oS[21]  ( M4 )
Bounds : ( 16.368, 45.456 ) ( 16.728, 45.792 )


VIAENCLOSURE: ( Enclosure ) Regular Wire of Net oS[22]  ( V3 )
Bounds : ( 16.812, 44.124 ) ( 16.884, 44.220 )


WIDTH: ( WidthTable ) Regular Wire of Net oS[22]  ( M4 )
Bounds : ( 15.360, 45.456 ) ( 16.008, 45.792 )


WIDTH: ( WidthTable ) Regular Wire of Net oS[21]  ( M4 )
Bounds : ( 16.368, 45.456 ) ( 16.728, 45.792 )


OFFGRID: ( Off Grid or Wrong Way ) Regular Wire of Net oS[25]  ( M4 )
Bounds : ( 11.904, 45.456 ) ( 12.264, 45.792 )


OFFGRID: ( Off Grid or Wrong Way ) Regular Wire of Net oS[24]  ( M4 )
Bounds : ( 12.504, 45.456 ) ( 13.152, 45.792 )


WIDTH: ( WidthTable ) Regular Wire of Net oS[25]  ( M4 )
Bounds : ( 11.904, 45.456 ) ( 12.264, 45.792 )


WIDTH: ( WidthTable ) Regular Wire of Net oS[24]  ( M4 )
Bounds : ( 12.504, 45.456 ) ( 13.152, 45.792 )


SPACING: ( ParallelRunLength Spacing ) Regular Wire of Net oS[25] & Regular Wire of Net oS[24]  ( M4 )
Bounds : ( 12.264, 45.456 ) ( 12.504, 45.792 )


OFFGRID: ( Off Grid or Wrong Way ) Regular Wire of Net oS[23]  ( M4 )
Bounds : ( 14.208, 45.456 ) ( 14.856, 45.792 )


WIDTH: ( WidthTable ) Regular Wire of Net oS[23]  ( M4 )
Bounds : ( 14.208, 45.456 ) ( 14.856, 45.792 )


OFFGRID: ( Off Grid or Wrong Way ) Regular Wire of Net oS[20]  ( M4 )
Bounds : ( 17.112, 45.456 ) ( 17.616, 45.792 )


WIDTH: ( WidthTable ) Regular Wire of Net oS[20]  ( M4 )
Bounds : ( 17.112, 45.456 ) ( 17.616, 45.792 )


VIAENCLOSURE: ( Enclosure ) Regular Wire of Net oS[22]  ( V3 )
Bounds : ( 16.812, 35.484 ) ( 16.884, 35.580 )


VIAENCLOSURE: ( Enclosure ) Regular Wire of Net oS[18]  ( V3 )
Bounds : ( 20.700, 34.908 ) ( 20.772, 35.004 )


OFFGRID: ( Off Grid or Wrong Way ) Regular Wire of Net oS[27]  ( M4 )
Bounds : ( 9.600, 45.456 ) ( 10.392, 45.792 )


OFFGRID: ( Off Grid or Wrong Way ) Regular Wire of Net oS[26]  ( M4 )
Bounds : ( 10.752, 45.456 ) ( 11.112, 45.792 )


WIDTH: ( WidthTable ) Regular Wire of Net oS[27]  ( M4 )
Bounds : ( 9.600, 45.456 ) ( 10.392, 45.792 )


WIDTH: ( WidthTable ) Regular Wire of Net oS[26]  ( M4 )
Bounds : ( 10.752, 45.456 ) ( 11.112, 45.792 )


OFFGRID: ( Off Grid or Wrong Way ) Regular Wire of Net oS[30]  ( M4 )
Bounds : ( 5.880, 45.456 ) ( 6.240, 45.792 )


OFFGRID: ( Off Grid or Wrong Way ) Regular Wire of Net oS[29]  ( M4 )
Bounds : ( 7.296, 45.456 ) ( 7.656, 45.792 )


WIDTH: ( WidthTable ) Regular Wire of Net oS[30]  ( M4 )
Bounds : ( 5.880, 45.456 ) ( 6.240, 45.792 )


WIDTH: ( WidthTable ) Regular Wire of Net oS[29]  ( M4 )
Bounds : ( 7.296, 45.456 ) ( 7.656, 45.792 )


OFFGRID: ( Off Grid or Wrong Way ) Regular Wire of Net oS[28]  ( M4 )
Bounds : ( 8.448, 45.456 ) ( 8.808, 45.792 )


WIDTH: ( WidthTable ) Regular Wire of Net oS[28]  ( M4 )
Bounds : ( 8.448, 45.456 ) ( 8.808, 45.792 )


OFFGRID: ( Off Grid or Wrong Way ) Regular Wire of Net oS[31]  ( M4 )
Bounds : ( 4.728, 45.456 ) ( 5.088, 45.792 )


WIDTH: ( WidthTable ) Regular Wire of Net oS[31]  ( M4 )
Bounds : ( 4.728, 45.456 ) ( 5.088, 45.792 )


OFFGRID: ( Off Grid or Wrong Way ) Regular Wire of Net iA[4]  ( M3 )
Bounds : ( 0.000, 34.880 ) ( 0.220, 35.316 )


OFFGRID: ( Off Grid or Wrong Way ) Regular Wire of Net iA[3]  ( M3 )
Bounds : ( 0.000, 36.396 ) ( 0.220, 36.688 )


OFFGRID: ( Off Grid or Wrong Way ) Regular Wire of Net iA[2]  ( M3 )
Bounds : ( 0.000, 37.184 ) ( 0.220, 37.476 )


OFFGRID: ( Off Grid or Wrong Way ) Regular Wire of Net iA[0]  ( M3 )
Bounds : ( 0.000, 39.488 ) ( 0.220, 39.780 )


WIDTH: ( WidthTable ) Regular Wire of Net iA[4]  ( M3 )
Bounds : ( 0.000, 34.880 ) ( 0.220, 35.316 )


WIDTH: ( WidthTable ) Regular Wire of Net iA[3]  ( M3 )
Bounds : ( 0.000, 36.396 ) ( 0.220, 36.688 )


WIDTH: ( WidthTable ) Regular Wire of Net iA[2]  ( M3 )
Bounds : ( 0.000, 37.184 ) ( 0.220, 37.476 )


WIDTH: ( WidthTable ) Regular Wire of Net iA[1]  ( M3 )
Bounds : ( 0.000, 38.408 ) ( 0.220, 38.628 )


WIDTH: ( WidthTable ) Regular Wire of Net iA[0]  ( M3 )
Bounds : ( 0.000, 39.488 ) ( 0.220, 39.780 )


VIAENCLOSURE: ( Enclosure ) Regular Wire of Net n_197  ( V3 )
Bounds : ( 13.356, 28.572 ) ( 13.428, 28.668 )


VIAENCLOSURE: ( Enclosure ) Regular Wire of Net oS[4]  ( V3 )
Bounds : ( 17.676, 33.564 ) ( 17.748, 33.660 )


OFFGRID: ( Off Grid or Wrong Way ) Regular Wire of Net iA[6]  ( M3 )
Bounds : ( 0.000, 32.720 ) ( 0.220, 33.012 )


OFFGRID: ( Off Grid or Wrong Way ) Regular Wire of Net iA[7]  ( M3 )
Bounds : ( 0.000, 31.640 ) ( 0.220, 32.004 )


OFFGRID: ( Off Grid or Wrong Way ) Regular Wire of Net iA[8]  ( M3 )
Bounds : ( 0.000, 30.380 ) ( 0.220, 30.852 )


VIAENCLOSURE: ( Enclosure ) Regular Wire of Net iA[9]  ( V3 )
Bounds : ( 3.852, 29.148 ) ( 3.924, 29.244 )


WIDTH: ( WidthTable ) Regular Wire of Net iA[9]  ( M3 )
Bounds : ( 0.000, 29.480 ) ( 0.220, 29.700 )


WIDTH: ( WidthTable ) Regular Wire of Net iA[8]  ( M3 )
Bounds : ( 0.000, 30.380 ) ( 0.220, 30.852 )


WIDTH: ( WidthTable ) Regular Wire of Net iA[7]  ( M3 )
Bounds : ( 0.000, 31.640 ) ( 0.220, 32.004 )


WIDTH: ( WidthTable ) Regular Wire of Net iA[6]  ( M3 )
Bounds : ( 0.000, 32.720 ) ( 0.220, 33.012 )


WIDTH: ( WidthTable ) Regular Wire of Net iA[5]  ( M3 )
Bounds : ( 0.000, 33.944 ) ( 0.220, 34.164 )


OFFGRID: ( Off Grid or Wrong Way ) Regular Wire of Net iA[10]  ( M3 )
Bounds : ( 0.000, 28.220 ) ( 0.220, 28.548 )


OFFGRID: ( Off Grid or Wrong Way ) Regular Wire of Net iA[11]  ( M3 )
Bounds : ( 0.000, 27.468 ) ( 0.220, 27.904 )


OFFGRID: ( Off Grid or Wrong Way ) Regular Wire of Net iA[12]  ( M3 )
Bounds : ( 0.000, 26.316 ) ( 0.220, 26.680 )


OFFGRID: ( Off Grid or Wrong Way ) Regular Wire of Net iA[13]  ( M3 )
Bounds : ( 0.000, 25.164 ) ( 0.220, 25.600 )


VIAENCLOSURE: ( Enclosure ) Regular Wire of Net iA[12]  ( V3 )
Bounds : ( 1.692, 26.844 ) ( 1.764, 26.940 )


WIDTH: ( WidthTable ) Regular Wire of Net iA[14]  ( M3 )
Bounds : ( 0.000, 24.012 ) ( 0.220, 24.232 )


WIDTH: ( WidthTable ) Regular Wire of Net iA[13]  ( M3 )
Bounds : ( 0.000, 25.164 ) ( 0.220, 25.600 )


WIDTH: ( WidthTable ) Regular Wire of Net iA[12]  ( M3 )
Bounds : ( 0.000, 26.316 ) ( 0.220, 26.680 )


WIDTH: ( WidthTable ) Regular Wire of Net iA[11]  ( M3 )
Bounds : ( 0.000, 27.468 ) ( 0.220, 27.904 )


WIDTH: ( WidthTable ) Regular Wire of Net iA[10]  ( M3 )
Bounds : ( 0.000, 28.220 ) ( 0.220, 28.548 )


SPACING: ( ParallelRunLength Spacing ) Regular Wire of Net oS[16] & Regular Wire of Net oS[15]  ( M4 )
Bounds : ( 23.064, 45.456 ) ( 23.280, 45.792 )


OFFGRID: ( Off Grid or Wrong Way ) Regular Wire of Net iB[20]  ( M3 )
Bounds : ( 46.292, 17.244 ) ( 46.512, 17.572 )


OFFGRID: ( Off Grid or Wrong Way ) Regular Wire of Net iB[19]  ( M3 )
Bounds : ( 46.292, 17.888 ) ( 46.512, 18.324 )


OFFGRID: ( Off Grid or Wrong Way ) Regular Wire of Net iB[18]  ( M3 )
Bounds : ( 46.292, 19.404 ) ( 46.512, 19.732 )


OFFGRID: ( Off Grid or Wrong Way ) Regular Wire of Net iB[17]  ( M3 )
Bounds : ( 46.292, 20.556 ) ( 46.512, 20.992 )


OFFGRID: ( Off Grid or Wrong Way ) Regular Wire of Net iB[16]  ( M3 )
Bounds : ( 46.292, 21.708 ) ( 46.512, 22.072 )


VIAENCLOSURE: ( Enclosure ) Regular Wire of Net iB[18]  ( V3 )
Bounds : ( 44.892, 19.932 ) ( 44.964, 20.028 )


WIDTH: ( WidthTable ) Regular Wire of Net iB[20]  ( M3 )
Bounds : ( 46.292, 17.244 ) ( 46.512, 17.572 )


WIDTH: ( WidthTable ) Regular Wire of Net iB[19]  ( M3 )
Bounds : ( 46.292, 17.888 ) ( 46.512, 18.324 )


WIDTH: ( WidthTable ) Regular Wire of Net iB[18]  ( M3 )
Bounds : ( 46.292, 19.404 ) ( 46.512, 19.732 )


WIDTH: ( WidthTable ) Regular Wire of Net iB[17]  ( M3 )
Bounds : ( 46.292, 20.556 ) ( 46.512, 20.992 )


WIDTH: ( WidthTable ) Regular Wire of Net iB[16]  ( M3 )
Bounds : ( 46.292, 21.708 ) ( 46.512, 22.072 )


OFFGRID: ( Off Grid or Wrong Way ) Regular Wire of Net iB[21]  ( M3 )
Bounds : ( 46.292, 15.872 ) ( 46.512, 16.164 )


OFFGRID: ( Off Grid or Wrong Way ) Regular Wire of Net iB[22]  ( M3 )
Bounds : ( 46.292, 14.940 ) ( 46.512, 15.232 )


OFFGRID: ( Off Grid or Wrong Way ) Regular Wire of Net iB[23]  ( M3 )
Bounds : ( 46.292, 13.424 ) ( 46.512, 13.860 )


OFFGRID: ( Off Grid or Wrong Way ) Regular Wire of Net iB[24]  ( M3 )
Bounds : ( 46.292, 12.780 ) ( 46.512, 13.072 )


OFFGRID: ( Off Grid or Wrong Way ) Regular Wire of Net iB[25]  ( M3 )
Bounds : ( 46.292, 11.628 ) ( 46.512, 11.992 )


WIDTH: ( WidthTable ) Regular Wire of Net iB[25]  ( M3 )
Bounds : ( 46.292, 11.628 ) ( 46.512, 11.992 )


WIDTH: ( WidthTable ) Regular Wire of Net iB[24]  ( M3 )
Bounds : ( 46.292, 12.780 ) ( 46.512, 13.072 )


WIDTH: ( WidthTable ) Regular Wire of Net iB[23]  ( M3 )
Bounds : ( 46.292, 13.424 ) ( 46.512, 13.860 )


WIDTH: ( WidthTable ) Regular Wire of Net iB[22]  ( M3 )
Bounds : ( 46.292, 14.940 ) ( 46.512, 15.232 )


WIDTH: ( WidthTable ) Regular Wire of Net iB[21]  ( M3 )
Bounds : ( 46.292, 15.872 ) ( 46.512, 16.164 )


VIAENCLOSURE: ( Enclosure ) Regular Wire of Net iA[16]  ( V3 )
Bounds : ( 27.180, 20.508 ) ( 27.252, 20.604 )


VIAENCLOSURE: ( Enclosure ) Regular Wire of Net oS[12]  ( V3 )
Bounds : ( 27.180, 22.236 ) ( 27.252, 22.332 )


VIAENCLOSURE: ( Enclosure ) Regular Wire of Net iB[18]  ( V3 )
Bounds : ( 27.612, 19.932 ) ( 27.684, 20.028 )


VIAENCLOSURE: ( Enclosure ) Regular Wire of Net oS[16]  ( V3 )
Bounds : ( 28.908, 18.396 ) ( 28.980, 18.492 )


VIAENCLOSURE: ( Enclosure ) Regular Wire of Net oS[14]  ( V3 )
Bounds : ( 30.204, 20.508 ) ( 30.276, 20.604 )


VIAENCLOSURE: ( Enclosure ) Regular Wire of Net oS[15]  ( V3 )
Bounds : ( 33.228, 17.628 ) ( 33.300, 17.724 )


WIDTH: ( WidthTable ) Regular Wire of Net iB[30]  ( M3 )
Bounds : ( 46.292, 5.720 ) ( 46.512, 6.084 )


WIDTH: ( WidthTable ) Regular Wire of Net iB[31]  ( M3 )
Bounds : ( 46.292, 4.460 ) ( 46.512, 4.932 )


OFFGRID: ( Off Grid or Wrong Way ) Regular Wire of Net iB[26]  ( M3 )
Bounds : ( 46.292, 10.476 ) ( 46.512, 10.912 )


OFFGRID: ( Off Grid or Wrong Way ) Regular Wire of Net iB[27]  ( M3 )
Bounds : ( 46.292, 9.104 ) ( 46.512, 9.396 )


OFFGRID: ( Off Grid or Wrong Way ) Regular Wire of Net iB[28]  ( M3 )
Bounds : ( 46.292, 8.024 ) ( 46.512, 8.388 )


OFFGRID: ( Off Grid or Wrong Way ) Regular Wire of Net iB[29]  ( M3 )
Bounds : ( 46.292, 7.164 ) ( 46.512, 7.528 )


OFFGRID: ( Off Grid or Wrong Way ) Regular Wire of Net iB[30]  ( M3 )
Bounds : ( 46.292, 5.720 ) ( 46.512, 6.084 )


OFFGRID: ( Off Grid or Wrong Way ) Regular Wire of Net iB[31]  ( M3 )
Bounds : ( 46.292, 4.460 ) ( 46.512, 4.932 )


WIDTH: ( WidthTable ) Regular Wire of Net iB[29]  ( M3 )
Bounds : ( 46.292, 7.164 ) ( 46.512, 7.528 )


WIDTH: ( WidthTable ) Regular Wire of Net iB[28]  ( M3 )
Bounds : ( 46.292, 8.024 ) ( 46.512, 8.388 )


WIDTH: ( WidthTable ) Regular Wire of Net iB[27]  ( M3 )
Bounds : ( 46.292, 9.104 ) ( 46.512, 9.396 )


WIDTH: ( WidthTable ) Regular Wire of Net iB[26]  ( M3 )
Bounds : ( 46.292, 10.476 ) ( 46.512, 10.912 )


VIAENCLOSURE: ( Enclosure ) Regular Wire of Net iClk  ( V3 )
Bounds : ( 24.588, 2.652 ) ( 24.660, 2.748 )


VIAENCLOSURE: ( Enclosure ) Regular Wire of Net n_195  ( V3 )
Bounds : ( 13.788, 20.508 ) ( 13.860, 20.604 )


VIAENCLOSURE: ( Enclosure ) Regular Wire of Net n_195  ( V3 )
Bounds : ( 14.220, 11.292 ) ( 14.292, 11.388 )


VIAENCLOSURE: ( Enclosure ) Regular Wire of Net iA[24]  ( V3 )
Bounds : ( 18.540, 13.596 ) ( 18.612, 13.692 )


VIAENCLOSURE: ( Enclosure ) Regular Wire of Net n_197  ( V3 )
Bounds : ( 18.972, 17.628 ) ( 19.044, 17.724 )


VIAENCLOSURE: ( Enclosure ) Regular Wire of Net iA[22]  ( V3 )
Bounds : ( 19.404, 15.900 ) ( 19.476, 15.996 )


OFFGRID: ( Off Grid or Wrong Way ) Regular Wire of Net iA[20]  ( M3 )
Bounds : ( 0.000, 17.096 ) ( 0.220, 17.460 )


OFFGRID: ( Off Grid or Wrong Way ) Regular Wire of Net iA[19]  ( M3 )
Bounds : ( 0.000, 18.396 ) ( 0.220, 19.264 )


OFFGRID: ( Off Grid or Wrong Way ) Regular Wire of Net iA[17]  ( M3 )
Bounds : ( 0.000, 20.480 ) ( 0.220, 20.772 )


VIAENCLOSURE: ( Enclosure ) Regular Wire of Net iA[16]  ( V3 )
Bounds : ( 1.260, 22.236 ) ( 1.332, 22.332 )


WIDTH: ( WidthTable ) Regular Wire of Net iA[20]  ( M3 )
Bounds : ( 0.000, 17.096 ) ( 0.220, 17.460 )


WIDTH: ( WidthTable ) Regular Wire of Net iA[19]  ( M3 )
Bounds : ( 0.000, 18.396 ) ( 0.220, 19.264 )


WIDTH: ( WidthTable ) Regular Wire of Net iA[18]  ( M3 )
Bounds : ( 0.000, 19.400 ) ( 0.220, 19.620 )


WIDTH: ( WidthTable ) Regular Wire of Net iA[17]  ( M3 )
Bounds : ( 0.000, 20.480 ) ( 0.220, 20.772 )


WIDTH: ( WidthTable ) Regular Wire of Net iA[16]  ( M3 )
Bounds : ( 0.000, 21.852 ) ( 0.220, 22.072 )


OFFGRID: ( Off Grid or Wrong Way ) Regular Wire of Net iA[24]  ( M3 )
Bounds : ( 0.000, 12.924 ) ( 0.220, 13.252 )


OFFGRID: ( Off Grid or Wrong Way ) Regular Wire of Net iA[25]  ( M3 )
Bounds : ( 0.000, 11.408 ) ( 0.220, 11.844 )


OFFGRID: ( Off Grid or Wrong Way ) Regular Wire of Net iA[22]  ( M3 )
Bounds : ( 0.000, 15.084 ) ( 0.220, 15.412 )


OFFGRID: ( Off Grid or Wrong Way ) Regular Wire of Net iA[21]  ( M3 )
Bounds : ( 0.000, 15.872 ) ( 0.220, 16.308 )


VIAENCLOSURE: ( Enclosure ) Regular Wire of Net iA[22]  ( V3 )
Bounds : ( 3.420, 15.900 ) ( 3.492, 15.996 )


VIAENCLOSURE: ( Enclosure ) Regular Wire of Net iA[24]  ( V3 )
Bounds : ( 8.604, 11.868 ) ( 8.676, 11.964 )


WIDTH: ( WidthTable ) Regular Wire of Net iA[25]  ( M3 )
Bounds : ( 0.000, 11.408 ) ( 0.220, 11.844 )


WIDTH: ( WidthTable ) Regular Wire of Net iA[24]  ( M3 )
Bounds : ( 0.000, 12.924 ) ( 0.220, 13.252 )


WIDTH: ( WidthTable ) Regular Wire of Net iA[23]  ( M3 )
Bounds : ( 0.000, 13.932 ) ( 0.220, 14.152 )


WIDTH: ( WidthTable ) Regular Wire of Net iA[22]  ( M3 )
Bounds : ( 0.000, 15.084 ) ( 0.220, 15.412 )


WIDTH: ( WidthTable ) Regular Wire of Net iA[21]  ( M3 )
Bounds : ( 0.000, 15.872 ) ( 0.220, 16.308 )


OFFGRID: ( Off Grid or Wrong Way ) Regular Wire of Net iA[31]  ( M3 )
Bounds : ( 0.000, 4.784 ) ( 0.220, 5.076 )


OFFGRID: ( Off Grid or Wrong Way ) Regular Wire of Net iA[29]  ( M3 )
Bounds : ( 0.000, 7.308 ) ( 0.220, 7.672 )


OFFGRID: ( Off Grid or Wrong Way ) Regular Wire of Net iA[28]  ( M3 )
Bounds : ( 0.000, 8.168 ) ( 0.220, 8.532 )


OFFGRID: ( Off Grid or Wrong Way ) Regular Wire of Net iA[27]  ( M3 )
Bounds : ( 0.000, 9.468 ) ( 0.220, 9.832 )


OFFGRID: ( Off Grid or Wrong Way ) Regular Wire of Net iA[26]  ( M3 )
Bounds : ( 0.000, 10.328 ) ( 0.220, 10.692 )


WIDTH: ( WidthTable ) Regular Wire of Net iA[31]  ( M3 )
Bounds : ( 0.000, 4.784 ) ( 0.220, 5.076 )


WIDTH: ( WidthTable ) Regular Wire of Net iA[30]  ( M3 )
Bounds : ( 0.000, 6.008 ) ( 0.220, 6.228 )


WIDTH: ( WidthTable ) Regular Wire of Net iA[29]  ( M3 )
Bounds : ( 0.000, 7.308 ) ( 0.220, 7.672 )


WIDTH: ( WidthTable ) Regular Wire of Net iA[28]  ( M3 )
Bounds : ( 0.000, 8.168 ) ( 0.220, 8.532 )


WIDTH: ( WidthTable ) Regular Wire of Net iA[27]  ( M3 )
Bounds : ( 0.000, 9.468 ) ( 0.220, 9.832 )


WIDTH: ( WidthTable ) Regular Wire of Net iA[26]  ( M3 )
Bounds : ( 0.000, 10.328 ) ( 0.220, 10.692 )


Geometric: ( Rect Only ) Regular Wire of Net iClk  ( M4 )
Bounds : ( 23.232, 0.036 ) ( 23.328, 0.084 )


WIDTH: ( WidthTable ) Regular Wire of Net iClk  ( M4 )
Bounds : ( 23.136, 0.000 ) ( 23.280, 0.372 )


WIDTH: ( WidthTable ) Regular Wire of Net iClk  ( M4 )
Bounds : ( 23.136, 0.036 ) ( 24.792, 0.372 )


OFFGRID: ( Off Grid or Wrong Way ) Regular Wire of Net iA[15]  ( M3 )
Bounds : ( 0.000, 22.860 ) ( 0.220, 23.296 )


OFFGRID: ( Off Grid or Wrong Way ) Regular Wire of Net iB[15]  ( M3 )
Bounds : ( 46.292, 22.860 ) ( 46.512, 23.296 )


WIDTH: ( WidthTable ) Regular Wire of Net iA[15]  ( M3 )
Bounds : ( 0.000, 22.860 ) ( 0.220, 23.296 )


WIDTH: ( WidthTable ) Regular Wire of Net iB[15]  ( M3 )
Bounds : ( 46.292, 22.860 ) ( 46.512, 23.296 )


  Total Violations : 227 Viols.
